Archive member included because of file (symbol)

/Users/stevenparker/toolchains/gcc-arm-none-eabi-4_7-2013q2/bin/../lib/gcc/arm-none-eabi/4.7.4/../../../../arm-none-eabi/lib/armv6-m/libc.a(lib_a-__atexit.o)
                              /Users/stevenparker/toolchains/gcc-arm-none-eabi-4_7-2013q2/bin/../lib/gcc/arm-none-eabi/4.7.4/../../../../arm-none-eabi/lib/armv6-m/crt0.o (__register_exitproc)
/Users/stevenparker/toolchains/gcc-arm-none-eabi-4_7-2013q2/bin/../lib/gcc/arm-none-eabi/4.7.4/../../../../arm-none-eabi/lib/armv6-m/libc.a(lib_a-exit.o)
                              /Users/stevenparker/toolchains/gcc-arm-none-eabi-4_7-2013q2/bin/../lib/gcc/arm-none-eabi/4.7.4/../../../../arm-none-eabi/lib/armv6-m/crt0.o (exit)
/Users/stevenparker/toolchains/gcc-arm-none-eabi-4_7-2013q2/bin/../lib/gcc/arm-none-eabi/4.7.4/../../../../arm-none-eabi/lib/armv6-m/libc.a(lib_a-fini.o)
                              /Users/stevenparker/toolchains/gcc-arm-none-eabi-4_7-2013q2/bin/../lib/gcc/arm-none-eabi/4.7.4/../../../../arm-none-eabi/lib/armv6-m/crt0.o (__libc_fini_array)
/Users/stevenparker/toolchains/gcc-arm-none-eabi-4_7-2013q2/bin/../lib/gcc/arm-none-eabi/4.7.4/../../../../arm-none-eabi/lib/armv6-m/libc.a(lib_a-impure.o)
                              /Users/stevenparker/toolchains/gcc-arm-none-eabi-4_7-2013q2/bin/../lib/gcc/arm-none-eabi/4.7.4/../../../../arm-none-eabi/lib/armv6-m/libc.a(lib_a-__atexit.o) (_global_impure_ptr)
/Users/stevenparker/toolchains/gcc-arm-none-eabi-4_7-2013q2/bin/../lib/gcc/arm-none-eabi/4.7.4/../../../../arm-none-eabi/lib/armv6-m/libc.a(lib_a-init.o)
                              /Users/stevenparker/toolchains/gcc-arm-none-eabi-4_7-2013q2/bin/../lib/gcc/arm-none-eabi/4.7.4/../../../../arm-none-eabi/lib/armv6-m/crt0.o (__libc_init_array)
/Users/stevenparker/toolchains/gcc-arm-none-eabi-4_7-2013q2/bin/../lib/gcc/arm-none-eabi/4.7.4/../../../../arm-none-eabi/lib/armv6-m/libc.a(lib_a-memset.o)
                              /Users/stevenparker/toolchains/gcc-arm-none-eabi-4_7-2013q2/bin/../lib/gcc/arm-none-eabi/4.7.4/../../../../arm-none-eabi/lib/armv6-m/crt0.o (memset)
/Users/stevenparker/toolchains/gcc-arm-none-eabi-4_7-2013q2/bin/../lib/gcc/arm-none-eabi/4.7.4/../../../../arm-none-eabi/lib/armv6-m/libc.a(lib_a-__call_atexit.o)
                              /Users/stevenparker/toolchains/gcc-arm-none-eabi-4_7-2013q2/bin/../lib/gcc/arm-none-eabi/4.7.4/../../../../arm-none-eabi/lib/armv6-m/libc.a(lib_a-exit.o) (__call_exitprocs)
/Users/stevenparker/toolchains/gcc-arm-none-eabi-4_7-2013q2/bin/../lib/gcc/arm-none-eabi/4.7.4/../../../../arm-none-eabi/lib/armv6-m/libc.a(lib_a-atexit.o)
                              /Users/stevenparker/toolchains/gcc-arm-none-eabi-4_7-2013q2/bin/../lib/gcc/arm-none-eabi/4.7.4/../../../../arm-none-eabi/lib/armv6-m/libc.a(lib_a-__call_atexit.o) (atexit)
/Users/stevenparker/toolchains/gcc-arm-none-eabi-4_7-2013q2/bin/../lib/gcc/arm-none-eabi/4.7.4/../../../../arm-none-eabi/lib/armv6-m/libnosys.a(_exit.o)
                              /Users/stevenparker/toolchains/gcc-arm-none-eabi-4_7-2013q2/bin/../lib/gcc/arm-none-eabi/4.7.4/../../../../arm-none-eabi/lib/armv6-m/libc.a(lib_a-exit.o) (_exit)
/Users/stevenparker/toolchains/gcc-arm-none-eabi-4_7-2013q2/bin/../lib/gcc/arm-none-eabi/4.7.4/armv6-m/libgcc.a(_thumb1_case_uqi.o)
                              out/HardwareSerial.o (__gnu_thumb1_case_uqi)
/Users/stevenparker/toolchains/gcc-arm-none-eabi-4_7-2013q2/bin/../lib/gcc/arm-none-eabi/4.7.4/armv6-m/libgcc.a(_udivsi3.o)
                              out/printf.o (__aeabi_uidiv)
/Users/stevenparker/toolchains/gcc-arm-none-eabi-4_7-2013q2/bin/../lib/gcc/arm-none-eabi/4.7.4/armv6-m/libgcc.a(_dvmd_tls.o)
                              /Users/stevenparker/toolchains/gcc-arm-none-eabi-4_7-2013q2/bin/../lib/gcc/arm-none-eabi/4.7.4/armv6-m/libgcc.a(_udivsi3.o) (__aeabi_idiv0)

Discarded input sections

 .text          0x0000000000000000        0x0 /Users/stevenparker/toolchains/gcc-arm-none-eabi-4_7-2013q2/bin/../lib/gcc/arm-none-eabi/4.7.4/armv6-m/crti.o
 .data          0x0000000000000000        0x0 /Users/stevenparker/toolchains/gcc-arm-none-eabi-4_7-2013q2/bin/../lib/gcc/arm-none-eabi/4.7.4/armv6-m/crti.o
 .bss           0x0000000000000000        0x0 /Users/stevenparker/toolchains/gcc-arm-none-eabi-4_7-2013q2/bin/../lib/gcc/arm-none-eabi/4.7.4/armv6-m/crti.o
 .data          0x0000000000000000        0x4 /Users/stevenparker/toolchains/gcc-arm-none-eabi-4_7-2013q2/bin/../lib/gcc/arm-none-eabi/4.7.4/armv6-m/crtbegin.o
 .text          0x0000000000000000       0x74 /Users/stevenparker/toolchains/gcc-arm-none-eabi-4_7-2013q2/bin/../lib/gcc/arm-none-eabi/4.7.4/../../../../arm-none-eabi/lib/armv6-m/crt0.o
 .data          0x0000000000000000        0x0 /Users/stevenparker/toolchains/gcc-arm-none-eabi-4_7-2013q2/bin/../lib/gcc/arm-none-eabi/4.7.4/../../../../arm-none-eabi/lib/armv6-m/crt0.o
 .bss           0x0000000000000000        0x0 /Users/stevenparker/toolchains/gcc-arm-none-eabi-4_7-2013q2/bin/../lib/gcc/arm-none-eabi/4.7.4/../../../../arm-none-eabi/lib/armv6-m/crt0.o
 .ARM.extab     0x0000000000000000        0x0 /Users/stevenparker/toolchains/gcc-arm-none-eabi-4_7-2013q2/bin/../lib/gcc/arm-none-eabi/4.7.4/../../../../arm-none-eabi/lib/armv6-m/crt0.o
 .ARM.exidx     0x0000000000000000        0x8 /Users/stevenparker/toolchains/gcc-arm-none-eabi-4_7-2013q2/bin/../lib/gcc/arm-none-eabi/4.7.4/../../../../arm-none-eabi/lib/armv6-m/crt0.o
 .group         0x0000000000000000        0x8 out/lpc1114.o
 .text          0x0000000000000000        0x0 out/lpc1114.o
 .data          0x0000000000000000        0x0 out/lpc1114.o
 .bss           0x0000000000000000        0x0 out/lpc1114.o
 .text.__cxa_pure_virtual
                0x0000000000000000        0x2 out/lpc1114.o
 .group         0x0000000000000000        0x8 out/wiring_digital.o
 .group         0x0000000000000000        0x8 out/wiring_digital.o
 .group         0x0000000000000000        0x8 out/wiring_digital.o
 .group         0x0000000000000000        0x8 out/wiring_digital.o
 .group         0x0000000000000000        0x8 out/wiring_digital.o
 .group         0x0000000000000000        0x8 out/wiring_digital.o
 .group         0x0000000000000000        0x8 out/wiring_digital.o
 .group         0x0000000000000000        0x8 out/wiring_digital.o
 .group         0x0000000000000000        0x8 out/wiring_digital.o
 .group         0x0000000000000000        0x8 out/wiring_digital.o
 .group         0x0000000000000000        0x8 out/wiring_digital.o
 .group         0x0000000000000000        0x8 out/wiring_digital.o
 .group         0x0000000000000000        0x8 out/wiring_digital.o
 .group         0x0000000000000000        0x8 out/wiring_digital.o
 .group         0x0000000000000000        0x8 out/wiring_digital.o
 .group         0x0000000000000000        0x8 out/wiring_digital.o
 .group         0x0000000000000000        0x8 out/wiring_digital.o
 .group         0x0000000000000000        0x8 out/wiring_digital.o
 .group         0x0000000000000000        0x8 out/wiring_digital.o
 .group         0x0000000000000000        0x8 out/wiring_digital.o
 .group         0x0000000000000000        0x8 out/wiring_digital.o
 .group         0x0000000000000000        0x8 out/wiring_digital.o
 .group         0x0000000000000000        0x8 out/wiring_digital.o
 .group         0x0000000000000000        0x8 out/wiring_digital.o
 .group         0x0000000000000000        0x8 out/wiring_digital.o
 .group         0x0000000000000000        0x8 out/wiring_digital.o
 .group         0x0000000000000000        0x8 out/wiring_digital.o
 .text          0x0000000000000000        0x0 out/wiring_digital.o
 .data          0x0000000000000000        0x0 out/wiring_digital.o
 .bss           0x0000000000000000        0x0 out/wiring_digital.o
 .text._Z7pinModehh
                0x0000000000000000       0x5c out/wiring_digital.o
 .text._Z12digitalWritehh
                0x0000000000000000       0x38 out/wiring_digital.o
 .text._Z11digitalReadh
                0x0000000000000000       0x2c out/wiring_digital.o
 .rodata._ZL17port_to_input_PGM
                0x0000000000000000       0x14 out/wiring_digital.o
 .rodata._ZL18port_to_output_PGM
                0x0000000000000000       0x14 out/wiring_digital.o
 .rodata._ZL27digital_pin_to_bit_mask_PGM
                0x0000000000000000       0x28 out/wiring_digital.o
 .rodata._ZL23digital_pin_to_port_PGM
                0x0000000000000000       0x14 out/wiring_digital.o
 .rodata._ZL16port_to_mode_PGM
                0x0000000000000000       0x14 out/wiring_digital.o
 .debug_macro   0x0000000000000000      0x7f6 out/wiring_digital.o
 .group         0x0000000000000000        0x8 out/printf.o
 .group         0x0000000000000000        0x8 out/printf.o
 .group         0x0000000000000000        0x8 out/printf.o
 .text          0x0000000000000000        0x0 out/printf.o
 .data          0x0000000000000000        0x0 out/printf.o
 .bss           0x0000000000000000        0x0 out/printf.o
 .text._ZL4ui2ajjiPc
                0x0000000000000000       0x7c out/printf.o
 .text._ZL6putchwPvPFvS_cEicPc
                0x0000000000000000       0x46 out/printf.o
 .text._ZL5putcpPvc
                0x0000000000000000        0xa out/printf.o
 .text._Z10tfp_formatPvPFvS_cEPcSt9__va_list
                0x0000000000000000      0x112 out/printf.o
 .text._Z11init_printfPvPFvS_cE
                0x0000000000000000       0x14 out/printf.o
 .text._Z10tfp_printfPcz
                0x0000000000000000       0x28 out/printf.o
 .text._Z11tfp_sprintfPcS_z
                0x0000000000000000       0x28 out/printf.o
 .bss._ZL11stdout_putp
                0x0000000000000000        0x4 out/printf.o
 .bss._ZL11stdout_putf
                0x0000000000000000        0x4 out/printf.o
 .debug_macro   0x0000000000000000      0x7f6 out/printf.o
 .debug_macro   0x0000000000000000       0x10 out/printf.o
 .group         0x0000000000000000        0x8 out/wiring.o
 .group         0x0000000000000000        0x8 out/wiring.o
 .group         0x0000000000000000        0x8 out/wiring.o
 .group         0x0000000000000000        0x8 out/wiring.o
 .group         0x0000000000000000        0x8 out/wiring.o
 .group         0x0000000000000000        0x8 out/wiring.o
 .group         0x0000000000000000        0x8 out/wiring.o
 .group         0x0000000000000000        0x8 out/wiring.o
 .group         0x0000000000000000        0x8 out/wiring.o
 .group         0x0000000000000000        0x8 out/wiring.o
 .group         0x0000000000000000        0x8 out/wiring.o
 .group         0x0000000000000000        0x8 out/wiring.o
 .group         0x0000000000000000        0x8 out/wiring.o
 .group         0x0000000000000000        0x8 out/wiring.o
 .group         0x0000000000000000        0x8 out/wiring.o
 .group         0x0000000000000000        0x8 out/wiring.o
 .group         0x0000000000000000        0x8 out/wiring.o
 .group         0x0000000000000000        0x8 out/wiring.o
 .group         0x0000000000000000        0x8 out/wiring.o
 .group         0x0000000000000000        0x8 out/wiring.o
 .group         0x0000000000000000        0x8 out/wiring.o
 .group         0x0000000000000000        0x8 out/wiring.o
 .group         0x0000000000000000        0x8 out/wiring.o
 .group         0x0000000000000000        0x8 out/wiring.o
 .group         0x0000000000000000        0x8 out/wiring.o
 .group         0x0000000000000000        0x8 out/wiring.o
 .text          0x0000000000000000        0x0 out/wiring.o
 .data          0x0000000000000000        0x0 out/wiring.o
 .bss           0x0000000000000000        0x0 out/wiring.o
 .text._Z6millisv
                0x0000000000000000       0x10 out/wiring.o
 .text._Z6microsv
                0x0000000000000000       0x34 out/wiring.o
 .text._Z5delaym
                0x0000000000000000       0x2c out/wiring.o
 .text._Z17delayMicrosecondsj
                0x0000000000000000       0x18 out/wiring.o
 .debug_macro   0x0000000000000000      0x7f6 out/wiring.o
 .debug_macro   0x0000000000000000       0x3a out/wiring.o
 .debug_macro   0x0000000000000000       0x10 out/wiring.o
 .debug_macro   0x0000000000000000       0x2e out/wiring.o
 .debug_macro   0x0000000000000000       0xa2 out/wiring.o
 .debug_macro   0x0000000000000000       0x10 out/wiring.o
 .debug_macro   0x0000000000000000       0x89 out/wiring.o
 .debug_macro   0x0000000000000000       0x10 out/wiring.o
 .debug_macro   0x0000000000000000       0x3a out/wiring.o
 .debug_macro   0x0000000000000000       0x52 out/wiring.o
 .debug_macro   0x0000000000000000       0x19 out/wiring.o
 .debug_macro   0x0000000000000000      0x16d out/wiring.o
 .debug_macro   0x0000000000000000       0x10 out/wiring.o
 .debug_macro   0x0000000000000000       0xf5 out/wiring.o
 .debug_macro   0x0000000000000000       0x22 out/wiring.o
 .debug_macro   0x0000000000000000       0x91 out/wiring.o
 .debug_macro   0x0000000000000000       0x16 out/wiring.o
 .debug_macro   0x0000000000000000      0x16d out/wiring.o
 .debug_macro   0x0000000000000000      0x214 out/wiring.o
 .debug_macro   0x0000000000000000      0x124 out/wiring.o
 .debug_macro   0x0000000000000000       0x10 out/wiring.o
 .debug_macro   0x0000000000000000       0x35 out/wiring.o
 .debug_macro   0x0000000000000000      0x447 out/wiring.o
 .debug_macro   0x0000000000000000       0x52 out/wiring.o
 .debug_macro   0x0000000000000000       0x10 out/wiring.o
 .debug_macro   0x0000000000000000      0x1e4 out/wiring.o
 .group         0x0000000000000000        0x8 out/HardwareSerial.o
 .group         0x0000000000000000        0x8 out/HardwareSerial.o
 .group         0x0000000000000000        0x8 out/HardwareSerial.o
 .group         0x0000000000000000        0x8 out/HardwareSerial.o
 .group         0x0000000000000000        0x8 out/HardwareSerial.o
 .group         0x0000000000000000        0x8 out/HardwareSerial.o
 .group         0x0000000000000000        0x8 out/HardwareSerial.o
 .group         0x0000000000000000        0x8 out/HardwareSerial.o
 .group         0x0000000000000000        0x8 out/HardwareSerial.o
 .group         0x0000000000000000        0x8 out/HardwareSerial.o
 .group         0x0000000000000000        0x8 out/HardwareSerial.o
 .group         0x0000000000000000        0x8 out/HardwareSerial.o
 .group         0x0000000000000000        0x8 out/HardwareSerial.o
 .group         0x0000000000000000        0x8 out/HardwareSerial.o
 .group         0x0000000000000000        0x8 out/HardwareSerial.o
 .group         0x0000000000000000        0x8 out/HardwareSerial.o
 .group         0x0000000000000000        0x8 out/HardwareSerial.o
 .group         0x0000000000000000        0x8 out/HardwareSerial.o
 .group         0x0000000000000000        0x8 out/HardwareSerial.o
 .group         0x0000000000000000        0x8 out/HardwareSerial.o
 .group         0x0000000000000000        0x8 out/HardwareSerial.o
 .group         0x0000000000000000        0x8 out/HardwareSerial.o
 .group         0x0000000000000000        0x8 out/HardwareSerial.o
 .group         0x0000000000000000        0x8 out/HardwareSerial.o
 .group         0x0000000000000000        0x8 out/HardwareSerial.o
 .group         0x0000000000000000        0x8 out/HardwareSerial.o
 .group         0x0000000000000000        0x8 out/HardwareSerial.o
 .group         0x0000000000000000        0x8 out/HardwareSerial.o
 .group         0x0000000000000000        0x8 out/HardwareSerial.o
 .group         0x0000000000000000        0x8 out/HardwareSerial.o
 .group         0x0000000000000000        0x8 out/HardwareSerial.o
 .group         0x0000000000000000        0x8 out/HardwareSerial.o
 .text          0x0000000000000000        0x0 out/HardwareSerial.o
 .data          0x0000000000000000        0x0 out/HardwareSerial.o
 .bss           0x0000000000000000        0x0 out/HardwareSerial.o
 .text._ZN14HardwareSerialC2Ev
                0x0000000000000000        0x2 out/HardwareSerial.o
 .text._ZN14HardwareSerial5beginEm
                0x0000000000000000       0xb0 out/HardwareSerial.o
 .text._ZN14HardwareSerial3endEv
                0x0000000000000000        0x2 out/HardwareSerial.o
 .text._ZN14HardwareSerial9availableEv
                0x0000000000000000       0x18 out/HardwareSerial.o
 .text._ZN14HardwareSerial4peekEv
                0x0000000000000000       0x24 out/HardwareSerial.o
 .text._ZN14HardwareSerial4readEv
                0x0000000000000000       0x2c out/HardwareSerial.o
 .text._ZN14HardwareSerial5flushEv
                0x0000000000000000        0x2 out/HardwareSerial.o
 .text._ZN14HardwareSerial5writeEh
                0x0000000000000000       0x64 out/HardwareSerial.o
 .text._ZN14HardwareSerial5writeEPc
                0x0000000000000000       0x1a out/HardwareSerial.o
 .text._ZN14HardwareSerialcvbEv
                0x0000000000000000        0x4 out/HardwareSerial.o
 .debug_macro   0x0000000000000000      0x7f6 out/HardwareSerial.o
 .debug_macro   0x0000000000000000       0x3a out/HardwareSerial.o
 .debug_macro   0x0000000000000000       0x10 out/HardwareSerial.o
 .debug_macro   0x0000000000000000       0x2e out/HardwareSerial.o
 .debug_macro   0x0000000000000000       0xa2 out/HardwareSerial.o
 .debug_macro   0x0000000000000000       0x3a out/HardwareSerial.o
 .debug_macro   0x0000000000000000       0x52 out/HardwareSerial.o
 .debug_macro   0x0000000000000000       0x19 out/HardwareSerial.o
 .debug_macro   0x0000000000000000      0x16d out/HardwareSerial.o
 .debug_macro   0x0000000000000000       0x10 out/HardwareSerial.o
 .debug_macro   0x0000000000000000       0x10 out/HardwareSerial.o
 .debug_macro   0x0000000000000000       0x22 out/HardwareSerial.o
 .debug_macro   0x0000000000000000       0x91 out/HardwareSerial.o
 .debug_macro   0x0000000000000000       0x16 out/HardwareSerial.o
 .debug_macro   0x0000000000000000      0x16d out/HardwareSerial.o
 .debug_macro   0x0000000000000000       0x35 out/HardwareSerial.o
 .debug_macro   0x0000000000000000      0x214 out/HardwareSerial.o
 .debug_macro   0x0000000000000000      0x447 out/HardwareSerial.o
 .debug_macro   0x0000000000000000      0x124 out/HardwareSerial.o
 .debug_macro   0x0000000000000000       0x52 out/HardwareSerial.o
 .debug_macro   0x0000000000000000       0x10 out/HardwareSerial.o
 .debug_macro   0x0000000000000000      0x1e4 out/HardwareSerial.o
 .group         0x0000000000000000        0x8 out/main.o
 .group         0x0000000000000000        0x8 out/main.o
 .group         0x0000000000000000        0x8 out/main.o
 .group         0x0000000000000000        0x8 out/main.o
 .group         0x0000000000000000        0x8 out/main.o
 .group         0x0000000000000000        0x8 out/main.o
 .group         0x0000000000000000        0x8 out/main.o
 .group         0x0000000000000000        0x8 out/main.o
 .group         0x0000000000000000        0x8 out/main.o
 .group         0x0000000000000000        0x8 out/main.o
 .group         0x0000000000000000        0x8 out/main.o
 .group         0x0000000000000000        0x8 out/main.o
 .group         0x0000000000000000        0x8 out/main.o
 .group         0x0000000000000000        0x8 out/main.o
 .group         0x0000000000000000        0x8 out/main.o
 .group         0x0000000000000000        0x8 out/main.o
 .group         0x0000000000000000        0x8 out/main.o
 .group         0x0000000000000000        0x8 out/main.o
 .group         0x0000000000000000        0x8 out/main.o
 .group         0x0000000000000000        0x8 out/main.o
 .group         0x0000000000000000        0x8 out/main.o
 .group         0x0000000000000000        0x8 out/main.o
 .group         0x0000000000000000        0x8 out/main.o
 .group         0x0000000000000000        0x8 out/main.o
 .group         0x0000000000000000        0x8 out/main.o
 .group         0x0000000000000000        0x8 out/main.o
 .text          0x0000000000000000        0x0 out/main.o
 .data          0x0000000000000000        0x0 out/main.o
 .bss           0x0000000000000000        0x0 out/main.o
 .debug_macro   0x0000000000000000      0x7f6 out/main.o
 .debug_macro   0x0000000000000000       0x3a out/main.o
 .debug_macro   0x0000000000000000       0x10 out/main.o
 .debug_macro   0x0000000000000000       0x2e out/main.o
 .debug_macro   0x0000000000000000       0xa2 out/main.o
 .debug_macro   0x0000000000000000       0x10 out/main.o
 .debug_macro   0x0000000000000000       0x89 out/main.o
 .debug_macro   0x0000000000000000       0x10 out/main.o
 .debug_macro   0x0000000000000000       0x3a out/main.o
 .debug_macro   0x0000000000000000       0x52 out/main.o
 .debug_macro   0x0000000000000000       0x19 out/main.o
 .debug_macro   0x0000000000000000      0x16d out/main.o
 .debug_macro   0x0000000000000000       0x10 out/main.o
 .debug_macro   0x0000000000000000       0xf5 out/main.o
 .debug_macro   0x0000000000000000       0x22 out/main.o
 .debug_macro   0x0000000000000000       0x91 out/main.o
 .debug_macro   0x0000000000000000       0x16 out/main.o
 .debug_macro   0x0000000000000000      0x16d out/main.o
 .debug_macro   0x0000000000000000      0x214 out/main.o
 .debug_macro   0x0000000000000000      0x124 out/main.o
 .debug_macro   0x0000000000000000       0x10 out/main.o
 .debug_macro   0x0000000000000000       0x35 out/main.o
 .debug_macro   0x0000000000000000      0x447 out/main.o
 .debug_macro   0x0000000000000000       0x52 out/main.o
 .debug_macro   0x0000000000000000       0x10 out/main.o
 .debug_macro   0x0000000000000000      0x1e4 out/main.o
 .text          0x0000000000000000        0x0 /Users/stevenparker/toolchains/gcc-arm-none-eabi-4_7-2013q2/bin/../lib/gcc/arm-none-eabi/4.7.4/../../../../arm-none-eabi/lib/armv6-m/libc.a(lib_a-__atexit.o)
 .data          0x0000000000000000        0x0 /Users/stevenparker/toolchains/gcc-arm-none-eabi-4_7-2013q2/bin/../lib/gcc/arm-none-eabi/4.7.4/../../../../arm-none-eabi/lib/armv6-m/libc.a(lib_a-__atexit.o)
 .bss           0x0000000000000000        0x0 /Users/stevenparker/toolchains/gcc-arm-none-eabi-4_7-2013q2/bin/../lib/gcc/arm-none-eabi/4.7.4/../../../../arm-none-eabi/lib/armv6-m/libc.a(lib_a-__atexit.o)
 .text          0x0000000000000000        0x0 /Users/stevenparker/toolchains/gcc-arm-none-eabi-4_7-2013q2/bin/../lib/gcc/arm-none-eabi/4.7.4/../../../../arm-none-eabi/lib/armv6-m/libc.a(lib_a-exit.o)
 .data          0x0000000000000000        0x0 /Users/stevenparker/toolchains/gcc-arm-none-eabi-4_7-2013q2/bin/../lib/gcc/arm-none-eabi/4.7.4/../../../../arm-none-eabi/lib/armv6-m/libc.a(lib_a-exit.o)
 .bss           0x0000000000000000        0x0 /Users/stevenparker/toolchains/gcc-arm-none-eabi-4_7-2013q2/bin/../lib/gcc/arm-none-eabi/4.7.4/../../../../arm-none-eabi/lib/armv6-m/libc.a(lib_a-exit.o)
 .text.exit     0x0000000000000000       0x20 /Users/stevenparker/toolchains/gcc-arm-none-eabi-4_7-2013q2/bin/../lib/gcc/arm-none-eabi/4.7.4/../../../../arm-none-eabi/lib/armv6-m/libc.a(lib_a-exit.o)
 .text          0x0000000000000000        0x0 /Users/stevenparker/toolchains/gcc-arm-none-eabi-4_7-2013q2/bin/../lib/gcc/arm-none-eabi/4.7.4/../../../../arm-none-eabi/lib/armv6-m/libc.a(lib_a-fini.o)
 .data          0x0000000000000000        0x0 /Users/stevenparker/toolchains/gcc-arm-none-eabi-4_7-2013q2/bin/../lib/gcc/arm-none-eabi/4.7.4/../../../../arm-none-eabi/lib/armv6-m/libc.a(lib_a-fini.o)
 .bss           0x0000000000000000        0x0 /Users/stevenparker/toolchains/gcc-arm-none-eabi-4_7-2013q2/bin/../lib/gcc/arm-none-eabi/4.7.4/../../../../arm-none-eabi/lib/armv6-m/libc.a(lib_a-fini.o)
 .text          0x0000000000000000        0x0 /Users/stevenparker/toolchains/gcc-arm-none-eabi-4_7-2013q2/bin/../lib/gcc/arm-none-eabi/4.7.4/../../../../arm-none-eabi/lib/armv6-m/libc.a(lib_a-impure.o)
 .data          0x0000000000000000        0x0 /Users/stevenparker/toolchains/gcc-arm-none-eabi-4_7-2013q2/bin/../lib/gcc/arm-none-eabi/4.7.4/../../../../arm-none-eabi/lib/armv6-m/libc.a(lib_a-impure.o)
 .bss           0x0000000000000000        0x0 /Users/stevenparker/toolchains/gcc-arm-none-eabi-4_7-2013q2/bin/../lib/gcc/arm-none-eabi/4.7.4/../../../../arm-none-eabi/lib/armv6-m/libc.a(lib_a-impure.o)
 .data._impure_ptr
                0x0000000000000000        0x4 /Users/stevenparker/toolchains/gcc-arm-none-eabi-4_7-2013q2/bin/../lib/gcc/arm-none-eabi/4.7.4/../../../../arm-none-eabi/lib/armv6-m/libc.a(lib_a-impure.o)
 .text          0x0000000000000000        0x0 /Users/stevenparker/toolchains/gcc-arm-none-eabi-4_7-2013q2/bin/../lib/gcc/arm-none-eabi/4.7.4/../../../../arm-none-eabi/lib/armv6-m/libc.a(lib_a-init.o)
 .data          0x0000000000000000        0x0 /Users/stevenparker/toolchains/gcc-arm-none-eabi-4_7-2013q2/bin/../lib/gcc/arm-none-eabi/4.7.4/../../../../arm-none-eabi/lib/armv6-m/libc.a(lib_a-init.o)
 .bss           0x0000000000000000        0x0 /Users/stevenparker/toolchains/gcc-arm-none-eabi-4_7-2013q2/bin/../lib/gcc/arm-none-eabi/4.7.4/../../../../arm-none-eabi/lib/armv6-m/libc.a(lib_a-init.o)
 .text.__libc_init_array
                0x0000000000000000       0x90 /Users/stevenparker/toolchains/gcc-arm-none-eabi-4_7-2013q2/bin/../lib/gcc/arm-none-eabi/4.7.4/../../../../arm-none-eabi/lib/armv6-m/libc.a(lib_a-init.o)
 .text          0x0000000000000000        0x0 /Users/stevenparker/toolchains/gcc-arm-none-eabi-4_7-2013q2/bin/../lib/gcc/arm-none-eabi/4.7.4/../../../../arm-none-eabi/lib/armv6-m/libc.a(lib_a-memset.o)
 .data          0x0000000000000000        0x0 /Users/stevenparker/toolchains/gcc-arm-none-eabi-4_7-2013q2/bin/../lib/gcc/arm-none-eabi/4.7.4/../../../../arm-none-eabi/lib/armv6-m/libc.a(lib_a-memset.o)
 .bss           0x0000000000000000        0x0 /Users/stevenparker/toolchains/gcc-arm-none-eabi-4_7-2013q2/bin/../lib/gcc/arm-none-eabi/4.7.4/../../../../arm-none-eabi/lib/armv6-m/libc.a(lib_a-memset.o)
 .text.memset   0x0000000000000000      0x118 /Users/stevenparker/toolchains/gcc-arm-none-eabi-4_7-2013q2/bin/../lib/gcc/arm-none-eabi/4.7.4/../../../../arm-none-eabi/lib/armv6-m/libc.a(lib_a-memset.o)
 .text          0x0000000000000000        0x0 /Users/stevenparker/toolchains/gcc-arm-none-eabi-4_7-2013q2/bin/../lib/gcc/arm-none-eabi/4.7.4/../../../../arm-none-eabi/lib/armv6-m/libc.a(lib_a-__call_atexit.o)
 .data          0x0000000000000000        0x0 /Users/stevenparker/toolchains/gcc-arm-none-eabi-4_7-2013q2/bin/../lib/gcc/arm-none-eabi/4.7.4/../../../../arm-none-eabi/lib/armv6-m/libc.a(lib_a-__call_atexit.o)
 .bss           0x0000000000000000        0x0 /Users/stevenparker/toolchains/gcc-arm-none-eabi-4_7-2013q2/bin/../lib/gcc/arm-none-eabi/4.7.4/../../../../arm-none-eabi/lib/armv6-m/libc.a(lib_a-__call_atexit.o)
 .text.__call_exitprocs
                0x0000000000000000      0x264 /Users/stevenparker/toolchains/gcc-arm-none-eabi-4_7-2013q2/bin/../lib/gcc/arm-none-eabi/4.7.4/../../../../arm-none-eabi/lib/armv6-m/libc.a(lib_a-__call_atexit.o)
 .text          0x0000000000000000        0x0 /Users/stevenparker/toolchains/gcc-arm-none-eabi-4_7-2013q2/bin/../lib/gcc/arm-none-eabi/4.7.4/../../../../arm-none-eabi/lib/armv6-m/libc.a(lib_a-atexit.o)
 .data          0x0000000000000000        0x0 /Users/stevenparker/toolchains/gcc-arm-none-eabi-4_7-2013q2/bin/../lib/gcc/arm-none-eabi/4.7.4/../../../../arm-none-eabi/lib/armv6-m/libc.a(lib_a-atexit.o)
 .bss           0x0000000000000000        0x0 /Users/stevenparker/toolchains/gcc-arm-none-eabi-4_7-2013q2/bin/../lib/gcc/arm-none-eabi/4.7.4/../../../../arm-none-eabi/lib/armv6-m/libc.a(lib_a-atexit.o)
 .text          0x0000000000000000        0x0 /Users/stevenparker/toolchains/gcc-arm-none-eabi-4_7-2013q2/bin/../lib/gcc/arm-none-eabi/4.7.4/../../../../arm-none-eabi/lib/armv6-m/libnosys.a(_exit.o)
 .data          0x0000000000000000        0x0 /Users/stevenparker/toolchains/gcc-arm-none-eabi-4_7-2013q2/bin/../lib/gcc/arm-none-eabi/4.7.4/../../../../arm-none-eabi/lib/armv6-m/libnosys.a(_exit.o)
 .bss           0x0000000000000000        0x0 /Users/stevenparker/toolchains/gcc-arm-none-eabi-4_7-2013q2/bin/../lib/gcc/arm-none-eabi/4.7.4/../../../../arm-none-eabi/lib/armv6-m/libnosys.a(_exit.o)
 .text._exit    0x0000000000000000        0x4 /Users/stevenparker/toolchains/gcc-arm-none-eabi-4_7-2013q2/bin/../lib/gcc/arm-none-eabi/4.7.4/../../../../arm-none-eabi/lib/armv6-m/libnosys.a(_exit.o)
 .data          0x0000000000000000        0x0 /Users/stevenparker/toolchains/gcc-arm-none-eabi-4_7-2013q2/bin/../lib/gcc/arm-none-eabi/4.7.4/armv6-m/libgcc.a(_thumb1_case_uqi.o)
 .bss           0x0000000000000000        0x0 /Users/stevenparker/toolchains/gcc-arm-none-eabi-4_7-2013q2/bin/../lib/gcc/arm-none-eabi/4.7.4/armv6-m/libgcc.a(_thumb1_case_uqi.o)
 .text          0x0000000000000000       0x9c /Users/stevenparker/toolchains/gcc-arm-none-eabi-4_7-2013q2/bin/../lib/gcc/arm-none-eabi/4.7.4/armv6-m/libgcc.a(_udivsi3.o)
 .data          0x0000000000000000        0x0 /Users/stevenparker/toolchains/gcc-arm-none-eabi-4_7-2013q2/bin/../lib/gcc/arm-none-eabi/4.7.4/armv6-m/libgcc.a(_udivsi3.o)
 .bss           0x0000000000000000        0x0 /Users/stevenparker/toolchains/gcc-arm-none-eabi-4_7-2013q2/bin/../lib/gcc/arm-none-eabi/4.7.4/armv6-m/libgcc.a(_udivsi3.o)
 .text          0x0000000000000000        0x4 /Users/stevenparker/toolchains/gcc-arm-none-eabi-4_7-2013q2/bin/../lib/gcc/arm-none-eabi/4.7.4/armv6-m/libgcc.a(_dvmd_tls.o)
 .data          0x0000000000000000        0x0 /Users/stevenparker/toolchains/gcc-arm-none-eabi-4_7-2013q2/bin/../lib/gcc/arm-none-eabi/4.7.4/armv6-m/libgcc.a(_dvmd_tls.o)
 .bss           0x0000000000000000        0x0 /Users/stevenparker/toolchains/gcc-arm-none-eabi-4_7-2013q2/bin/../lib/gcc/arm-none-eabi/4.7.4/armv6-m/libgcc.a(_dvmd_tls.o)
 .text          0x0000000000000000        0x0 /Users/stevenparker/toolchains/gcc-arm-none-eabi-4_7-2013q2/bin/../lib/gcc/arm-none-eabi/4.7.4/armv6-m/crtend.o
 .data          0x0000000000000000        0x0 /Users/stevenparker/toolchains/gcc-arm-none-eabi-4_7-2013q2/bin/../lib/gcc/arm-none-eabi/4.7.4/armv6-m/crtend.o
 .bss           0x0000000000000000        0x0 /Users/stevenparker/toolchains/gcc-arm-none-eabi-4_7-2013q2/bin/../lib/gcc/arm-none-eabi/4.7.4/armv6-m/crtend.o
 .eh_frame      0x0000000000000000        0x4 /Users/stevenparker/toolchains/gcc-arm-none-eabi-4_7-2013q2/bin/../lib/gcc/arm-none-eabi/4.7.4/armv6-m/crtend.o
 .jcr           0x0000000000000000        0x4 /Users/stevenparker/toolchains/gcc-arm-none-eabi-4_7-2013q2/bin/../lib/gcc/arm-none-eabi/4.7.4/armv6-m/crtend.o
 .text          0x0000000000000000        0x0 /Users/stevenparker/toolchains/gcc-arm-none-eabi-4_7-2013q2/bin/../lib/gcc/arm-none-eabi/4.7.4/armv6-m/crtn.o
 .data          0x0000000000000000        0x0 /Users/stevenparker/toolchains/gcc-arm-none-eabi-4_7-2013q2/bin/../lib/gcc/arm-none-eabi/4.7.4/armv6-m/crtn.o
 .bss           0x0000000000000000        0x0 /Users/stevenparker/toolchains/gcc-arm-none-eabi-4_7-2013q2/bin/../lib/gcc/arm-none-eabi/4.7.4/armv6-m/crtn.o

Memory Configuration

Name             Origin             Length             Attributes
rom              0x0000000000000000 0x0000000000008000 xr
ram              0x0000000010000000 0x0000000000001000 xrw
*default*        0x0000000000000000 0xffffffffffffffff

Linker script and memory map

LOAD /Users/stevenparker/toolchains/gcc-arm-none-eabi-4_7-2013q2/bin/../lib/gcc/arm-none-eabi/4.7.4/armv6-m/crti.o
LOAD /Users/stevenparker/toolchains/gcc-arm-none-eabi-4_7-2013q2/bin/../lib/gcc/arm-none-eabi/4.7.4/armv6-m/crtbegin.o
LOAD /Users/stevenparker/toolchains/gcc-arm-none-eabi-4_7-2013q2/bin/../lib/gcc/arm-none-eabi/4.7.4/../../../../arm-none-eabi/lib/armv6-m/crt0.o
LOAD out/lpc1114.o
LOAD out/wiring_digital.o
LOAD out/printf.o
LOAD out/wiring.o
LOAD out/HardwareSerial.o
LOAD out/main.o
LOAD /Users/stevenparker/toolchains/gcc-arm-none-eabi-4_7-2013q2/bin/../lib/gcc/arm-none-eabi/4.7.4/../../../../arm-none-eabi/lib/armv6-m/libc.a
LOAD /Users/stevenparker/toolchains/gcc-arm-none-eabi-4_7-2013q2/bin/../lib/gcc/arm-none-eabi/4.7.4/../../../../arm-none-eabi/lib/armv6-m/libnosys.a
LOAD /Users/stevenparker/toolchains/gcc-arm-none-eabi-4_7-2013q2/bin/../lib/gcc/arm-none-eabi/4.7.4/../../../../arm-none-eabi/lib/armv6-m/libstdc++.a
LOAD /Users/stevenparker/toolchains/gcc-arm-none-eabi-4_7-2013q2/bin/../lib/gcc/arm-none-eabi/4.7.4/../../../../arm-none-eabi/lib/armv6-m/libm.a
LOAD /Users/stevenparker/toolchains/gcc-arm-none-eabi-4_7-2013q2/bin/../lib/gcc/arm-none-eabi/4.7.4/../../../../arm-none-eabi/lib/armv6-m/libc.a
START GROUP
LOAD /Users/stevenparker/toolchains/gcc-arm-none-eabi-4_7-2013q2/bin/../lib/gcc/arm-none-eabi/4.7.4/armv6-m/libgcc.a
LOAD /Users/stevenparker/toolchains/gcc-arm-none-eabi-4_7-2013q2/bin/../lib/gcc/arm-none-eabi/4.7.4/../../../../arm-none-eabi/lib/armv6-m/libg.a
LOAD /Users/stevenparker/toolchains/gcc-arm-none-eabi-4_7-2013q2/bin/../lib/gcc/arm-none-eabi/4.7.4/../../../../arm-none-eabi/lib/armv6-m/libc.a
END GROUP
LOAD /Users/stevenparker/toolchains/gcc-arm-none-eabi-4_7-2013q2/bin/../lib/gcc/arm-none-eabi/4.7.4/armv6-m/crtend.o
LOAD /Users/stevenparker/toolchains/gcc-arm-none-eabi-4_7-2013q2/bin/../lib/gcc/arm-none-eabi/4.7.4/armv6-m/crtn.o
                0x0000000000000400                __main_stack_size = 0x400
                0x0000000000000000                __process_stack_size = 0x0
                [0x0000000000000400]                PROVIDE (__main_stack_size, __main_stack_size)
                [0x0000000000000000]                PROVIDE (__process_stack_size, __process_stack_size)
                0x0000000000000000                __rom_start = ORIGIN (rom)
                0x0000000000008000                __rom_size = 0x8000
                0x0000000000008000                __rom_end = (__rom_start + __rom_size)
                0x0000000010000000                __ram_start = ORIGIN (ram)
                0x0000000000001000                __ram_size = 0x1000
                0x0000000010001000                __ram_end = (__ram_start + __ram_size)
                [0x0000000000000000]                PROVIDE (__rom_start, __rom_start)
                [0x0000000000008000]                PROVIDE (__rom_size, __rom_size)
                [0x0000000000008000]                PROVIDE (__rom_end, __rom_end)
                [0x0000000010000000]                PROVIDE (__ram_start, __ram_start)
                [0x0000000000001000]                PROVIDE (__ram_size, __ram_size)
                [0x0000000010001000]                PROVIDE (__ram_end, __ram_end)

.text           0x0000000000000000      0x4cc
                0x0000000000000000                . = ALIGN (0x4)
                0x0000000000000000                __text_start = .
                [0x0000000000000000]                PROVIDE (__text_start, __text_start)
                0x0000000000000000                . = ALIGN (0x4)
 *(.vectors)
 .vectors       0x0000000000000000       0xa0 out/lpc1114.o
                0x0000000000000000                __vectors
                0x00000000000000a0                . = ALIGN (0x4)
 *(.text .text.* .gnu.linkonce.t.*)
 .text          0x00000000000000a0       0x60 /Users/stevenparker/toolchains/gcc-arm-none-eabi-4_7-2013q2/bin/../lib/gcc/arm-none-eabi/4.7.4/armv6-m/crtbegin.o
 .text.__startup
                0x0000000000000100       0x64 out/lpc1114.o
                0x0000000000000100                __startup
 .text._Z15TIMER0_OVF_vectv
                0x0000000000000164       0x3c out/wiring.o
                0x0000000000000164                TIMER0_OVF_vect()
 .text._Z4initv
                0x00000000000001a0       0xc4 out/wiring.o
                0x00000000000001a0                init()
 .text._Z15UART_IRQHandlerv
                0x0000000000000264       0xcc out/HardwareSerial.o
                0x0000000000000264                UART_IRQHandler()
 .text.startup.main
                0x0000000000000330       0x10 out/main.o
                0x0000000000000330                main
 .text.__register_exitproc
                0x0000000000000340       0xc4 /Users/stevenparker/toolchains/gcc-arm-none-eabi-4_7-2013q2/bin/../lib/gcc/arm-none-eabi/4.7.4/../../../../arm-none-eabi/lib/armv6-m/libc.a(lib_a-__atexit.o)
                0x0000000000000340                __register_exitproc
 .text.__libc_fini_array
                0x0000000000000404       0x60 /Users/stevenparker/toolchains/gcc-arm-none-eabi-4_7-2013q2/bin/../lib/gcc/arm-none-eabi/4.7.4/../../../../arm-none-eabi/lib/armv6-m/libc.a(lib_a-fini.o)
                0x0000000000000404                __libc_fini_array
 .text.startup.register_fini
                0x0000000000000464       0x18 /Users/stevenparker/toolchains/gcc-arm-none-eabi-4_7-2013q2/bin/../lib/gcc/arm-none-eabi/4.7.4/../../../../arm-none-eabi/lib/armv6-m/libc.a(lib_a-__call_atexit.o)
 .text.atexit   0x000000000000047c       0x10 /Users/stevenparker/toolchains/gcc-arm-none-eabi-4_7-2013q2/bin/../lib/gcc/arm-none-eabi/4.7.4/../../../../arm-none-eabi/lib/armv6-m/libc.a(lib_a-atexit.o)
                0x000000000000047c                atexit
 .text          0x000000000000048c       0x14 /Users/stevenparker/toolchains/gcc-arm-none-eabi-4_7-2013q2/bin/../lib/gcc/arm-none-eabi/4.7.4/armv6-m/libgcc.a(_thumb1_case_uqi.o)
                0x000000000000048c                __gnu_thumb1_case_uqi
                0x00000000000004a0                . = ALIGN (0x4)
 *(.glue_7t .glue_7)
 .glue_7        0x0000000000000000        0x0 linker stubs
 .glue_7t       0x0000000000000000        0x0 linker stubs
                0x00000000000004a0                . = ALIGN (0x4)
 *(.rodata .rodata.* .gnu.linkonce.r.*)
 .rodata.str1.4
                0x00000000000004a0        0x4 /Users/stevenparker/toolchains/gcc-arm-none-eabi-4_7-2013q2/bin/../lib/gcc/arm-none-eabi/4.7.4/../../../../arm-none-eabi/lib/armv6-m/libc.a(lib_a-impure.o)
 .rodata._global_impure_ptr
                0x00000000000004a4        0x4 /Users/stevenparker/toolchains/gcc-arm-none-eabi-4_7-2013q2/bin/../lib/gcc/arm-none-eabi/4.7.4/../../../../arm-none-eabi/lib/armv6-m/libc.a(lib_a-impure.o)
                0x00000000000004a4                _global_impure_ptr
                0x00000000000004a8                . = ALIGN (0x4)
 *(.ARM.extab* .gnu.linkonce.armextab.*)
                0x00000000000004a8                . = ALIGN (0x4)
 *(.gcc_except_table)
                0x00000000000004a8                . = ALIGN (0x4)
 *(.eh_frame_hdr)
                0x00000000000004a8                . = ALIGN (0x4)
 *(.eh_frame)
 .eh_frame      0x00000000000004a8        0x0 /Users/stevenparker/toolchains/gcc-arm-none-eabi-4_7-2013q2/bin/../lib/gcc/arm-none-eabi/4.7.4/armv6-m/crtbegin.o
                0x00000000000004a8                . = ALIGN (0x4)
 *(.init)
 .init          0x00000000000004a8        0x4 /Users/stevenparker/toolchains/gcc-arm-none-eabi-4_7-2013q2/bin/../lib/gcc/arm-none-eabi/4.7.4/armv6-m/crti.o
                0x00000000000004a8                _init
 .init          0x00000000000004ac        0x8 /Users/stevenparker/toolchains/gcc-arm-none-eabi-4_7-2013q2/bin/../lib/gcc/arm-none-eabi/4.7.4/armv6-m/crtn.o
                0x00000000000004b4                . = ALIGN (0x4)
                0x00000000000004b4                __preinit_array_start = .
 *(.preinit_array)
                0x00000000000004b4                . = ALIGN (0x4)
                0x00000000000004b4                __preinit_array_end = .
                0x00000000000004b4                __init_array_start = .
 *(SORT(.init_array.*))
 .init_array.00000
                0x00000000000004b4        0x4 /Users/stevenparker/toolchains/gcc-arm-none-eabi-4_7-2013q2/bin/../lib/gcc/arm-none-eabi/4.7.4/../../../../arm-none-eabi/lib/armv6-m/libc.a(lib_a-__call_atexit.o)
                0x00000000000004b8                . = ALIGN (0x4)
 *(.init_array)
 .init_array    0x00000000000004b8        0x4 /Users/stevenparker/toolchains/gcc-arm-none-eabi-4_7-2013q2/bin/../lib/gcc/arm-none-eabi/4.7.4/armv6-m/crtbegin.o
                0x00000000000004bc                . = ALIGN (0x4)
                0x00000000000004bc                __init_array_end = .
 *(.fini)
 .fini          0x00000000000004bc        0x4 /Users/stevenparker/toolchains/gcc-arm-none-eabi-4_7-2013q2/bin/../lib/gcc/arm-none-eabi/4.7.4/armv6-m/crti.o
                0x00000000000004bc                _fini
 .fini          0x00000000000004c0        0x8 /Users/stevenparker/toolchains/gcc-arm-none-eabi-4_7-2013q2/bin/../lib/gcc/arm-none-eabi/4.7.4/armv6-m/crtn.o
                0x00000000000004c8                . = ALIGN (0x4)
                0x00000000000004c8                __fini_array_start = .
 *(.fini_array)
 .fini_array    0x00000000000004c8        0x4 /Users/stevenparker/toolchains/gcc-arm-none-eabi-4_7-2013q2/bin/../lib/gcc/arm-none-eabi/4.7.4/armv6-m/crtbegin.o
                0x00000000000004cc                . = ALIGN (0x4)
 *(SORT(.fini_array.*))
                0x00000000000004cc                . = ALIGN (0x4)
                0x00000000000004cc                __fini_array_end = .
                0x00000000000004cc                . = ALIGN (0x4)
                0x00000000000004cc                __text_end = .
                [0x00000000000004cc]                PROVIDE (__text_end, __text_end)

.vfp11_veneer   0x00000000000004cc        0x0
 .vfp11_veneer  0x0000000000000000        0x0 linker stubs

.v4_bx          0x00000000000004cc        0x0
 .v4_bx         0x0000000000000000        0x0 linker stubs

.iplt           0x00000000000004cc        0x0
 .iplt          0x0000000000000000        0x0 /Users/stevenparker/toolchains/gcc-arm-none-eabi-4_7-2013q2/bin/../lib/gcc/arm-none-eabi/4.7.4/armv6-m/crtbegin.o

.rel.dyn        0x00000000000004cc        0x0
 .rel.iplt      0x0000000000000000        0x0 /Users/stevenparker/toolchains/gcc-arm-none-eabi-4_7-2013q2/bin/../lib/gcc/arm-none-eabi/4.7.4/armv6-m/crtbegin.o
                0x00000000000004cc                . = ALIGN (0x4)
                0x00000000000004cc                __exidx_start = .
                [0x00000000000004cc]                PROVIDE (__exidx_start, __exidx_start)

.ARM.exidx
 *(.ARM.exidx* .gnu.linkonce.armexidx.*)
                0x00000000000004cc                . = ALIGN (0x4)
                0x00000000000004cc                __exidx_end = .
                [0x00000000000004cc]                PROVIDE (__exidx_end, __exidx_end)

.data           0x0000000010000000      0x428 load address 0x00000000000004cc
                0x0000000010000000                . = ALIGN (0x4)
                0x00000000000004cc                __data_init_start = LOADADDR (.data)
                [0x00000000000004cc]                PROVIDE (__data_init_start, __data_init_start)
                0x0000000010000000                __data_start = .
                [0x0000000010000000]                PROVIDE (__data_start, __data_start)
                0x0000000010000000                . = ALIGN (0x4)
 *(.data .data.* .gnu.linkonce.d.*)
 .data.impure_data
                0x0000000010000000      0x428 /Users/stevenparker/toolchains/gcc-arm-none-eabi-4_7-2013q2/bin/../lib/gcc/arm-none-eabi/4.7.4/../../../../arm-none-eabi/lib/armv6-m/libc.a(lib_a-impure.o)
                0x0000000010000428                . = ALIGN (0x4)
                0x0000000010000428                __data_end = .
                [0x0000000010000428]                PROVIDE (__data_end, __data_end)

.jcr            0x0000000010000428        0x0 load address 0x00000000000008f4
 .jcr           0x0000000010000428        0x0 /Users/stevenparker/toolchains/gcc-arm-none-eabi-4_7-2013q2/bin/../lib/gcc/arm-none-eabi/4.7.4/armv6-m/crtbegin.o

.igot.plt       0x0000000010000428        0x0 load address 0x00000000000008f4
 .igot.plt      0x0000000000000000        0x0 /Users/stevenparker/toolchains/gcc-arm-none-eabi-4_7-2013q2/bin/../lib/gcc/arm-none-eabi/4.7.4/armv6-m/crtbegin.o

.bss            0x0000000010000428      0x170
                0x0000000010000428                . = ALIGN (0x4)
                0x0000000010000428                __bss_start = .
                [0x0000000010000428]                PROVIDE (__bss_start, __bss_start)
                0x0000000010000428                . = ALIGN (0x4)
 *(.bss .bss.* .gnu.linkonce.b.*)
 .bss           0x0000000010000428       0x1c /Users/stevenparker/toolchains/gcc-arm-none-eabi-4_7-2013q2/bin/../lib/gcc/arm-none-eabi/4.7.4/armv6-m/crtbegin.o
 .bss.timer0_overflow_count
                0x0000000010000444        0x4 out/wiring.o
                0x0000000010000444                timer0_overflow_count
 .bss._ZL12timer0_fract
                0x0000000010000448        0x1 out/wiring.o
 *fill*         0x0000000010000449        0x3 00
 .bss.timer0_millis
                0x000000001000044c        0x4 out/wiring.o
                0x000000001000044c                timer0_millis
 .bss.uart_rx_buffer
                0x0000000010000450       0x40 out/HardwareSerial.o
                0x0000000010000450                uart_rx_buffer
 .bss.uart_tx_insert_idx
                0x0000000010000490        0x1 out/HardwareSerial.o
                0x0000000010000490                uart_tx_insert_idx
 .bss.uart_rx_extract_idx
                0x0000000010000491        0x1 out/HardwareSerial.o
                0x0000000010000491                uart_rx_extract_idx
 .bss.uart_tx_running
                0x0000000010000492        0x1 out/HardwareSerial.o
                0x0000000010000492                uart_tx_running
 .bss.uart_rx_insert_idx
                0x0000000010000493        0x1 out/HardwareSerial.o
                0x0000000010000493                uart_rx_insert_idx
 .bss.uart_tx_buffer
                0x0000000010000494      0x100 out/HardwareSerial.o
                0x0000000010000494                uart_tx_buffer
 .bss._ZZ15UART_IRQHandlervE3iid
                0x0000000010000594        0x1 out/HardwareSerial.o
 .bss.uart_tx_extract_idx
                0x0000000010000595        0x1 out/HardwareSerial.o
                0x0000000010000595                uart_tx_extract_idx
 .bss._ZZ15UART_IRQHandlervE4temp
                0x0000000010000596        0x1 out/HardwareSerial.o
                0x0000000010000598                . = ALIGN (0x4)
 *fill*         0x0000000010000597        0x1 00
 *(COMMON)
                0x0000000010000598                . = ALIGN (0x4)
                0x0000000010000598                __bss_end = .
                [0x0000000010000598]                PROVIDE (__bss_end, __bss_end)
                0x0000000010000598                end = __bss_end

.stack          0x0000000010000598      0x400
                0x0000000010000598                . = ALIGN (0x8)
                0x0000000010000598                __stack_start = .
                [0x0000000010000598]                PROVIDE (__stack_start, __stack_start)
                0x0000000010000598                . = ALIGN (0x8)
                0x0000000010000598                __main_stack_start = .
                [0x0000000010000598]                PROVIDE (__main_stack_start, __main_stack_start)
                0x0000000010000998                . = (. + __main_stack_size)
 *fill*         0x0000000010000598      0x400 00
                0x0000000010000998                . = ALIGN (0x8)
                0x0000000010000998                __main_stack_end = .
                [0x0000000010000998]                PROVIDE (__main_stack_end, __main_stack_end)
                0x0000000010000998                . = ALIGN (0x8)
                0x0000000010000998                __process_stack_start = .
                [0x0000000010000998]                PROVIDE (__process_stack_start, __process_stack_start)
                0x0000000010000998                . = (. + __process_stack_size)
                0x0000000010000998                . = ALIGN (0x8)
                0x0000000010000998                __process_stack_end = .
                [0x0000000010000998]                PROVIDE (__process_stack_end, __process_stack_end)
                0x0000000010000998                . = ALIGN (0x8)
                0x0000000010000998                __stack_end = .
                [0x0000000010000998]                PROVIDE (__stack_end, __stack_end)
                0x0000000010000998                . = ALIGN (0x4)
                0x0000000010000998                __heap_start = .
                [0x0000000010000998]                PROVIDE (__heap_start, __heap_start)
                0x0000000010000998                . = ALIGN (0x4)
                0x0000000010001000                __heap_end = __ram_end
                [0x0000000010001000]                PROVIDE (__heap_end, __heap_end)

.stab
 *(.stab)

.stabstr
 *(.stabstr)

.debug
 *(.debug)

.line
 *(.line)

.debug_srcinfo
 *(.debug_srcinfo)

.debug_sfnames
 *(.debug_sfnames)

.debug_aranges  0x0000000000000000      0x180
 *(.debug_aranges)
 .debug_aranges
                0x0000000000000000       0x28 out/lpc1114.o
 .debug_aranges
                0x0000000000000028       0x30 out/wiring_digital.o
 .debug_aranges
                0x0000000000000058       0x50 out/printf.o
 .debug_aranges
                0x00000000000000a8       0x48 out/wiring.o
 .debug_aranges
                0x00000000000000f0       0x70 out/HardwareSerial.o
 .debug_aranges
                0x0000000000000160       0x20 out/main.o

.debug_pubnames
 *(.debug_pubnames)

.debug_info     0x0000000000000000     0x1376
 *(.debug_info .gnu.linkonce.wi.*)
 .debug_info    0x0000000000000000      0x147 out/lpc1114.o
 .debug_info    0x0000000000000147      0x38a out/wiring_digital.o
 .debug_info    0x00000000000004d1      0x610 out/printf.o
 .debug_info    0x0000000000000ae1      0x27e out/wiring.o
 .debug_info    0x0000000000000d5f      0x52e out/HardwareSerial.o
 .debug_info    0x000000000000128d       0xe9 out/main.o

.debug_abbrev   0x0000000000000000      0x89f
 *(.debug_abbrev)
 .debug_abbrev  0x0000000000000000       0xf6 out/lpc1114.o
 .debug_abbrev  0x00000000000000f6      0x171 out/wiring_digital.o
 .debug_abbrev  0x0000000000000267      0x28e out/printf.o
 .debug_abbrev  0x00000000000004f5      0x10d out/wiring.o
 .debug_abbrev  0x0000000000000602      0x237 out/HardwareSerial.o
 .debug_abbrev  0x0000000000000839       0x66 out/main.o

.debug_line     0x0000000000000000     0x1269
 *(.debug_line)
 .debug_line    0x0000000000000000       0x6f out/lpc1114.o
 .debug_line    0x000000000000006f      0x3c1 out/wiring_digital.o
 .debug_line    0x0000000000000430      0x1f9 out/printf.o
 .debug_line    0x0000000000000629      0x41e out/wiring.o
 .debug_line    0x0000000000000a47      0x4cf out/HardwareSerial.o
 .debug_line    0x0000000000000f16      0x353 out/main.o

.debug_frame    0x0000000000000000      0x4ec
 *(.debug_frame)
 .debug_frame   0x0000000000000000       0x3c out/lpc1114.o
 .debug_frame   0x000000000000003c       0x4c out/wiring_digital.o
 .debug_frame   0x0000000000000088       0xf4 out/printf.o
 .debug_frame   0x000000000000017c       0x8c out/wiring.o
 .debug_frame   0x0000000000000208      0x108 out/HardwareSerial.o
 .debug_frame   0x0000000000000310       0x2c out/main.o
 .debug_frame   0x000000000000033c       0x38 /Users/stevenparker/toolchains/gcc-arm-none-eabi-4_7-2013q2/bin/../lib/gcc/arm-none-eabi/4.7.4/../../../../arm-none-eabi/lib/armv6-m/libc.a(lib_a-__atexit.o)
 .debug_frame   0x0000000000000374       0x28 /Users/stevenparker/toolchains/gcc-arm-none-eabi-4_7-2013q2/bin/../lib/gcc/arm-none-eabi/4.7.4/../../../../arm-none-eabi/lib/armv6-m/libc.a(lib_a-exit.o)
 .debug_frame   0x000000000000039c       0x34 /Users/stevenparker/toolchains/gcc-arm-none-eabi-4_7-2013q2/bin/../lib/gcc/arm-none-eabi/4.7.4/../../../../arm-none-eabi/lib/armv6-m/libc.a(lib_a-fini.o)
 .debug_frame   0x00000000000003d0       0x30 /Users/stevenparker/toolchains/gcc-arm-none-eabi-4_7-2013q2/bin/../lib/gcc/arm-none-eabi/4.7.4/../../../../arm-none-eabi/lib/armv6-m/libc.a(lib_a-init.o)
 .debug_frame   0x0000000000000400       0x30 /Users/stevenparker/toolchains/gcc-arm-none-eabi-4_7-2013q2/bin/../lib/gcc/arm-none-eabi/4.7.4/../../../../arm-none-eabi/lib/armv6-m/libc.a(lib_a-memset.o)
 .debug_frame   0x0000000000000430       0x54 /Users/stevenparker/toolchains/gcc-arm-none-eabi-4_7-2013q2/bin/../lib/gcc/arm-none-eabi/4.7.4/../../../../arm-none-eabi/lib/armv6-m/libc.a(lib_a-__call_atexit.o)
 .debug_frame   0x0000000000000484       0x28 /Users/stevenparker/toolchains/gcc-arm-none-eabi-4_7-2013q2/bin/../lib/gcc/arm-none-eabi/4.7.4/../../../../arm-none-eabi/lib/armv6-m/libc.a(lib_a-atexit.o)
 .debug_frame   0x00000000000004ac       0x20 /Users/stevenparker/toolchains/gcc-arm-none-eabi-4_7-2013q2/bin/../lib/gcc/arm-none-eabi/4.7.4/../../../../arm-none-eabi/lib/armv6-m/libnosys.a(_exit.o)
 .debug_frame   0x00000000000004cc       0x20 /Users/stevenparker/toolchains/gcc-arm-none-eabi-4_7-2013q2/bin/../lib/gcc/arm-none-eabi/4.7.4/armv6-m/libgcc.a(_udivsi3.o)

.debug_str      0x0000000000000000     0x747a
 *(.debug_str)
 .debug_str     0x0000000000000000     0x2299 out/lpc1114.o
 .debug_str     0x0000000000002299     0x4b8e out/wiring_digital.o
                                       0x6f5e (size before relaxing)
 .debug_str     0x0000000000006e27       0xd1 out/printf.o
                                       0x247d (size before relaxing)
 .debug_str     0x0000000000006ef8      0x19a out/wiring.o
                                       0x6f2a (size before relaxing)
 .debug_str     0x0000000000007092      0x3c1 out/HardwareSerial.o
                                       0x715a (size before relaxing)
 .debug_str     0x0000000000007453       0x27 out/main.o
                                       0x6db4 (size before relaxing)

.debug_loc      0x0000000000000000      0xcf7
 *(.debug_loc)
 .debug_loc     0x0000000000000000       0x33 out/lpc1114.o
 .debug_loc     0x0000000000000033      0x1b9 out/wiring_digital.o
 .debug_loc     0x00000000000001ec      0x6d7 out/printf.o
 .debug_loc     0x00000000000008c3      0x171 out/wiring.o
 .debug_loc     0x0000000000000a34      0x2a3 out/HardwareSerial.o
 .debug_loc     0x0000000000000cd7       0x20 out/main.o

.debug_macinfo
 *(.debug_macinfo)

.debug_weaknames
 *(.debug_weaknames)

.debug_funcnames
 *(.debug_funcnames)

.debug_typenames
 *(.debug_typenames)

.debug_varnames
 *(.debug_varnames)

.note.gnu.arm.ident
 *(.note.gnu.arm.ident)

.ARM.attributes
                0x0000000000000000       0x28
 *(.ARM.attributes)
 .ARM.attributes
                0x0000000000000000       0x1e /Users/stevenparker/toolchains/gcc-arm-none-eabi-4_7-2013q2/bin/../lib/gcc/arm-none-eabi/4.7.4/armv6-m/crti.o
 .ARM.attributes
                0x000000000000001e       0x2c /Users/stevenparker/toolchains/gcc-arm-none-eabi-4_7-2013q2/bin/../lib/gcc/arm-none-eabi/4.7.4/armv6-m/crtbegin.o
 .ARM.attributes
                0x000000000000004a       0x1c /Users/stevenparker/toolchains/gcc-arm-none-eabi-4_7-2013q2/bin/../lib/gcc/arm-none-eabi/4.7.4/../../../../arm-none-eabi/lib/armv6-m/crt0.o
 .ARM.attributes
                0x0000000000000066       0x31 out/lpc1114.o
 .ARM.attributes
                0x0000000000000097       0x31 out/wiring_digital.o
 .ARM.attributes
                0x00000000000000c8       0x31 out/printf.o
 .ARM.attributes
                0x00000000000000f9       0x31 out/wiring.o
 .ARM.attributes
                0x000000000000012a       0x31 out/HardwareSerial.o
 .ARM.attributes
                0x000000000000015b       0x31 out/main.o
 .ARM.attributes
                0x000000000000018c       0x2c /Users/stevenparker/toolchains/gcc-arm-none-eabi-4_7-2013q2/bin/../lib/gcc/arm-none-eabi/4.7.4/../../../../arm-none-eabi/lib/armv6-m/libc.a(lib_a-__atexit.o)
 .ARM.attributes
                0x00000000000001b8       0x2c /Users/stevenparker/toolchains/gcc-arm-none-eabi-4_7-2013q2/bin/../lib/gcc/arm-none-eabi/4.7.4/../../../../arm-none-eabi/lib/armv6-m/libc.a(lib_a-exit.o)
 .ARM.attributes
                0x00000000000001e4       0x2c /Users/stevenparker/toolchains/gcc-arm-none-eabi-4_7-2013q2/bin/../lib/gcc/arm-none-eabi/4.7.4/../../../../arm-none-eabi/lib/armv6-m/libc.a(lib_a-fini.o)
 .ARM.attributes
                0x0000000000000210       0x2c /Users/stevenparker/toolchains/gcc-arm-none-eabi-4_7-2013q2/bin/../lib/gcc/arm-none-eabi/4.7.4/../../../../arm-none-eabi/lib/armv6-m/libc.a(lib_a-impure.o)
 .ARM.attributes
                0x000000000000023c       0x2c /Users/stevenparker/toolchains/gcc-arm-none-eabi-4_7-2013q2/bin/../lib/gcc/arm-none-eabi/4.7.4/../../../../arm-none-eabi/lib/armv6-m/libc.a(lib_a-init.o)
 .ARM.attributes
                0x0000000000000268       0x2c /Users/stevenparker/toolchains/gcc-arm-none-eabi-4_7-2013q2/bin/../lib/gcc/arm-none-eabi/4.7.4/../../../../arm-none-eabi/lib/armv6-m/libc.a(lib_a-memset.o)
 .ARM.attributes
                0x0000000000000294       0x2c /Users/stevenparker/toolchains/gcc-arm-none-eabi-4_7-2013q2/bin/../lib/gcc/arm-none-eabi/4.7.4/../../../../arm-none-eabi/lib/armv6-m/libc.a(lib_a-__call_atexit.o)
 .ARM.attributes
                0x00000000000002c0       0x2c /Users/stevenparker/toolchains/gcc-arm-none-eabi-4_7-2013q2/bin/../lib/gcc/arm-none-eabi/4.7.4/../../../../arm-none-eabi/lib/armv6-m/libc.a(lib_a-atexit.o)
 .ARM.attributes
                0x00000000000002ec       0x2c /Users/stevenparker/toolchains/gcc-arm-none-eabi-4_7-2013q2/bin/../lib/gcc/arm-none-eabi/4.7.4/../../../../arm-none-eabi/lib/armv6-m/libnosys.a(_exit.o)
 .ARM.attributes
                0x0000000000000318       0x1e /Users/stevenparker/toolchains/gcc-arm-none-eabi-4_7-2013q2/bin/../lib/gcc/arm-none-eabi/4.7.4/armv6-m/libgcc.a(_thumb1_case_uqi.o)
 .ARM.attributes
                0x0000000000000336       0x1e /Users/stevenparker/toolchains/gcc-arm-none-eabi-4_7-2013q2/bin/../lib/gcc/arm-none-eabi/4.7.4/armv6-m/libgcc.a(_udivsi3.o)
 .ARM.attributes
                0x0000000000000354       0x1e /Users/stevenparker/toolchains/gcc-arm-none-eabi-4_7-2013q2/bin/../lib/gcc/arm-none-eabi/4.7.4/armv6-m/libgcc.a(_dvmd_tls.o)
 .ARM.attributes
                0x0000000000000372       0x2c /Users/stevenparker/toolchains/gcc-arm-none-eabi-4_7-2013q2/bin/../lib/gcc/arm-none-eabi/4.7.4/armv6-m/crtend.o
 .ARM.attributes
                0x000000000000039e       0x1e /Users/stevenparker/toolchains/gcc-arm-none-eabi-4_7-2013q2/bin/../lib/gcc/arm-none-eabi/4.7.4/armv6-m/crtn.o

/DISCARD/
 *(.note.GNU-stack)
                0x00000000000004cc                PROVIDE (__text_size, (__text_end - __text_start))
                0x0000000000000000                PROVIDE (__exidx_size, (__exidx_end - __exidx_start))
                0x0000000000000428                PROVIDE (__data_size, (__data_end - __data_start))
                0x0000000000000170                PROVIDE (__bss_size, (__bss_end - __bss_start))
                0x0000000000000400                PROVIDE (__stack_size, (__stack_end - __stack_start))
                0x0000000000000668                PROVIDE (__heap_size, (__heap_end - __heap_start))
OUTPUT(out/project.elf elf32-littlearm)

.debug_ranges   0x0000000000000000      0x168
 .debug_ranges  0x0000000000000000       0x18 out/lpc1114.o
 .debug_ranges  0x0000000000000018       0x20 out/wiring_digital.o
 .debug_ranges  0x0000000000000038       0x58 out/printf.o
 .debug_ranges  0x0000000000000090       0x68 out/wiring.o
 .debug_ranges  0x00000000000000f8       0x60 out/HardwareSerial.o
 .debug_ranges  0x0000000000000158       0x10 out/main.o

.debug_macro    0x0000000000000000     0x2395
 .debug_macro   0x0000000000000000       0x11 out/lpc1114.o
 .debug_macro   0x0000000000000011      0x7f6 out/lpc1114.o
 .debug_macro   0x0000000000000807      0x159 out/wiring_digital.o
 .debug_macro   0x0000000000000960       0x3a out/wiring_digital.o
 .debug_macro   0x000000000000099a       0x10 out/wiring_digital.o
 .debug_macro   0x00000000000009aa       0x2e out/wiring_digital.o
 .debug_macro   0x00000000000009d8       0xa2 out/wiring_digital.o
 .debug_macro   0x0000000000000a7a       0x10 out/wiring_digital.o
 .debug_macro   0x0000000000000a8a       0x89 out/wiring_digital.o
 .debug_macro   0x0000000000000b13       0x10 out/wiring_digital.o
 .debug_macro   0x0000000000000b23       0x3a out/wiring_digital.o
 .debug_macro   0x0000000000000b5d       0x52 out/wiring_digital.o
 .debug_macro   0x0000000000000baf       0x19 out/wiring_digital.o
 .debug_macro   0x0000000000000bc8      0x16d out/wiring_digital.o
 .debug_macro   0x0000000000000d35       0x10 out/wiring_digital.o
 .debug_macro   0x0000000000000d45       0xf5 out/wiring_digital.o
 .debug_macro   0x0000000000000e3a       0x22 out/wiring_digital.o
 .debug_macro   0x0000000000000e5c       0x91 out/wiring_digital.o
 .debug_macro   0x0000000000000eed       0x16 out/wiring_digital.o
 .debug_macro   0x0000000000000f03      0x16d out/wiring_digital.o
 .debug_macro   0x0000000000001070      0x214 out/wiring_digital.o
 .debug_macro   0x0000000000001284      0x124 out/wiring_digital.o
 .debug_macro   0x00000000000013a8       0x10 out/wiring_digital.o
 .debug_macro   0x00000000000013b8       0x35 out/wiring_digital.o
 .debug_macro   0x00000000000013ed      0x447 out/wiring_digital.o
 .debug_macro   0x0000000000001834       0x52 out/wiring_digital.o
 .debug_macro   0x0000000000001886       0x10 out/wiring_digital.o
 .debug_macro   0x0000000000001896      0x1e4 out/wiring_digital.o
 .debug_macro   0x0000000000001a7a       0x1c out/wiring_digital.o
 .debug_macro   0x0000000000001a96       0x29 out/printf.o
 .debug_macro   0x0000000000001abf       0x58 out/printf.o
 .debug_macro   0x0000000000001b17      0x162 out/wiring.o
 .debug_macro   0x0000000000001c79      0x1c4 out/HardwareSerial.o
 .debug_macro   0x0000000000001e3d       0x10 out/HardwareSerial.o
 .debug_macro   0x0000000000001e4d      0x100 out/HardwareSerial.o
 .debug_macro   0x0000000000001f4d       0x16 out/HardwareSerial.o
 .debug_macro   0x0000000000001f63       0x29 out/HardwareSerial.o
 .debug_macro   0x0000000000001f8c       0x16 out/HardwareSerial.o
 .debug_macro   0x0000000000001fa2       0x12 out/HardwareSerial.o
 .debug_macro   0x0000000000001fb4       0x85 out/HardwareSerial.o
 .debug_macro   0x0000000000002039       0x10 out/HardwareSerial.o
 .debug_macro   0x0000000000002049       0x1c out/HardwareSerial.o
 .debug_macro   0x0000000000002065      0x1ea out/HardwareSerial.o
 .debug_macro   0x000000000000224f      0x146 out/main.o

.comment        0x0000000000000000       0x70
 .comment       0x0000000000000000       0x70 out/lpc1114.o
                                         0x71 (size before relaxing)
 .comment       0x0000000000000000       0x71 out/wiring_digital.o
 .comment       0x0000000000000000       0x71 out/printf.o
 .comment       0x0000000000000000       0x71 out/wiring.o
 .comment       0x0000000000000000       0x71 out/HardwareSerial.o
 .comment       0x0000000000000000       0x71 out/main.o

Cross Reference Table

Symbol                                            File
HardwareSerial::HardwareSerial()                  out/HardwareSerial.o
HardwareSerial::HardwareSerial()                  out/HardwareSerial.o
HardwareSerial::available()                       out/HardwareSerial.o
HardwareSerial::begin(unsigned long)              out/HardwareSerial.o
HardwareSerial::end()                             out/HardwareSerial.o
HardwareSerial::flush()                           out/HardwareSerial.o
HardwareSerial::operator bool()                   out/HardwareSerial.o
HardwareSerial::peek()                            out/HardwareSerial.o
HardwareSerial::read()                            out/HardwareSerial.o
HardwareSerial::write(char*)                      out/HardwareSerial.o
HardwareSerial::write(unsigned char)              out/HardwareSerial.o
TIMER0_OVF_vect()                                 out/wiring.o
                                                  out/lpc1114.o
UART_IRQHandler()                                 out/HardwareSerial.o
                                                  out/lpc1114.o
_Jv_RegisterClasses                               /Users/stevenparker/toolchains/gcc-arm-none-eabi-4_7-2013q2/bin/../lib/gcc/arm-none-eabi/4.7.4/armv6-m/crtbegin.o
__aeabi_idiv0                                     /Users/stevenparker/toolchains/gcc-arm-none-eabi-4_7-2013q2/bin/../lib/gcc/arm-none-eabi/4.7.4/armv6-m/libgcc.a(_dvmd_tls.o)
                                                  /Users/stevenparker/toolchains/gcc-arm-none-eabi-4_7-2013q2/bin/../lib/gcc/arm-none-eabi/4.7.4/armv6-m/libgcc.a(_udivsi3.o)
__aeabi_ldiv0                                     /Users/stevenparker/toolchains/gcc-arm-none-eabi-4_7-2013q2/bin/../lib/gcc/arm-none-eabi/4.7.4/armv6-m/libgcc.a(_dvmd_tls.o)
__aeabi_uidiv                                     /Users/stevenparker/toolchains/gcc-arm-none-eabi-4_7-2013q2/bin/../lib/gcc/arm-none-eabi/4.7.4/armv6-m/libgcc.a(_udivsi3.o)
                                                  out/HardwareSerial.o
                                                  out/printf.o
__aeabi_uidivmod                                  /Users/stevenparker/toolchains/gcc-arm-none-eabi-4_7-2013q2/bin/../lib/gcc/arm-none-eabi/4.7.4/armv6-m/libgcc.a(_udivsi3.o)
                                                  out/printf.o
__bss_end                                         out/lpc1114.o
__bss_end__                                       /Users/stevenparker/toolchains/gcc-arm-none-eabi-4_7-2013q2/bin/../lib/gcc/arm-none-eabi/4.7.4/../../../../arm-none-eabi/lib/armv6-m/crt0.o
__bss_start                                       out/lpc1114.o
__bss_start__                                     /Users/stevenparker/toolchains/gcc-arm-none-eabi-4_7-2013q2/bin/../lib/gcc/arm-none-eabi/4.7.4/../../../../arm-none-eabi/lib/armv6-m/crt0.o
__call_exitprocs                                  /Users/stevenparker/toolchains/gcc-arm-none-eabi-4_7-2013q2/bin/../lib/gcc/arm-none-eabi/4.7.4/../../../../arm-none-eabi/lib/armv6-m/libc.a(lib_a-__call_atexit.o)
                                                  /Users/stevenparker/toolchains/gcc-arm-none-eabi-4_7-2013q2/bin/../lib/gcc/arm-none-eabi/4.7.4/../../../../arm-none-eabi/lib/armv6-m/libc.a(lib_a-exit.o)
__cxa_pure_virtual                                out/lpc1114.o
__data_end                                        out/lpc1114.o
__data_init_start                                 out/lpc1114.o
__data_start                                      out/lpc1114.o
__deregister_frame_info                           /Users/stevenparker/toolchains/gcc-arm-none-eabi-4_7-2013q2/bin/../lib/gcc/arm-none-eabi/4.7.4/armv6-m/crtbegin.o
__dso_handle                                      /Users/stevenparker/toolchains/gcc-arm-none-eabi-4_7-2013q2/bin/../lib/gcc/arm-none-eabi/4.7.4/armv6-m/crtbegin.o
__fini_array_end                                  /Users/stevenparker/toolchains/gcc-arm-none-eabi-4_7-2013q2/bin/../lib/gcc/arm-none-eabi/4.7.4/../../../../arm-none-eabi/lib/armv6-m/libc.a(lib_a-fini.o)
__fini_array_start                                /Users/stevenparker/toolchains/gcc-arm-none-eabi-4_7-2013q2/bin/../lib/gcc/arm-none-eabi/4.7.4/../../../../arm-none-eabi/lib/armv6-m/libc.a(lib_a-fini.o)
__gnu_thumb1_case_uqi                             /Users/stevenparker/toolchains/gcc-arm-none-eabi-4_7-2013q2/bin/../lib/gcc/arm-none-eabi/4.7.4/armv6-m/libgcc.a(_thumb1_case_uqi.o)
                                                  out/HardwareSerial.o
__init_array_end                                  /Users/stevenparker/toolchains/gcc-arm-none-eabi-4_7-2013q2/bin/../lib/gcc/arm-none-eabi/4.7.4/../../../../arm-none-eabi/lib/armv6-m/libc.a(lib_a-init.o)
                                                  out/lpc1114.o
__init_array_start                                /Users/stevenparker/toolchains/gcc-arm-none-eabi-4_7-2013q2/bin/../lib/gcc/arm-none-eabi/4.7.4/../../../../arm-none-eabi/lib/armv6-m/libc.a(lib_a-init.o)
                                                  out/lpc1114.o
__libc_fini                                       /Users/stevenparker/toolchains/gcc-arm-none-eabi-4_7-2013q2/bin/../lib/gcc/arm-none-eabi/4.7.4/../../../../arm-none-eabi/lib/armv6-m/libc.a(lib_a-__call_atexit.o)
__libc_fini_array                                 /Users/stevenparker/toolchains/gcc-arm-none-eabi-4_7-2013q2/bin/../lib/gcc/arm-none-eabi/4.7.4/../../../../arm-none-eabi/lib/armv6-m/libc.a(lib_a-fini.o)
                                                  /Users/stevenparker/toolchains/gcc-arm-none-eabi-4_7-2013q2/bin/../lib/gcc/arm-none-eabi/4.7.4/../../../../arm-none-eabi/lib/armv6-m/libc.a(lib_a-__call_atexit.o)
                                                  /Users/stevenparker/toolchains/gcc-arm-none-eabi-4_7-2013q2/bin/../lib/gcc/arm-none-eabi/4.7.4/../../../../arm-none-eabi/lib/armv6-m/crt0.o
__libc_init_array                                 /Users/stevenparker/toolchains/gcc-arm-none-eabi-4_7-2013q2/bin/../lib/gcc/arm-none-eabi/4.7.4/../../../../arm-none-eabi/lib/armv6-m/libc.a(lib_a-init.o)
                                                  /Users/stevenparker/toolchains/gcc-arm-none-eabi-4_7-2013q2/bin/../lib/gcc/arm-none-eabi/4.7.4/../../../../arm-none-eabi/lib/armv6-m/crt0.o
__preinit_array_end                               /Users/stevenparker/toolchains/gcc-arm-none-eabi-4_7-2013q2/bin/../lib/gcc/arm-none-eabi/4.7.4/../../../../arm-none-eabi/lib/armv6-m/libc.a(lib_a-init.o)
__preinit_array_start                             /Users/stevenparker/toolchains/gcc-arm-none-eabi-4_7-2013q2/bin/../lib/gcc/arm-none-eabi/4.7.4/../../../../arm-none-eabi/lib/armv6-m/libc.a(lib_a-init.o)
__register_exitproc                               /Users/stevenparker/toolchains/gcc-arm-none-eabi-4_7-2013q2/bin/../lib/gcc/arm-none-eabi/4.7.4/../../../../arm-none-eabi/lib/armv6-m/libc.a(lib_a-__atexit.o)
                                                  /Users/stevenparker/toolchains/gcc-arm-none-eabi-4_7-2013q2/bin/../lib/gcc/arm-none-eabi/4.7.4/../../../../arm-none-eabi/lib/armv6-m/libc.a(lib_a-atexit.o)
                                                  /Users/stevenparker/toolchains/gcc-arm-none-eabi-4_7-2013q2/bin/../lib/gcc/arm-none-eabi/4.7.4/../../../../arm-none-eabi/lib/armv6-m/crt0.o
__register_frame_info                             /Users/stevenparker/toolchains/gcc-arm-none-eabi-4_7-2013q2/bin/../lib/gcc/arm-none-eabi/4.7.4/armv6-m/crtbegin.o
__stack                                           /Users/stevenparker/toolchains/gcc-arm-none-eabi-4_7-2013q2/bin/../lib/gcc/arm-none-eabi/4.7.4/../../../../arm-none-eabi/lib/armv6-m/crt0.o
__stack_end                                       out/lpc1114.o
__startup                                         out/lpc1114.o
__udivsi3                                         /Users/stevenparker/toolchains/gcc-arm-none-eabi-4_7-2013q2/bin/../lib/gcc/arm-none-eabi/4.7.4/armv6-m/libgcc.a(_udivsi3.o)
__vectors                                         out/lpc1114.o
_exit                                             /Users/stevenparker/toolchains/gcc-arm-none-eabi-4_7-2013q2/bin/../lib/gcc/arm-none-eabi/4.7.4/../../../../arm-none-eabi/lib/armv6-m/libnosys.a(_exit.o)
                                                  /Users/stevenparker/toolchains/gcc-arm-none-eabi-4_7-2013q2/bin/../lib/gcc/arm-none-eabi/4.7.4/../../../../arm-none-eabi/lib/armv6-m/libc.a(lib_a-exit.o)
_fini                                             /Users/stevenparker/toolchains/gcc-arm-none-eabi-4_7-2013q2/bin/../lib/gcc/arm-none-eabi/4.7.4/armv6-m/crti.o
                                                  /Users/stevenparker/toolchains/gcc-arm-none-eabi-4_7-2013q2/bin/../lib/gcc/arm-none-eabi/4.7.4/../../../../arm-none-eabi/lib/armv6-m/libc.a(lib_a-fini.o)
_global_impure_ptr                                /Users/stevenparker/toolchains/gcc-arm-none-eabi-4_7-2013q2/bin/../lib/gcc/arm-none-eabi/4.7.4/../../../../arm-none-eabi/lib/armv6-m/libc.a(lib_a-impure.o)
                                                  /Users/stevenparker/toolchains/gcc-arm-none-eabi-4_7-2013q2/bin/../lib/gcc/arm-none-eabi/4.7.4/../../../../arm-none-eabi/lib/armv6-m/libc.a(lib_a-__call_atexit.o)
                                                  /Users/stevenparker/toolchains/gcc-arm-none-eabi-4_7-2013q2/bin/../lib/gcc/arm-none-eabi/4.7.4/../../../../arm-none-eabi/lib/armv6-m/libc.a(lib_a-exit.o)
                                                  /Users/stevenparker/toolchains/gcc-arm-none-eabi-4_7-2013q2/bin/../lib/gcc/arm-none-eabi/4.7.4/../../../../arm-none-eabi/lib/armv6-m/libc.a(lib_a-__atexit.o)
_impure_ptr                                       /Users/stevenparker/toolchains/gcc-arm-none-eabi-4_7-2013q2/bin/../lib/gcc/arm-none-eabi/4.7.4/../../../../arm-none-eabi/lib/armv6-m/libc.a(lib_a-impure.o)
_init                                             /Users/stevenparker/toolchains/gcc-arm-none-eabi-4_7-2013q2/bin/../lib/gcc/arm-none-eabi/4.7.4/armv6-m/crti.o
                                                  /Users/stevenparker/toolchains/gcc-arm-none-eabi-4_7-2013q2/bin/../lib/gcc/arm-none-eabi/4.7.4/../../../../arm-none-eabi/lib/armv6-m/libc.a(lib_a-init.o)
_mainCRTStartup                                   /Users/stevenparker/toolchains/gcc-arm-none-eabi-4_7-2013q2/bin/../lib/gcc/arm-none-eabi/4.7.4/../../../../arm-none-eabi/lib/armv6-m/crt0.o
_start                                            /Users/stevenparker/toolchains/gcc-arm-none-eabi-4_7-2013q2/bin/../lib/gcc/arm-none-eabi/4.7.4/../../../../arm-none-eabi/lib/armv6-m/crt0.o
atexit                                            /Users/stevenparker/toolchains/gcc-arm-none-eabi-4_7-2013q2/bin/../lib/gcc/arm-none-eabi/4.7.4/../../../../arm-none-eabi/lib/armv6-m/libc.a(lib_a-atexit.o)
                                                  /Users/stevenparker/toolchains/gcc-arm-none-eabi-4_7-2013q2/bin/../lib/gcc/arm-none-eabi/4.7.4/../../../../arm-none-eabi/lib/armv6-m/libc.a(lib_a-__call_atexit.o)
delay(unsigned long)                              out/wiring.o
delayMicroseconds(unsigned int)                   out/wiring.o
digitalRead(unsigned char)                        out/wiring_digital.o
digitalWrite(unsigned char, unsigned char)        out/wiring_digital.o
exit                                              /Users/stevenparker/toolchains/gcc-arm-none-eabi-4_7-2013q2/bin/../lib/gcc/arm-none-eabi/4.7.4/../../../../arm-none-eabi/lib/armv6-m/libc.a(lib_a-exit.o)
                                                  /Users/stevenparker/toolchains/gcc-arm-none-eabi-4_7-2013q2/bin/../lib/gcc/arm-none-eabi/4.7.4/../../../../arm-none-eabi/lib/armv6-m/crt0.o
free                                              /Users/stevenparker/toolchains/gcc-arm-none-eabi-4_7-2013q2/bin/../lib/gcc/arm-none-eabi/4.7.4/../../../../arm-none-eabi/lib/armv6-m/libc.a(lib_a-__call_atexit.o)
hardware_init_hook                                /Users/stevenparker/toolchains/gcc-arm-none-eabi-4_7-2013q2/bin/../lib/gcc/arm-none-eabi/4.7.4/../../../../arm-none-eabi/lib/armv6-m/crt0.o
init()                                            out/wiring.o
                                                  out/main.o
init_printf(void*, void (*)(void*, char))         out/printf.o
loop()                                            out/main.o
main                                              out/main.o
                                                  out/lpc1114.o
                                                  /Users/stevenparker/toolchains/gcc-arm-none-eabi-4_7-2013q2/bin/../lib/gcc/arm-none-eabi/4.7.4/../../../../arm-none-eabi/lib/armv6-m/crt0.o
malloc                                            /Users/stevenparker/toolchains/gcc-arm-none-eabi-4_7-2013q2/bin/../lib/gcc/arm-none-eabi/4.7.4/../../../../arm-none-eabi/lib/armv6-m/libc.a(lib_a-__atexit.o)
memset                                            /Users/stevenparker/toolchains/gcc-arm-none-eabi-4_7-2013q2/bin/../lib/gcc/arm-none-eabi/4.7.4/../../../../arm-none-eabi/lib/armv6-m/libc.a(lib_a-memset.o)
                                                  /Users/stevenparker/toolchains/gcc-arm-none-eabi-4_7-2013q2/bin/../lib/gcc/arm-none-eabi/4.7.4/../../../../arm-none-eabi/lib/armv6-m/crt0.o
micros()                                          out/wiring.o
millis()                                          out/wiring.o
pinMode(unsigned char, unsigned char)             out/wiring_digital.o
setup()                                           out/main.o
software_init_hook                                /Users/stevenparker/toolchains/gcc-arm-none-eabi-4_7-2013q2/bin/../lib/gcc/arm-none-eabi/4.7.4/../../../../arm-none-eabi/lib/armv6-m/crt0.o
start                                             /Users/stevenparker/toolchains/gcc-arm-none-eabi-4_7-2013q2/bin/../lib/gcc/arm-none-eabi/4.7.4/../../../../arm-none-eabi/lib/armv6-m/crt0.o
tfp_format(void*, void (*)(void*, char), char*, std::__va_list) out/printf.o
tfp_printf(char*, ...)                            out/printf.o
tfp_sprintf(char*, char*, ...)                    out/printf.o
timer0_millis                                     out/wiring.o
timer0_overflow_count                             out/wiring.o
uart_rx_buffer                                    out/HardwareSerial.o
uart_rx_extract_idx                               out/HardwareSerial.o
uart_rx_insert_idx                                out/HardwareSerial.o
uart_tx_buffer                                    out/HardwareSerial.o
uart_tx_extract_idx                               out/HardwareSerial.o
uart_tx_insert_idx                                out/HardwareSerial.o
uart_tx_running                                   out/HardwareSerial.o
