Archive member included because of file (symbol)

/Users/stevenparker/toolchains/gcc-arm-none-eabi-4_7-2013q2/bin/../lib/gcc/arm-none-eabi/4.7.4/../../../../arm-none-eabi/lib/armv6-m/libc.a(lib_a-__atexit.o)
                              /Users/stevenparker/toolchains/gcc-arm-none-eabi-4_7-2013q2/bin/../lib/gcc/arm-none-eabi/4.7.4/../../../../arm-none-eabi/lib/armv6-m/crt0.o (__register_exitproc)
/Users/stevenparker/toolchains/gcc-arm-none-eabi-4_7-2013q2/bin/../lib/gcc/arm-none-eabi/4.7.4/../../../../arm-none-eabi/lib/armv6-m/libc.a(lib_a-atof.o)
                              out/WString.o (atof)
/Users/stevenparker/toolchains/gcc-arm-none-eabi-4_7-2013q2/bin/../lib/gcc/arm-none-eabi/4.7.4/../../../../arm-none-eabi/lib/armv6-m/libc.a(lib_a-atol.o)
                              out/WString.o (atol)
/Users/stevenparker/toolchains/gcc-arm-none-eabi-4_7-2013q2/bin/../lib/gcc/arm-none-eabi/4.7.4/../../../../arm-none-eabi/lib/armv6-m/libc.a(lib_a-exit.o)
                              /Users/stevenparker/toolchains/gcc-arm-none-eabi-4_7-2013q2/bin/../lib/gcc/arm-none-eabi/4.7.4/../../../../arm-none-eabi/lib/armv6-m/crt0.o (exit)
/Users/stevenparker/toolchains/gcc-arm-none-eabi-4_7-2013q2/bin/../lib/gcc/arm-none-eabi/4.7.4/../../../../arm-none-eabi/lib/armv6-m/libc.a(lib_a-fini.o)
                              /Users/stevenparker/toolchains/gcc-arm-none-eabi-4_7-2013q2/bin/../lib/gcc/arm-none-eabi/4.7.4/../../../../arm-none-eabi/lib/armv6-m/crt0.o (__libc_fini_array)
/Users/stevenparker/toolchains/gcc-arm-none-eabi-4_7-2013q2/bin/../lib/gcc/arm-none-eabi/4.7.4/../../../../arm-none-eabi/lib/armv6-m/libc.a(lib_a-impure.o)
                              /Users/stevenparker/toolchains/gcc-arm-none-eabi-4_7-2013q2/bin/../lib/gcc/arm-none-eabi/4.7.4/../../../../arm-none-eabi/lib/armv6-m/libc.a(lib_a-__atexit.o) (_global_impure_ptr)
/Users/stevenparker/toolchains/gcc-arm-none-eabi-4_7-2013q2/bin/../lib/gcc/arm-none-eabi/4.7.4/../../../../arm-none-eabi/lib/armv6-m/libc.a(lib_a-init.o)
                              /Users/stevenparker/toolchains/gcc-arm-none-eabi-4_7-2013q2/bin/../lib/gcc/arm-none-eabi/4.7.4/../../../../arm-none-eabi/lib/armv6-m/crt0.o (__libc_init_array)
/Users/stevenparker/toolchains/gcc-arm-none-eabi-4_7-2013q2/bin/../lib/gcc/arm-none-eabi/4.7.4/../../../../arm-none-eabi/lib/armv6-m/libc.a(lib_a-isspace.o)
                              out/WString.o (isspace)
/Users/stevenparker/toolchains/gcc-arm-none-eabi-4_7-2013q2/bin/../lib/gcc/arm-none-eabi/4.7.4/../../../../arm-none-eabi/lib/armv6-m/libc.a(lib_a-malloc.o)
                              out/new.o (malloc)
/Users/stevenparker/toolchains/gcc-arm-none-eabi-4_7-2013q2/bin/../lib/gcc/arm-none-eabi/4.7.4/../../../../arm-none-eabi/lib/armv6-m/libc.a(lib_a-mallocr.o)
                              /Users/stevenparker/toolchains/gcc-arm-none-eabi-4_7-2013q2/bin/../lib/gcc/arm-none-eabi/4.7.4/../../../../arm-none-eabi/lib/armv6-m/libc.a(lib_a-malloc.o) (_malloc_r)
/Users/stevenparker/toolchains/gcc-arm-none-eabi-4_7-2013q2/bin/../lib/gcc/arm-none-eabi/4.7.4/../../../../arm-none-eabi/lib/armv6-m/libc.a(lib_a-memcpy.o)
                              out/WString.o (memcpy)
/Users/stevenparker/toolchains/gcc-arm-none-eabi-4_7-2013q2/bin/../lib/gcc/arm-none-eabi/4.7.4/../../../../arm-none-eabi/lib/armv6-m/libc.a(lib_a-memmove.o)
                              out/WString.o (memmove)
/Users/stevenparker/toolchains/gcc-arm-none-eabi-4_7-2013q2/bin/../lib/gcc/arm-none-eabi/4.7.4/../../../../arm-none-eabi/lib/armv6-m/libc.a(lib_a-memset.o)
                              /Users/stevenparker/toolchains/gcc-arm-none-eabi-4_7-2013q2/bin/../lib/gcc/arm-none-eabi/4.7.4/../../../../arm-none-eabi/lib/armv6-m/crt0.o (memset)
/Users/stevenparker/toolchains/gcc-arm-none-eabi-4_7-2013q2/bin/../lib/gcc/arm-none-eabi/4.7.4/../../../../arm-none-eabi/lib/armv6-m/libc.a(lib_a-mlock.o)
                              /Users/stevenparker/toolchains/gcc-arm-none-eabi-4_7-2013q2/bin/../lib/gcc/arm-none-eabi/4.7.4/../../../../arm-none-eabi/lib/armv6-m/libc.a(lib_a-mallocr.o) (__malloc_lock)
/Users/stevenparker/toolchains/gcc-arm-none-eabi-4_7-2013q2/bin/../lib/gcc/arm-none-eabi/4.7.4/../../../../arm-none-eabi/lib/armv6-m/libc.a(lib_a-realloc.o)
                              out/WString.o (realloc)
/Users/stevenparker/toolchains/gcc-arm-none-eabi-4_7-2013q2/bin/../lib/gcc/arm-none-eabi/4.7.4/../../../../arm-none-eabi/lib/armv6-m/libc.a(lib_a-reallocr.o)
                              /Users/stevenparker/toolchains/gcc-arm-none-eabi-4_7-2013q2/bin/../lib/gcc/arm-none-eabi/4.7.4/../../../../arm-none-eabi/lib/armv6-m/libc.a(lib_a-realloc.o) (_realloc_r)
/Users/stevenparker/toolchains/gcc-arm-none-eabi-4_7-2013q2/bin/../lib/gcc/arm-none-eabi/4.7.4/../../../../arm-none-eabi/lib/armv6-m/libc.a(lib_a-s_fpclassify.o)
                              out/Print.o (__fpclassifyd)
[...]
Memory Configuration

Name             Origin             Length             Attributes
rom              0x0000000000000000 0x0000000000008000 xr
ram              0x0000000010000000 0x0000000000001000 xrw
*default*        0x0000000000000000 0xffffffffffffffff

Linker script and memory map

LOAD /Users/stevenparker/toolchains/gcc-arm-none-eabi-4_7-2013q2/bin/../lib/gcc/arm-none-eabi/4.7.4/armv6-m/crti.o
LOAD /Users/stevenparker/toolchains/gcc-arm-none-eabi-4_7-2013q2/bin/../lib/gcc/arm-none-eabi/4.7.4/armv6-m/crtbegin.o
LOAD /Users/stevenparker/toolchains/gcc-arm-none-eabi-4_7-2013q2/bin/../lib/gcc/arm-none-eabi/4.7.4/../../../../arm-none-eabi/lib/armv6-m/crt0.o
LOAD out/lpc1114.o
LOAD out/wiring_digital.o
LOAD out/printf.o
LOAD out/wiring.o
LOAD out/sketch.o
LOAD out/WString.o
LOAD out/HardwareSerial.o
LOAD out/main.o
LOAD out/Wire.o
LOAD out/new.o
LOAD out/Stream.o
LOAD out/Print.o
LOAD /Users/stevenparker/toolchains/gcc-arm-none-eabi-4_7-2013q2/bin/../lib/gcc/arm-none-eabi/4.7.4/../../../../arm-none-eabi/lib/armv6-m/libc.a
LOAD /Users/stevenparker/toolchains/gcc-arm-none-eabi-4_7-2013q2/bin/../lib/gcc/arm-none-eabi/4.7.4/../../../../arm-none-eabi/lib/armv6-m/libnosys.a
LOAD /Users/stevenparker/toolchains/gcc-arm-none-eabi-4_7-2013q2/bin/../lib/gcc/arm-none-eabi/4.7.4/../../../../arm-none-eabi/lib/armv6-m/libstdc++.a
LOAD /Users/stevenparker/toolchains/gcc-arm-none-eabi-4_7-2013q2/bin/../lib/gcc/arm-none-eabi/4.7.4/../../../../arm-none-eabi/lib/armv6-m/libm.a
LOAD /Users/stevenparker/toolchains/gcc-arm-none-eabi-4_7-2013q2/bin/../lib/gcc/arm-none-eabi/4.7.4/../../../../arm-none-eabi/lib/armv6-m/libc.a
START GROUP
LOAD /Users/stevenparker/toolchains/gcc-arm-none-eabi-4_7-2013q2/bin/../lib/gcc/arm-none-eabi/4.7.4/armv6-m/libgcc.a
LOAD /Users/stevenparker/toolchains/gcc-arm-none-eabi-4_7-2013q2/bin/../lib/gcc/arm-none-eabi/4.7.4/../../../../arm-none-eabi/lib/armv6-m/libg.a
LOAD /Users/stevenparker/toolchains/gcc-arm-none-eabi-4_7-2013q2/bin/../lib/gcc/arm-none-eabi/4.7.4/../../../../arm-none-eabi/lib/armv6-m/libc.a
END GROUP
LOAD /Users/stevenparker/toolchains/gcc-arm-none-eabi-4_7-2013q2/bin/../lib/gcc/arm-none-eabi/4.7.4/armv6-m/crtend.o
LOAD /Users/stevenparker/toolchains/gcc-arm-none-eabi-4_7-2013q2/bin/../lib/gcc/arm-none-eabi/4.7.4/armv6-m/crtn.o
                0x0000000000000400                __main_stack_size = 0x400
                0x0000000000000000                __process_stack_size = 0x0
                [0x0000000000000400]                PROVIDE (__main_stack_size, __main_stack_size)
                [0x0000000000000000]                PROVIDE (__process_stack_size, __process_stack_size)
                0x0000000000000000                __rom_start = ORIGIN (rom)
                0x0000000000008000                __rom_size = 0x8000
                0x0000000000008000                __rom_end = (__rom_start + __rom_size)
                0x0000000010000000                __ram_start = ORIGIN (ram)
                0x0000000000001000                __ram_size = 0x1000
                0x0000000010001000                __ram_end = (__ram_start + __ram_size)
                [0x0000000000000000]                PROVIDE (__rom_start, __rom_start)
                [0x0000000000008000]                PROVIDE (__rom_size, __rom_size)
                [0x0000000000008000]                PROVIDE (__rom_end, __rom_end)
                [0x0000000010000000]                PROVIDE (__ram_start, __ram_start)
                [0x0000000000001000]                PROVIDE (__ram_size, __ram_size)
                [0x0000000010001000]                PROVIDE (__ram_end, __ram_end)

.text           0x0000000000000000     0x1510
                0x0000000000000000                . = ALIGN (0x4)
                0x0000000000000000                __text_start = .
                [0x0000000000000000]                PROVIDE (__text_start, __text_start)
                0x0000000000000000                . = ALIGN (0x4)
 *(.vectors)
 .vectors       0x0000000000000000       0xa0 out/lpc1114.o
                0x0000000000000000                __vectors
                0x00000000000000a0                . = ALIGN (0x4)
 *(.text .text.* .gnu.linkonce.t.*)
 .text          0x00000000000000a0       0x60 /Users/stevenparker/toolchains/gcc-arm-none-eabi-4_7-2013q2/bin/../lib/gcc/arm-none-eabi/4.7.4/armv6-m/crtbegin.o
 .text.__startup
                0x0000000000000100       0x64 out/lpc1114.o
                0x0000000000000100                __startup
 .text._Z7pinModehh
                0x0000000000000164       0x5c out/wiring_digital.o
                0x0000000000000164                pinMode(unsigned char, unsigned char)
 .text._Z12digitalWritehh
                0x00000000000001c0       0x38 out/wiring_digital.o
                0x00000000000001c0                digitalWrite(unsigned char, unsigned char)
 .text._Z15TIMER0_OVF_vectv
                0x00000000000001f8       0x3c out/wiring.o
                0x00000000000001f8                TIMER0_OVF_vect()
 .text._Z4initv
                0x0000000000000234       0xc4 out/wiring.o
                0x0000000000000234                init()
 .text._Z8mainmenuv
                0x00000000000002f8       0x48 out/sketch.o
                0x00000000000002f8                mainmenu()
 .text._Z5setupv
                0x0000000000000340       0x28 out/sketch.o
                0x0000000000000340                setup()
 .text._Z4loopv
                0x0000000000000368       0xa0 out/sketch.o
                0x0000000000000368                loop()
 .text._ZN14HardwareSerial9availableEv
                0x0000000000000408       0x18 out/HardwareSerial.o
                0x0000000000000408                HardwareSerial::available()
 .text._ZN14HardwareSerial4peekEv
                0x0000000000000420       0x24 out/HardwareSerial.o
                0x0000000000000420                HardwareSerial::peek()
 .text._ZN14HardwareSerial4readEv
                0x0000000000000444       0x2c out/HardwareSerial.o
                0x0000000000000444                HardwareSerial::read()
 .text._ZN14HardwareSerial5flushEv
                0x0000000000000470        0x2 out/HardwareSerial.o
                0x0000000000000470                HardwareSerial::flush()
 *fill*         0x0000000000000472        0x2 00
 .text._ZN14HardwareSerial5writeEh
                0x0000000000000474       0x64 out/HardwareSerial.o
                0x0000000000000474                HardwareSerial::write(unsigned char)
 .text._Z15UART_IRQHandlerv
                0x00000000000004d8       0xcc out/HardwareSerial.o
                0x00000000000004d8                UART_IRQHandler()
 .text._ZN14HardwareSerialC2Ev
                0x00000000000005a4       0x18 out/HardwareSerial.o
                0x00000000000005a4                HardwareSerial::HardwareSerial()
                0x00000000000005a4                HardwareSerial::HardwareSerial()
 .text._ZN14HardwareSerial5beginEm
                0x00000000000005bc       0xb0 out/HardwareSerial.o
                0x00000000000005bc                HardwareSerial::begin(unsigned long)
 .text.startup._GLOBAL__sub_I_uart_rx_buffer
                0x000000000000066c       0x10 out/HardwareSerial.o
 .text.startup.main
                0x000000000000067c       0x10 out/main.o
                0x000000000000067c                main
 .text._Z14I2C_IRQHandlerv
                0x000000000000068c      0x14c out/Wire.o
                0x000000000000068c                I2C_IRQHandler()
 .text._Z7I2CInitm
                0x00000000000007d8       0x9c out/Wire.o
                0x00000000000007d8                I2CInit(unsigned long)
 .text._Z9I2CEnginev
                0x0000000000000874       0x58 out/Wire.o
                0x0000000000000874                I2CEngine()
 .text._ZN7TwoWire5beginEv
                0x00000000000008cc        0xa out/Wire.o
                0x00000000000008cc                TwoWire::begin()
 *fill*         0x00000000000008d6        0x2 00
 .text._ZN7TwoWire11requestFromEhhh
                0x00000000000008d8       0x28 out/Wire.o
                0x00000000000008d8                TwoWire::requestFrom(unsigned char, unsigned char, unsigned char)
 .text._ZN7TwoWire11requestFromEii
                0x0000000000000900        0xe out/Wire.o
                0x0000000000000900                TwoWire::requestFrom(int, int)
 *fill*         0x000000000000090e        0x2 00
 .text._ZN7TwoWire17beginTransmissionEh
                0x0000000000000910       0x20 out/Wire.o
                0x0000000000000910                TwoWire::beginTransmission(unsigned char)
 .text._ZN7TwoWire15endTransmissionEv
                0x0000000000000930        0xa out/Wire.o
                0x0000000000000930                TwoWire::endTransmission()
 *fill*         0x000000000000093a        0x2 00
 .text._ZN7TwoWire4readEv
                0x000000000000093c       0x1c out/Wire.o
                0x000000000000093c                TwoWire::read()
 .text._ZN5Print5writeEPKhj
                0x0000000000000958       0x22 out/Print.o
                0x0000000000000958                Print::write(unsigned char const*, unsigned int)
 .text._ZN5Print5writeEPKc
                0x000000000000097a       0x1c out/Print.o
                0x000000000000097a                Print::write(char const*)
 .text._ZN5Print5printEPKc
                0x0000000000000996        0x8 out/Print.o
                0x0000000000000996                Print::print(char const*)
 .text._ZN5Print5printEc
                0x000000000000099e        0xa out/Print.o
                0x000000000000099e                Print::print(char)
 .text._ZN5Print7printlnEv
                0x00000000000009a8       0x18 out/Print.o
                0x00000000000009a8                Print::println()
 .text._ZN5Print7printlnEPKc
                0x00000000000009c0       0x14 out/Print.o
                0x00000000000009c0                Print::println(char const*)
 .text._ZN5Print11printNumberEmh
                0x00000000000009d4       0x46 out/Print.o
                0x00000000000009d4                Print::printNumber(unsigned long, unsigned char)
 .text._ZN5Print5printEmi
                0x0000000000000a1a       0x18 out/Print.o
                0x0000000000000a1a                Print::print(unsigned long, int)
 .text._ZN5Print5printEhi
                0x0000000000000a32        0x8 out/Print.o
                0x0000000000000a32                Print::print(unsigned char, int)
 *fill*         0x0000000000000a3a        0x2 00
 .text.__register_exitproc
                0x0000000000000a3c       0xc4 /Users/stevenparker/toolchains/gcc-arm-none-eabi-4_7-2013q2/bin/../lib/gcc/arm-none-eabi/4.7.4/../../../../arm-none-eabi/lib/armv6-m/libc.a(lib_a-__atexit.o)
                0x0000000000000a3c                __register_exitproc
 .text.__libc_fini_array
                0x0000000000000b00       0x60 /Users/stevenparker/toolchains/gcc-arm-none-eabi-4_7-2013q2/bin/../lib/gcc/arm-none-eabi/4.7.4/../../../../arm-none-eabi/lib/armv6-m/libc.a(lib_a-fini.o)
                0x0000000000000b00                __libc_fini_array
 .text.malloc   0x0000000000000b60       0x14 /Users/stevenparker/toolchains/gcc-arm-none-eabi-4_7-2013q2/bin/../lib/gcc/arm-none-eabi/4.7.4/../../../../arm-none-eabi/lib/armv6-m/libc.a(lib_a-malloc.o)
                0x0000000000000b60                malloc
 .text._malloc_r
                0x0000000000000b74      0x514 /Users/stevenparker/toolchains/gcc-arm-none-eabi-4_7-2013q2/bin/../lib/gcc/arm-none-eabi/4.7.4/../../../../arm-none-eabi/lib/armv6-m/libc.a(lib_a-mallocr.o)
                0x0000000000000b74                _malloc_r
 .text.__malloc_lock
                0x0000000000001088        0x4 /Users/stevenparker/toolchains/gcc-arm-none-eabi-4_7-2013q2/bin/../lib/gcc/arm-none-eabi/4.7.4/../../../../arm-none-eabi/lib/armv6-m/libc.a(lib_a-mlock.o)
                0x0000000000001088                __malloc_lock
 .text.__malloc_unlock
                0x000000000000108c        0x4 /Users/stevenparker/toolchains/gcc-arm-none-eabi-4_7-2013q2/bin/../lib/gcc/arm-none-eabi/4.7.4/../../../../arm-none-eabi/lib/armv6-m/libc.a(lib_a-mlock.o)
                0x000000000000108c                __malloc_unlock
 .text._sbrk_r  0x0000000000001090       0x24 /Users/stevenparker/toolchains/gcc-arm-none-eabi-4_7-2013q2/bin/../lib/gcc/arm-none-eabi/4.7.4/../../../../arm-none-eabi/lib/armv6-m/libc.a(lib_a-sbrkr.o)
                0x0000000000001090                _sbrk_r
 .text.strlen   0x00000000000010b4       0x10 /Users/stevenparker/toolchains/gcc-arm-none-eabi-4_7-2013q2/bin/../lib/gcc/arm-none-eabi/4.7.4/../../../../arm-none-eabi/lib/armv6-m/libc.a(lib_a-strlen.o)
                0x00000000000010b4                strlen
 .text.startup.register_fini
                0x00000000000010c4       0x18 /Users/stevenparker/toolchains/gcc-arm-none-eabi-4_7-2013q2/bin/../lib/gcc/arm-none-eabi/4.7.4/../../../../arm-none-eabi/lib/armv6-m/libc.a(lib_a-__call_atexit.o)
 .text.atexit   0x00000000000010dc       0x10 /Users/stevenparker/toolchains/gcc-arm-none-eabi-4_7-2013q2/bin/../lib/gcc/arm-none-eabi/4.7.4/../../../../arm-none-eabi/lib/armv6-m/libc.a(lib_a-atexit.o)
                0x00000000000010dc                atexit
 .text._malloc_trim_r
                0x00000000000010ec       0xa0 /Users/stevenparker/toolchains/gcc-arm-none-eabi-4_7-2013q2/bin/../lib/gcc/arm-none-eabi/4.7.4/../../../../arm-none-eabi/lib/armv6-m/libc.a(lib_a-freer.o)
                0x00000000000010ec                _malloc_trim_r
 .text._free_r  0x000000000000118c      0x190 /Users/stevenparker/toolchains/gcc-arm-none-eabi-4_7-2013q2/bin/../lib/gcc/arm-none-eabi/4.7.4/../../../../arm-none-eabi/lib/armv6-m/libc.a(lib_a-freer.o)
                0x000000000000118c                _free_r
 .text._sbrk    0x000000000000131c       0x34 /Users/stevenparker/toolchains/gcc-arm-none-eabi-4_7-2013q2/bin/../lib/gcc/arm-none-eabi/4.7.4/../../../../arm-none-eabi/lib/armv6-m/libnosys.a(sbrk.o)
                0x000000000000131c                _sbrk
 .text          0x0000000000001350       0x14 /Users/stevenparker/toolchains/gcc-arm-none-eabi-4_7-2013q2/bin/../lib/gcc/arm-none-eabi/4.7.4/armv6-m/libgcc.a(_thumb1_case_uqi.o)
                0x0000000000001350                __gnu_thumb1_case_uqi
 .text          0x0000000000001364       0x9c /Users/stevenparker/toolchains/gcc-arm-none-eabi-4_7-2013q2/bin/../lib/gcc/arm-none-eabi/4.7.4/armv6-m/libgcc.a(_udivsi3.o)
                0x0000000000001364                __udivsi3
                0x0000000000001364                __aeabi_uidiv
                0x00000000000013ec                __aeabi_uidivmod
 .text          0x0000000000001400        0x4 /Users/stevenparker/toolchains/gcc-arm-none-eabi-4_7-2013q2/bin/../lib/gcc/arm-none-eabi/4.7.4/armv6-m/libgcc.a(_dvmd_tls.o)
                0x0000000000001400                __aeabi_ldiv0
                0x0000000000001400                __aeabi_idiv0
                0x0000000000001404                . = ALIGN (0x4)
 *(.glue_7t .glue_7)
 .glue_7        0x0000000000000000        0x0 linker stubs
 .glue_7t       0x0000000000000000        0x0 linker stubs
                0x0000000000001404                . = ALIGN (0x4)
 *(.rodata .rodata.* .gnu.linkonce.r.*)
 .rodata._ZL18port_to_output_PGM
                0x0000000000001404       0x14 out/wiring_digital.o
 .rodata._ZL27digital_pin_to_bit_mask_PGM
                0x0000000000001418       0x28 out/wiring_digital.o
 .rodata._ZL23digital_pin_to_port_PGM
                0x0000000000001440       0x14 out/wiring_digital.o
 .rodata._ZL16port_to_mode_PGM
                0x0000000000001454       0x14 out/wiring_digital.o
 .rodata.str1.1
                0x0000000000001468       0x53 out/sketch.o
                                         0x73 (size before relaxing)
 *fill*         0x00000000000014bb        0x5 00
 .rodata._ZTV14HardwareSerial
                0x00000000000014c0       0x20 out/HardwareSerial.o
                0x00000000000014c0                vtable for HardwareSerial
 .rodata.str1.4
                0x00000000000014e0        0x4 /Users/stevenparker/toolchains/gcc-arm-none-eabi-4_7-2013q2/bin/../lib/gcc/arm-none-eabi/4.7.4/../../../../arm-none-eabi/lib/armv6-m/libc.a(lib_a-impure.o)
 .rodata._global_impure_ptr
                0x00000000000014e4        0x4 /Users/stevenparker/toolchains/gcc-arm-none-eabi-4_7-2013q2/bin/../lib/gcc/arm-none-eabi/4.7.4/../../../../arm-none-eabi/lib/armv6-m/libc.a(lib_a-impure.o)
                0x00000000000014e4                _global_impure_ptr
                0x00000000000014e8                . = ALIGN (0x4)
 *(.ARM.extab* .gnu.linkonce.armextab.*)
                0x00000000000014e8                . = ALIGN (0x4)
 *(.gcc_except_table)
                0x00000000000014e8                . = ALIGN (0x4)
 *(.eh_frame_hdr)
                0x00000000000014e8                . = ALIGN (0x4)
 *(.eh_frame)
 .eh_frame      0x00000000000014e8        0x0 /Users/stevenparker/toolchains/gcc-arm-none-eabi-4_7-2013q2/bin/../lib/gcc/arm-none-eabi/4.7.4/armv6-m/crtbegin.o
                0x00000000000014e8                . = ALIGN (0x4)
 *(.init)
 .init          0x00000000000014e8        0x4 /Users/stevenparker/toolchains/gcc-arm-none-eabi-4_7-2013q2/bin/../lib/gcc/arm-none-eabi/4.7.4/armv6-m/crti.o
                0x00000000000014e8                _init
 .init          0x00000000000014ec        0x8 /Users/stevenparker/toolchains/gcc-arm-none-eabi-4_7-2013q2/bin/../lib/gcc/arm-none-eabi/4.7.4/armv6-m/crtn.o
                0x00000000000014f4                . = ALIGN (0x4)
                0x00000000000014f4                __preinit_array_start = .
 *(.preinit_array)
                0x00000000000014f4                . = ALIGN (0x4)
                0x00000000000014f4                __preinit_array_end = .
                0x00000000000014f4                __init_array_start = .
 *(SORT(.init_array.*))
 .init_array.00000
                0x00000000000014f4        0x4 /Users/stevenparker/toolchains/gcc-arm-none-eabi-4_7-2013q2/bin/../lib/gcc/arm-none-eabi/4.7.4/../../../../arm-none-eabi/lib/armv6-m/libc.a(lib_a-__call_atexit.o)
                0x00000000000014f8                . = ALIGN (0x4)
 *(.init_array)
 .init_array    0x00000000000014f8        0x4 /Users/stevenparker/toolchains/gcc-arm-none-eabi-4_7-2013q2/bin/../lib/gcc/arm-none-eabi/4.7.4/armv6-m/crtbegin.o
 .init_array    0x00000000000014fc        0x4 out/HardwareSerial.o
                0x0000000000001500                . = ALIGN (0x4)
                0x0000000000001500                __init_array_end = .
 *(.fini)
 .fini          0x0000000000001500        0x4 /Users/stevenparker/toolchains/gcc-arm-none-eabi-4_7-2013q2/bin/../lib/gcc/arm-none-eabi/4.7.4/armv6-m/crti.o
                0x0000000000001500                _fini
 .fini          0x0000000000001504        0x8 /Users/stevenparker/toolchains/gcc-arm-none-eabi-4_7-2013q2/bin/../lib/gcc/arm-none-eabi/4.7.4/armv6-m/crtn.o
                0x000000000000150c                . = ALIGN (0x4)
                0x000000000000150c                __fini_array_start = .
 *(.fini_array)
 .fini_array    0x000000000000150c        0x4 /Users/stevenparker/toolchains/gcc-arm-none-eabi-4_7-2013q2/bin/../lib/gcc/arm-none-eabi/4.7.4/armv6-m/crtbegin.o
                0x0000000000001510                . = ALIGN (0x4)
 *(SORT(.fini_array.*))
                0x0000000000001510                . = ALIGN (0x4)
                0x0000000000001510                __fini_array_end = .
                0x0000000000001510                . = ALIGN (0x4)
                0x0000000000001510                __text_end = .
                [0x0000000000001510]                PROVIDE (__text_end, __text_end)

.vfp11_veneer   0x0000000000001510        0x0
 .vfp11_veneer  0x0000000000000000        0x0 linker stubs

.v4_bx          0x0000000000001510        0x0
 .v4_bx         0x0000000000000000        0x0 linker stubs

.iplt           0x0000000000001510        0x0
 .iplt          0x0000000000000000        0x0 /Users/stevenparker/toolchains/gcc-arm-none-eabi-4_7-2013q2/bin/../lib/gcc/arm-none-eabi/4.7.4/armv6-m/crtbegin.o

.rel.dyn        0x0000000000001510        0x0
 .rel.iplt      0x0000000000000000        0x0 /Users/stevenparker/toolchains/gcc-arm-none-eabi-4_7-2013q2/bin/../lib/gcc/arm-none-eabi/4.7.4/armv6-m/crtbegin.o
                0x0000000000001510                . = ALIGN (0x4)
                0x0000000000001510                __exidx_start = .
                [0x0000000000001510]                PROVIDE (__exidx_start, __exidx_start)

.ARM.exidx
 *(.ARM.exidx* .gnu.linkonce.armexidx.*)
                0x0000000000001510                . = ALIGN (0x4)
                0x0000000000001510                __exidx_end = .
                [0x0000000000001510]                PROVIDE (__exidx_end, __exidx_end)

.data           0x0000000010000000      0x83c load address 0x0000000000001510
                0x0000000010000000                . = ALIGN (0x4)
                0x0000000000001510                __data_init_start = LOADADDR (.data)
                [0x0000000000001510]                PROVIDE (__data_init_start, __data_init_start)
                0x0000000010000000                __data_start = .
                [0x0000000010000000]                PROVIDE (__data_start, __data_start)
                0x0000000010000000                . = ALIGN (0x4)
 *(.data .data.* .gnu.linkonce.d.*)
 .data.impure_data
                0x0000000010000000      0x428 /Users/stevenparker/toolchains/gcc-arm-none-eabi-4_7-2013q2/bin/../lib/gcc/arm-none-eabi/4.7.4/../../../../arm-none-eabi/lib/armv6-m/libc.a(lib_a-impure.o)
 .data._impure_ptr
                0x0000000010000428        0x4 /Users/stevenparker/toolchains/gcc-arm-none-eabi-4_7-2013q2/bin/../lib/gcc/arm-none-eabi/4.7.4/../../../../arm-none-eabi/lib/armv6-m/libc.a(lib_a-impure.o)
                0x0000000010000428                _impure_ptr
 .data.__malloc_av_
                0x000000001000042c      0x408 /Users/stevenparker/toolchains/gcc-arm-none-eabi-4_7-2013q2/bin/../lib/gcc/arm-none-eabi/4.7.4/../../../../arm-none-eabi/lib/armv6-m/libc.a(lib_a-mallocr.o)
                0x000000001000042c                __malloc_av_
 .data.__malloc_trim_threshold
                0x0000000010000834        0x4 /Users/stevenparker/toolchains/gcc-arm-none-eabi-4_7-2013q2/bin/../lib/gcc/arm-none-eabi/4.7.4/../../../../arm-none-eabi/lib/armv6-m/libc.a(lib_a-mallocr.o)
                0x0000000010000834                __malloc_trim_threshold
 .data.__malloc_sbrk_base
                0x0000000010000838        0x4 /Users/stevenparker/toolchains/gcc-arm-none-eabi-4_7-2013q2/bin/../lib/gcc/arm-none-eabi/4.7.4/../../../../arm-none-eabi/lib/armv6-m/libc.a(lib_a-mallocr.o)
                0x0000000010000838                __malloc_sbrk_base
                0x000000001000083c                . = ALIGN (0x4)
                0x000000001000083c                __data_end = .
                [0x000000001000083c]                PROVIDE (__data_end, __data_end)

.jcr            0x000000001000083c        0x0 load address 0x0000000000001d4c
 .jcr           0x000000001000083c        0x0 /Users/stevenparker/toolchains/gcc-arm-none-eabi-4_7-2013q2/bin/../lib/gcc/arm-none-eabi/4.7.4/armv6-m/crtbegin.o

.igot.plt       0x000000001000083c        0x0 load address 0x0000000000001d4c
 .igot.plt      0x0000000000000000        0x0 /Users/stevenparker/toolchains/gcc-arm-none-eabi-4_7-2013q2/bin/../lib/gcc/arm-none-eabi/4.7.4/armv6-m/crtbegin.o

.bss            0x000000001000083c      0x2dc
                0x000000001000083c                . = ALIGN (0x4)
                0x000000001000083c                __bss_start = .
                [0x000000001000083c]                PROVIDE (__bss_start, __bss_start)
                0x000000001000083c                . = ALIGN (0x4)
 *(.bss .bss.* .gnu.linkonce.b.*)
 .bss           0x000000001000083c       0x1c /Users/stevenparker/toolchains/gcc-arm-none-eabi-4_7-2013q2/bin/../lib/gcc/arm-none-eabi/4.7.4/armv6-m/crtbegin.o
 .bss.timer0_overflow_count
                0x0000000010000858        0x4 out/wiring.o
                0x0000000010000858                timer0_overflow_count
 .bss._ZL12timer0_fract
                0x000000001000085c        0x1 out/wiring.o
 *fill*         0x000000001000085d        0x3 00
 .bss.timer0_millis
                0x0000000010000860        0x4 out/wiring.o
                0x0000000010000860                timer0_millis
 .bss.ch        0x0000000010000864        0x1 out/sketch.o
                0x0000000010000864                ch
 .bss.uart_rx_buffer
                0x0000000010000865       0x40 out/HardwareSerial.o
                0x0000000010000865                uart_rx_buffer
 .bss._ZZ15UART_IRQHandlervE4temp
                0x00000000100008a5        0x1 out/HardwareSerial.o
 .bss.uart_tx_insert_idx
                0x00000000100008a6        0x1 out/HardwareSerial.o
                0x00000000100008a6                uart_tx_insert_idx
 *fill*         0x00000000100008a7        0x1 00
 .bss.Serial    0x00000000100008a8       0x10 out/HardwareSerial.o
                0x00000000100008a8                Serial
 .bss.uart_rx_extract_idx
                0x00000000100008b8        0x1 out/HardwareSerial.o
                0x00000000100008b8                uart_rx_extract_idx
 .bss.uart_tx_running
                0x00000000100008b9        0x1 out/HardwareSerial.o
                0x00000000100008b9                uart_tx_running
 .bss.uart_rx_insert_idx
                0x00000000100008ba        0x1 out/HardwareSerial.o
                0x00000000100008ba                uart_rx_insert_idx
 .bss._ZZ15UART_IRQHandlervE3iid
                0x00000000100008bb        0x1 out/HardwareSerial.o
 .bss.uart_tx_extract_idx
                0x00000000100008bc        0x1 out/HardwareSerial.o
                0x00000000100008bc                uart_tx_extract_idx
 .bss.uart_tx_buffer
                0x00000000100008bd      0x100 out/HardwareSerial.o
                0x00000000100008bd                uart_tx_buffer
 .bss.I2CMasterBuffer
                0x00000000100009bd       0x80 out/Wire.o
                0x00000000100009bd                I2CMasterBuffer
 *fill*         0x0000000010000a3d        0x3 00
 .bss.I2CReadLength
                0x0000000010000a40        0x4 out/Wire.o
                0x0000000010000a40                I2CReadLength
 .bss.I2CWriteLength
                0x0000000010000a44        0x4 out/Wire.o
                0x0000000010000a44                I2CWriteLength
 .bss.RdIndex   0x0000000010000a48        0x4 out/Wire.o
                0x0000000010000a48                RdIndex
 .bss.Wire      0x0000000010000a4c        0x1 out/Wire.o
                0x0000000010000a4c                Wire
 *fill*         0x0000000010000a4d        0x3 00
 .bss.I2CMasterState
                0x0000000010000a50        0x4 out/Wire.o
                0x0000000010000a50                I2CMasterState
 .bss.WrIndex   0x0000000010000a54        0x4 out/Wire.o
                0x0000000010000a54                WrIndex
 .bss.timeout   0x0000000010000a58        0x4 out/Wire.o
                0x0000000010000a58                timeout
 .bss.I2CSlaveBuffer
                0x0000000010000a5c       0x80 out/Wire.o
                0x0000000010000a5c                I2CSlaveBuffer
 .bss.__malloc_max_total_mem
                0x0000000010000adc        0x4 /Users/stevenparker/toolchains/gcc-arm-none-eabi-4_7-2013q2/bin/../lib/gcc/arm-none-eabi/4.7.4/../../../../arm-none-eabi/lib/armv6-m/libc.a(lib_a-mallocr.o)
                0x0000000010000adc                __malloc_max_total_mem
 .bss.__malloc_max_sbrked_mem
                0x0000000010000ae0        0x4 /Users/stevenparker/toolchains/gcc-arm-none-eabi-4_7-2013q2/bin/../lib/gcc/arm-none-eabi/4.7.4/../../../../arm-none-eabi/lib/armv6-m/libc.a(lib_a-mallocr.o)
                0x0000000010000ae0                __malloc_max_sbrked_mem
 .bss.__malloc_top_pad
                0x0000000010000ae4        0x4 /Users/stevenparker/toolchains/gcc-arm-none-eabi-4_7-2013q2/bin/../lib/gcc/arm-none-eabi/4.7.4/../../../../arm-none-eabi/lib/armv6-m/libc.a(lib_a-mallocr.o)
                0x0000000010000ae4                __malloc_top_pad
 .bss.__malloc_current_mallinfo
                0x0000000010000ae8       0x28 /Users/stevenparker/toolchains/gcc-arm-none-eabi-4_7-2013q2/bin/../lib/gcc/arm-none-eabi/4.7.4/../../../../arm-none-eabi/lib/armv6-m/libc.a(lib_a-mallocr.o)
                0x0000000010000ae8                __malloc_current_mallinfo
 .bss.heap_end.4231
                0x0000000010000b10        0x4 /Users/stevenparker/toolchains/gcc-arm-none-eabi-4_7-2013q2/bin/../lib/gcc/arm-none-eabi/4.7.4/../../../../arm-none-eabi/lib/armv6-m/libnosys.a(sbrk.o)
                0x0000000010000b14                . = ALIGN (0x4)
 *(COMMON)
 COMMON         0x0000000010000b14        0x4 /Users/stevenparker/toolchains/gcc-arm-none-eabi-4_7-2013q2/bin/../lib/gcc/arm-none-eabi/4.7.4/../../../../arm-none-eabi/lib/armv6-m/libc.a(lib_a-reent.o)
                0x0000000010000b14                errno
                0x0000000010000b18                . = ALIGN (0x4)
                0x0000000010000b18                __bss_end = .
                [0x0000000010000b18]                PROVIDE (__bss_end, __bss_end)
                0x0000000010000b18                end = __bss_end

.stack          0x0000000010000b18      0x400
                0x0000000010000b18                . = ALIGN (0x8)
                0x0000000010000b18                __stack_start = .
                [0x0000000010000b18]                PROVIDE (__stack_start, __stack_start)
                0x0000000010000b18                . = ALIGN (0x8)
                0x0000000010000b18                __main_stack_start = .
                [0x0000000010000b18]                PROVIDE (__main_stack_start, __main_stack_start)
                0x0000000010000f18                . = (. + __main_stack_size)
 *fill*         0x0000000010000b18      0x400 00
                0x0000000010000f18                . = ALIGN (0x8)
                0x0000000010000f18                __main_stack_end = .
                [0x0000000010000f18]                PROVIDE (__main_stack_end, __main_stack_end)
                0x0000000010000f18                . = ALIGN (0x8)
                0x0000000010000f18                __process_stack_start = .
                [0x0000000010000f18]                PROVIDE (__process_stack_start, __process_stack_start)
                0x0000000010000f18                . = (. + __process_stack_size)
                0x0000000010000f18                . = ALIGN (0x8)
                0x0000000010000f18                __process_stack_end = .
                [0x0000000010000f18]                PROVIDE (__process_stack_end, __process_stack_end)
                0x0000000010000f18                . = ALIGN (0x8)
                0x0000000010000f18                __stack_end = .
                [0x0000000010000f18]                PROVIDE (__stack_end, __stack_end)
                0x0000000010000f18                . = ALIGN (0x4)
                0x0000000010000f18                __heap_start = .
                [0x0000000010000f18]                PROVIDE (__heap_start, __heap_start)
                0x0000000010000f18                . = ALIGN (0x4)
                0x0000000010001000                __heap_end = __ram_end
                [0x0000000010001000]                PROVIDE (__heap_end, __heap_end)

.stab
 *(.stab)

.stabstr
 *(.stabstr)

.debug
 *(.debug)

.line
 *(.line)

.debug_srcinfo
 *(.debug_srcinfo)

.debug_sfnames
 *(.debug_sfnames)

.debug_aranges  0x0000000000000000      0x648
 *(.debug_aranges)
 .debug_aranges
                0x0000000000000000       0x28 out/lpc1114.o
 .debug_aranges
                0x0000000000000028       0x30 out/wiring_digital.o
 .debug_aranges
                0x0000000000000058       0x50 out/printf.o
 .debug_aranges
                0x00000000000000a8       0x48 out/wiring.o
 .debug_aranges
                0x00000000000000f0       0x30 out/sketch.o
 .debug_aranges
                0x0000000000000120      0x240 out/WString.o
 .debug_aranges
                0x0000000000000360       0x70 out/HardwareSerial.o
 .debug_aranges
                0x00000000000003d0       0x20 out/main.o
 .debug_aranges
                0x00000000000003f0       0x90 out/Wire.o
 .debug_aranges
                0x0000000000000480       0x50 out/new.o
 .debug_aranges
                0x00000000000004d0       0x98 out/Stream.o
 .debug_aranges
                0x0000000000000568       0xe0 out/Print.o

.debug_pubnames
 *(.debug_pubnames)

.debug_info     0x0000000000000000     0xa39e
 *(.debug_info .gnu.linkonce.wi.*)
 .debug_info    0x0000000000000000      0x147 out/lpc1114.o
 .debug_info    0x0000000000000147      0x398 out/wiring_digital.o
 .debug_info    0x00000000000004df      0x610 out/printf.o
 .debug_info    0x0000000000000aef      0x28c out/wiring.o
 .debug_info    0x0000000000000d7b      0x6ab out/sketch.o
 .debug_info    0x0000000000001426     0x3290 out/WString.o
 .debug_info    0x00000000000046b6     0x163b out/HardwareSerial.o
 .debug_info    0x0000000000005cf1       0xf7 out/main.o
 .debug_info    0x0000000000005de8      0x82f out/Wire.o
 .debug_info    0x0000000000006617      0x234 out/new.o
 .debug_info    0x000000000000684b     0x1940 out/Stream.o
 .debug_info    0x000000000000818b     0x2213 out/Print.o

.debug_abbrev   0x0000000000000000     0x1be9
 *(.debug_abbrev)
 .debug_abbrev  0x0000000000000000       0xf6 out/lpc1114.o
 .debug_abbrev  0x00000000000000f6      0x171 out/wiring_digital.o
 .debug_abbrev  0x0000000000000267      0x28e out/printf.o
 .debug_abbrev  0x00000000000004f5      0x10d out/wiring.o
 .debug_abbrev  0x0000000000000602      0x1b8 out/sketch.o
 .debug_abbrev  0x00000000000007ba      0x430 out/WString.o
 .debug_abbrev  0x0000000000000bea      0x3dc out/HardwareSerial.o
 .debug_abbrev  0x0000000000000fc6       0x66 out/main.o
 .debug_abbrev  0x000000000000102c      0x291 out/Wire.o
 .debug_abbrev  0x00000000000012bd      0x12c out/new.o
 .debug_abbrev  0x00000000000013e9      0x404 out/Stream.o
 .debug_abbrev  0x00000000000017ed      0x3fc out/Print.o

.debug_line     0x0000000000000000     0x389e
 *(.debug_line)
 .debug_line    0x0000000000000000       0x6f out/lpc1114.o
 .debug_line    0x000000000000006f      0x446 out/wiring_digital.o
 .debug_line    0x00000000000004b5      0x1f9 out/printf.o
 .debug_line    0x00000000000006ae      0x4a3 out/wiring.o
 .debug_line    0x0000000000000b51      0x419 out/sketch.o
 .debug_line    0x0000000000000f6a      0xb1b out/WString.o
 .debug_line    0x0000000000001a85      0x533 out/HardwareSerial.o
 .debug_line    0x0000000000001fb8      0x3d6 out/main.o
 .debug_line    0x000000000000238e      0x56e out/Wire.o
 .debug_line    0x00000000000028fc      0x347 out/new.o
 .debug_line    0x0000000000002c43      0x5b2 out/Stream.o
 .debug_line    0x00000000000031f5      0x6a9 out/Print.o

.debug_frame    0x0000000000000000     0x2290
 *(.debug_frame)
 .debug_frame   0x0000000000000000       0x3c out/lpc1114.o
 .debug_frame   0x000000000000003c       0x4c out/wiring_digital.o
 .debug_frame   0x0000000000000088       0xf4 out/printf.o
 .debug_frame   0x000000000000017c       0x8c out/wiring.o
 .debug_frame   0x0000000000000208       0x68 out/sketch.o
 .debug_frame   0x0000000000000270      0x818 out/WString.o
 .debug_frame   0x0000000000000a88      0x104 out/HardwareSerial.o
 .debug_frame   0x0000000000000b8c       0x2c out/main.o
 .debug_frame   0x0000000000000bb8      0x160 out/Wire.o
 .debug_frame   0x0000000000000d18       0xb0 out/new.o
 .debug_frame   0x0000000000000dc8      0x22c out/Stream.o
 .debug_frame   0x0000000000000ff4      0x34c out/Print.o
 .debug_frame   0x0000000000001340       0x38 /Users/stevenparker/toolchains/gcc-arm-none-eabi-4_7-2013q2/bin/../lib/gcc/arm-none-eabi/4.7.4/../../../../arm-none-eabi/lib/armv6-m/libc.a(lib_a-__atexit.o)
 .debug_frame   0x0000000000001378       0x28 /Users/stevenparker/toolchains/gcc-arm-none-eabi-4_7-2013q2/bin/../lib/gcc/arm-none-eabi/4.7.4/../../../../arm-none-eabi/lib/armv6-m/libc.a(lib_a-atof.o)
 .debug_frame   0x00000000000013a0       0x40 /Users/stevenparker/toolchains/gcc-arm-none-eabi-4_7-2013q2/bin/../lib/gcc/arm-none-eabi/4.7.4/../../../../arm-none-eabi/lib/armv6-m/libc.a(lib_a-atol.o)
 .debug_frame   0x00000000000013e0       0x28 /Users/stevenparker/toolchains/gcc-arm-none-eabi-4_7-2013q2/bin/../lib/gcc/arm-none-eabi/4.7.4/../../../../arm-none-eabi/lib/armv6-m/libc.a(lib_a-exit.o)
 .debug_frame   0x0000000000001408       0x34 /Users/stevenparker/toolchains/gcc-arm-none-eabi-4_7-2013q2/bin/../lib/gcc/arm-none-eabi/4.7.4/../../../../arm-none-eabi/lib/armv6-m/libc.a(lib_a-fini.o)
 .debug_frame   0x000000000000143c       0x30 /Users/stevenparker/toolchains/gcc-arm-none-eabi-4_7-2013q2/bin/../lib/gcc/arm-none-eabi/4.7.4/../../../../arm-none-eabi/lib/armv6-m/libc.a(lib_a-init.o)
 .debug_frame   0x000000000000146c       0x20 /Users/stevenparker/toolchains/gcc-arm-none-eabi-4_7-2013q2/bin/../lib/gcc/arm-none-eabi/4.7.4/../../../../arm-none-eabi/lib/armv6-m/libc.a(lib_a-isspace.o)
 .debug_frame   0x000000000000148c       0x40 /Users/stevenparker/toolchains/gcc-arm-none-eabi-4_7-2013q2/bin/../lib/gcc/arm-none-eabi/4.7.4/../../../../arm-none-eabi/lib/armv6-m/libc.a(lib_a-malloc.o)
 .debug_frame   0x00000000000014cc       0x3c /Users/stevenparker/toolchains/gcc-arm-none-eabi-4_7-2013q2/bin/../lib/gcc/arm-none-eabi/4.7.4/../../../../arm-none-eabi/lib/armv6-m/libc.a(lib_a-mallocr.o)
 .debug_frame   0x0000000000001508       0x34 /Users/stevenparker/toolchains/gcc-arm-none-eabi-4_7-2013q2/bin/../lib/gcc/arm-none-eabi/4.7.4/../../../../arm-none-eabi/lib/armv6-m/libc.a(lib_a-memcpy.o)
 .debug_frame   0x000000000000153c       0x38 /Users/stevenparker/toolchains/gcc-arm-none-eabi-4_7-2013q2/bin/../lib/gcc/arm-none-eabi/4.7.4/../../../../arm-none-eabi/lib/armv6-m/libc.a(lib_a-memmove.o)
 .debug_frame   0x0000000000001574       0x30 /Users/stevenparker/toolchains/gcc-arm-none-eabi-4_7-2013q2/bin/../lib/gcc/arm-none-eabi/4.7.4/../../../../arm-none-eabi/lib/armv6-m/libc.a(lib_a-memset.o)
 .debug_frame   0x00000000000015a4       0x30 /Users/stevenparker/toolchains/gcc-arm-none-eabi-4_7-2013q2/bin/../lib/gcc/arm-none-eabi/4.7.4/../../../../arm-none-eabi/lib/armv6-m/libc.a(lib_a-mlock.o)
 .debug_frame   0x00000000000015d4       0x28 /Users/stevenparker/toolchains/gcc-arm-none-eabi-4_7-2013q2/bin/../lib/gcc/arm-none-eabi/4.7.4/../../../../arm-none-eabi/lib/armv6-m/libc.a(lib_a-realloc.o)
 .debug_frame   0x00000000000015fc       0x3c /Users/stevenparker/toolchains/gcc-arm-none-eabi-4_7-2013q2/bin/../lib/gcc/arm-none-eabi/4.7.4/../../../../arm-none-eabi/lib/armv6-m/libc.a(lib_a-reallocr.o)
 .debug_frame   0x0000000000001638       0x2c /Users/stevenparker/toolchains/gcc-arm-none-eabi-4_7-2013q2/bin/../lib/gcc/arm-none-eabi/4.7.4/../../../../arm-none-eabi/lib/armv6-m/libc.a(lib_a-s_fpclassify.o)
 .debug_frame   0x0000000000001664       0x2c /Users/stevenparker/toolchains/gcc-arm-none-eabi-4_7-2013q2/bin/../lib/gcc/arm-none-eabi/4.7.4/../../../../arm-none-eabi/lib/armv6-m/libc.a(lib_a-sbrkr.o)
 .debug_frame   0x0000000000001690       0x30 /Users/stevenparker/toolchains/gcc-arm-none-eabi-4_7-2013q2/bin/../lib/gcc/arm-none-eabi/4.7.4/../../../../arm-none-eabi/lib/armv6-m/libc.a(lib_a-strchr.o)
 .debug_frame   0x00000000000016c0       0x20 /Users/stevenparker/toolchains/gcc-arm-none-eabi-4_7-2013q2/bin/../lib/gcc/arm-none-eabi/4.7.4/../../../../arm-none-eabi/lib/armv6-m/libc.a(lib_a-strcmp.o)
 .debug_frame   0x00000000000016e0       0x20 /Users/stevenparker/toolchains/gcc-arm-none-eabi-4_7-2013q2/bin/../lib/gcc/arm-none-eabi/4.7.4/../../../../arm-none-eabi/lib/armv6-m/libc.a(lib_a-strcpy.o)
 .debug_frame   0x0000000000001700       0x20 /Users/stevenparker/toolchains/gcc-arm-none-eabi-4_7-2013q2/bin/../lib/gcc/arm-none-eabi/4.7.4/../../../../arm-none-eabi/lib/armv6-m/libc.a(lib_a-strlen.o)
 .debug_frame   0x0000000000001720       0x30 /Users/stevenparker/toolchains/gcc-arm-none-eabi-4_7-2013q2/bin/../lib/gcc/arm-none-eabi/4.7.4/../../../../arm-none-eabi/lib/armv6-m/libc.a(lib_a-strncmp.o)
 .debug_frame   0x0000000000001750       0x38 /Users/stevenparker/toolchains/gcc-arm-none-eabi-4_7-2013q2/bin/../lib/gcc/arm-none-eabi/4.7.4/../../../../arm-none-eabi/lib/armv6-m/libc.a(lib_a-strncpy.o)
 .debug_frame   0x0000000000001788       0x2c /Users/stevenparker/toolchains/gcc-arm-none-eabi-4_7-2013q2/bin/../lib/gcc/arm-none-eabi/4.7.4/../../../../arm-none-eabi/lib/armv6-m/libc.a(lib_a-strrchr.o)
 .debug_frame   0x00000000000017b4       0x94 /Users/stevenparker/toolchains/gcc-arm-none-eabi-4_7-2013q2/bin/../lib/gcc/arm-none-eabi/4.7.4/../../../../arm-none-eabi/lib/armv6-m/libc.a(lib_a-strstr.o)
 .debug_frame   0x0000000000001848       0x70 /Users/stevenparker/toolchains/gcc-arm-none-eabi-4_7-2013q2/bin/../lib/gcc/arm-none-eabi/4.7.4/../../../../arm-none-eabi/lib/armv6-m/libc.a(lib_a-strtod.o)
 .debug_frame   0x00000000000018b8       0x58 /Users/stevenparker/toolchains/gcc-arm-none-eabi-4_7-2013q2/bin/../lib/gcc/arm-none-eabi/4.7.4/../../../../arm-none-eabi/lib/armv6-m/libc.a(lib_a-strtol.o)
 .debug_frame   0x0000000000001910       0x20 /Users/stevenparker/toolchains/gcc-arm-none-eabi-4_7-2013q2/bin/../lib/gcc/arm-none-eabi/4.7.4/../../../../arm-none-eabi/lib/armv6-m/libc.a(lib_a-tolower.o)
 .debug_frame   0x0000000000001930       0x20 /Users/stevenparker/toolchains/gcc-arm-none-eabi-4_7-2013q2/bin/../lib/gcc/arm-none-eabi/4.7.4/../../../../arm-none-eabi/lib/armv6-m/libc.a(lib_a-toupper.o)
 .debug_frame   0x0000000000001950       0x54 /Users/stevenparker/toolchains/gcc-arm-none-eabi-4_7-2013q2/bin/../lib/gcc/arm-none-eabi/4.7.4/../../../../arm-none-eabi/lib/armv6-m/libc.a(lib_a-__call_atexit.o)
 .debug_frame   0x00000000000019a4       0x28 /Users/stevenparker/toolchains/gcc-arm-none-eabi-4_7-2013q2/bin/../lib/gcc/arm-none-eabi/4.7.4/../../../../arm-none-eabi/lib/armv6-m/libc.a(lib_a-atexit.o)
 .debug_frame   0x00000000000019cc       0x54 /Users/stevenparker/toolchains/gcc-arm-none-eabi-4_7-2013q2/bin/../lib/gcc/arm-none-eabi/4.7.4/../../../../arm-none-eabi/lib/armv6-m/libc.a(lib_a-freer.o)
 .debug_frame   0x0000000000001a20       0x80 /Users/stevenparker/toolchains/gcc-arm-none-eabi-4_7-2013q2/bin/../lib/gcc/arm-none-eabi/4.7.4/../../../../arm-none-eabi/lib/armv6-m/libc.a(lib_a-gdtoa-gethex.o)
 .debug_frame   0x0000000000001aa0       0x3c /Users/stevenparker/toolchains/gcc-arm-none-eabi-4_7-2013q2/bin/../lib/gcc/arm-none-eabi/4.7.4/../../../../arm-none-eabi/lib/armv6-m/libc.a(lib_a-gdtoa-hexnan.o)
 .debug_frame   0x0000000000001adc       0xa4 /Users/stevenparker/toolchains/gcc-arm-none-eabi-4_7-2013q2/bin/../lib/gcc/arm-none-eabi/4.7.4/../../../../arm-none-eabi/lib/armv6-m/libc.a(lib_a-locale.o)
 .debug_frame   0x0000000000001b80       0x34 /Users/stevenparker/toolchains/gcc-arm-none-eabi-4_7-2013q2/bin/../lib/gcc/arm-none-eabi/4.7.4/../../../../arm-none-eabi/lib/armv6-m/libc.a(lib_a-memchr.o)
 .debug_frame   0x0000000000001bb4       0x30 /Users/stevenparker/toolchains/gcc-arm-none-eabi-4_7-2013q2/bin/../lib/gcc/arm-none-eabi/4.7.4/../../../../arm-none-eabi/lib/armv6-m/libc.a(lib_a-memcmp.o)
 .debug_frame   0x0000000000001be4      0x26c /Users/stevenparker/toolchains/gcc-arm-none-eabi-4_7-2013q2/bin/../lib/gcc/arm-none-eabi/4.7.4/../../../../arm-none-eabi/lib/armv6-m/libc.a(lib_a-mprec.o)
 .debug_frame   0x0000000000001e50       0x70 /Users/stevenparker/toolchains/gcc-arm-none-eabi-4_7-2013q2/bin/../lib/gcc/arm-none-eabi/4.7.4/../../../../arm-none-eabi/lib/armv6-m/libc.a(lib_a-reent.o)
 .debug_frame   0x0000000000001ec0       0x20 /Users/stevenparker/toolchains/gcc-arm-none-eabi-4_7-2013q2/bin/../lib/gcc/arm-none-eabi/4.7.4/../../../../arm-none-eabi/lib/armv6-m/libc.a(lib_a-sf_nan.o)
 .debug_frame   0x0000000000001ee0       0x28 /Users/stevenparker/toolchains/gcc-arm-none-eabi-4_7-2013q2/bin/../lib/gcc/arm-none-eabi/4.7.4/../../../../arm-none-eabi/lib/armv6-m/libc.a(lib_a-callocr.o)
 .debug_frame   0x0000000000001f08       0x20 /Users/stevenparker/toolchains/gcc-arm-none-eabi-4_7-2013q2/bin/../lib/gcc/arm-none-eabi/4.7.4/../../../../arm-none-eabi/lib/armv6-m/libnosys.a(sbrk.o)
 .debug_frame   0x0000000000001f28       0x20 /Users/stevenparker/toolchains/gcc-arm-none-eabi-4_7-2013q2/bin/../lib/gcc/arm-none-eabi/4.7.4/../../../../arm-none-eabi/lib/armv6-m/libnosys.a(_exit.o)
 .debug_frame   0x0000000000001f48       0x20 /Users/stevenparker/toolchains/gcc-arm-none-eabi-4_7-2013q2/bin/../lib/gcc/arm-none-eabi/4.7.4/armv6-m/libgcc.a(_udivsi3.o)
 .debug_frame   0x0000000000001f68       0x20 /Users/stevenparker/toolchains/gcc-arm-none-eabi-4_7-2013q2/bin/../lib/gcc/arm-none-eabi/4.7.4/armv6-m/libgcc.a(_divsi3.o)
 .debug_frame   0x0000000000001f88       0x2c /Users/stevenparker/toolchains/gcc-arm-none-eabi-4_7-2013q2/bin/../lib/gcc/arm-none-eabi/4.7.4/armv6-m/libgcc.a(_fixunsdfsi.o)
 .debug_frame   0x0000000000001fb4       0x3c /Users/stevenparker/toolchains/gcc-arm-none-eabi-4_7-2013q2/bin/../lib/gcc/arm-none-eabi/4.7.4/armv6-m/libgcc.a(mulsf3.o)
 .debug_frame   0x0000000000001ff0       0x2c /Users/stevenparker/toolchains/gcc-arm-none-eabi-4_7-2013q2/bin/../lib/gcc/arm-none-eabi/4.7.4/armv6-m/libgcc.a(floatsisf.o)
 .debug_frame   0x000000000000201c       0x3c /Users/stevenparker/toolchains/gcc-arm-none-eabi-4_7-2013q2/bin/../lib/gcc/arm-none-eabi/4.7.4/armv6-m/libgcc.a(adddf3.o)
 .debug_frame   0x0000000000002058       0x3c /Users/stevenparker/toolchains/gcc-arm-none-eabi-4_7-2013q2/bin/../lib/gcc/arm-none-eabi/4.7.4/armv6-m/libgcc.a(divdf3.o)
 .debug_frame   0x0000000000002094       0x34 /Users/stevenparker/toolchains/gcc-arm-none-eabi-4_7-2013q2/bin/../lib/gcc/arm-none-eabi/4.7.4/armv6-m/libgcc.a(eqdf2.o)
 .debug_frame   0x00000000000020c8       0x38 /Users/stevenparker/toolchains/gcc-arm-none-eabi-4_7-2013q2/bin/../lib/gcc/arm-none-eabi/4.7.4/armv6-m/libgcc.a(gedf2.o)
 .debug_frame   0x0000000000002100       0x38 /Users/stevenparker/toolchains/gcc-arm-none-eabi-4_7-2013q2/bin/../lib/gcc/arm-none-eabi/4.7.4/armv6-m/libgcc.a(ledf2.o)
 .debug_frame   0x0000000000002138       0x3c /Users/stevenparker/toolchains/gcc-arm-none-eabi-4_7-2013q2/bin/../lib/gcc/arm-none-eabi/4.7.4/armv6-m/libgcc.a(muldf3.o)
 .debug_frame   0x0000000000002174       0x38 /Users/stevenparker/toolchains/gcc-arm-none-eabi-4_7-2013q2/bin/../lib/gcc/arm-none-eabi/4.7.4/armv6-m/libgcc.a(subdf3.o)
 .debug_frame   0x00000000000021ac       0x2c /Users/stevenparker/toolchains/gcc-arm-none-eabi-4_7-2013q2/bin/../lib/gcc/arm-none-eabi/4.7.4/armv6-m/libgcc.a(fixdfsi.o)
 .debug_frame   0x00000000000021d8       0x30 /Users/stevenparker/toolchains/gcc-arm-none-eabi-4_7-2013q2/bin/../lib/gcc/arm-none-eabi/4.7.4/armv6-m/libgcc.a(floatsidf.o)
 .debug_frame   0x0000000000002208       0x2c /Users/stevenparker/toolchains/gcc-arm-none-eabi-4_7-2013q2/bin/../lib/gcc/arm-none-eabi/4.7.4/armv6-m/libgcc.a(floatunsidf.o)
 .debug_frame   0x0000000000002234       0x2c /Users/stevenparker/toolchains/gcc-arm-none-eabi-4_7-2013q2/bin/../lib/gcc/arm-none-eabi/4.7.4/armv6-m/libgcc.a(extendsfdf2.o)
 .debug_frame   0x0000000000002260       0x30 /Users/stevenparker/toolchains/gcc-arm-none-eabi-4_7-2013q2/bin/../lib/gcc/arm-none-eabi/4.7.4/armv6-m/libgcc.a(truncdfsf2.o)

.debug_str      0x0000000000000000     0x9851
 *(.debug_str)
 .debug_str     0x0000000000000000     0x2299 out/lpc1114.o
 .debug_str     0x0000000000002299     0x4e9c out/wiring_digital.o
                                       0x7273 (size before relaxing)
 .debug_str     0x0000000000007135       0xcb out/printf.o
                                       0x247d (size before relaxing)
 .debug_str     0x0000000000007200      0x19a out/wiring.o
                                       0x723f (size before relaxing)
 .debug_str     0x000000000000739a      0x31b out/sketch.o
                                       0x7400 (size before relaxing)
 .debug_str     0x00000000000076b5      0xb57 out/WString.o
                                       0x4de6 (size before relaxing)
 .debug_str     0x000000000000820c      0x4c8 out/HardwareSerial.o
                                       0x7e00 (size before relaxing)
 .debug_str     0x00000000000086d4        0x9 out/main.o
                                       0x70c9 (size before relaxing)
 .debug_str     0x00000000000086dd      0x3b3 out/Wire.o
                                       0x764d (size before relaxing)
 .debug_str     0x0000000000008a90       0xab out/new.o
                                       0x402d (size before relaxing)
 .debug_str     0x0000000000008b3b       0x8b out/Stream.o
                                       0x7be4 (size before relaxing)
 .debug_str     0x0000000000008bc6      0xc8b out/Print.o
                                       0x85ac (size before relaxing)

.debug_loc      0x0000000000000000     0x53b3
 *(.debug_loc)
 .debug_loc     0x0000000000000000       0x33 out/lpc1114.o
 .debug_loc     0x0000000000000033      0x1b9 out/wiring_digital.o
 .debug_loc     0x00000000000001ec      0x6d7 out/printf.o
 .debug_loc     0x00000000000008c3      0x171 out/wiring.o
 .debug_loc     0x0000000000000a34       0x60 out/sketch.o
 .debug_loc     0x0000000000000a94     0x23f7 out/WString.o
 .debug_loc     0x0000000000002e8b      0x22e out/HardwareSerial.o
 .debug_loc     0x00000000000030b9       0x20 out/main.o
 .debug_loc     0x00000000000030d9      0x4a6 out/Wire.o
 .debug_loc     0x000000000000357f      0x125 out/new.o
 .debug_loc     0x00000000000036a4      0x997 out/Stream.o
 .debug_loc     0x000000000000403b     0x1378 out/Print.o

.debug_macinfo
 *(.debug_macinfo)

.debug_weaknames
 *(.debug_weaknames)

.debug_funcnames
 *(.debug_funcnames)

.debug_typenames
 *(.debug_typenames)

.debug_varnames
 *(.debug_varnames)

.note.gnu.arm.ident
 *(.note.gnu.arm.ident)

.ARM.attributes
                0x0000000000000000       0x28
 *(.ARM.attributes)
 .ARM.attributes
                0x0000000000000000       0x1e /Users/stevenparker/toolchains/gcc-arm-none-eabi-4_7-2013q2/bin/../lib/gcc/arm-none-eabi/4.7.4/armv6-m/crti.o
 .ARM.attributes
                0x000000000000001e       0x2c /Users/stevenparker/toolchains/gcc-arm-none-eabi-4_7-2013q2/bin/../lib/gcc/arm-none-eabi/4.7.4/armv6-m/crtbegin.o
 .ARM.attributes
                0x000000000000004a       0x1c /Users/stevenparker/toolchains/gcc-arm-none-eabi-4_7-2013q2/bin/../lib/gcc/arm-none-eabi/4.7.4/../../../../arm-none-eabi/lib/armv6-m/crt0.o
 .ARM.attributes
                0x0000000000000066       0x31 out/lpc1114.o
 .ARM.attributes
                0x0000000000000097       0x31 out/wiring_digital.o
 .ARM.attributes
                0x00000000000000c8       0x31 out/printf.o
 .ARM.attributes
                0x00000000000000f9       0x31 out/wiring.o
 .ARM.attributes
                0x000000000000012a       0x31 out/sketch.o
 .ARM.attributes
                0x000000000000015b       0x31 out/WString.o
 .ARM.attributes
                0x000000000000018c       0x31 out/HardwareSerial.o
 .ARM.attributes
                0x00000000000001bd       0x31 out/main.o
 .ARM.attributes
                0x00000000000001ee       0x31 out/Wire.o
 .ARM.attributes
                0x000000000000021f       0x31 out/new.o
 .ARM.attributes
                0x0000000000000250       0x31 out/Stream.o
 .ARM.attributes
                0x0000000000000281       0x31 out/Print.o
 .ARM.attributes
                0x00000000000002b2       0x2c /Users/stevenparker/toolchains/gcc-arm-none-eabi-4_7-2013q2/bin/../lib/gcc/arm-none-eabi/4.7.4/../../../../arm-none-eabi/lib/armv6-m/libc.a(lib_a-__atexit.o)
 .ARM.attributes
                0x00000000000002de       0x2c /Users/stevenparker/toolchains/gcc-arm-none-eabi-4_7-2013q2/bin/../lib/gcc/arm-none-eabi/4.7.4/../../../../arm-none-eabi/lib/armv6-m/libc.a(lib_a-atof.o)
 .ARM.attributes
                0x000000000000030a       0x2c /Users/stevenparker/toolchains/gcc-arm-none-eabi-4_7-2013q2/bin/../lib/gcc/arm-none-eabi/4.7.4/../../../../arm-none-eabi/lib/armv6-m/libc.a(lib_a-atol.o)
 .ARM.attributes
                0x0000000000000336       0x2c /Users/stevenparker/toolchains/gcc-arm-none-eabi-4_7-2013q2/bin/../lib/gcc/arm-none-eabi/4.7.4/../../../../arm-none-eabi/lib/armv6-m/libc.a(lib_a-exit.o)
 .ARM.attributes
                0x0000000000000362       0x2c /Users/stevenparker/toolchains/gcc-arm-none-eabi-4_7-2013q2/bin/../lib/gcc/arm-none-eabi/4.7.4/../../../../arm-none-eabi/lib/armv6-m/libc.a(lib_a-fini.o)
 .ARM.attributes
                0x000000000000038e       0x2c /Users/stevenparker/toolchains/gcc-arm-none-eabi-4_7-2013q2/bin/../lib/gcc/arm-none-eabi/4.7.4/../../../../arm-none-eabi/lib/armv6-m/libc.a(lib_a-impure.o)
 .ARM.attributes
                0x00000000000003ba       0x2c /Users/stevenparker/toolchains/gcc-arm-none-eabi-4_7-2013q2/bin/../lib/gcc/arm-none-eabi/4.7.4/../../../../arm-none-eabi/lib/armv6-m/libc.a(lib_a-init.o)
 .ARM.attributes
                0x00000000000003e6       0x2c /Users/stevenparker/toolchains/gcc-arm-none-eabi-4_7-2013q2/bin/../lib/gcc/arm-none-eabi/4.7.4/../../../../arm-none-eabi/lib/armv6-m/libc.a(lib_a-isspace.o)
 .ARM.attributes
                0x0000000000000412       0x2c /Users/stevenparker/toolchains/gcc-arm-none-eabi-4_7-2013q2/bin/../lib/gcc/arm-none-eabi/4.7.4/../../../../arm-none-eabi/lib/armv6-m/libc.a(lib_a-malloc.o)
 .ARM.attributes
                0x000000000000043e       0x2c /Users/stevenparker/toolchains/gcc-arm-none-eabi-4_7-2013q2/bin/../lib/gcc/arm-none-eabi/4.7.4/../../../../arm-none-eabi/lib/armv6-m/libc.a(lib_a-mallocr.o)
 .ARM.attributes
                0x000000000000046a       0x2c /Users/stevenparker/toolchains/gcc-arm-none-eabi-4_7-2013q2/bin/../lib/gcc/arm-none-eabi/4.7.4/../../../../arm-none-eabi/lib/armv6-m/libc.a(lib_a-memcpy.o)
 .ARM.attributes
                0x0000000000000496       0x2c /Users/stevenparker/toolchains/gcc-arm-none-eabi-4_7-2013q2/bin/../lib/gcc/arm-none-eabi/4.7.4/../../../../arm-none-eabi/lib/armv6-m/libc.a(lib_a-memmove.o)
 .ARM.attributes
                0x00000000000004c2       0x2c /Users/stevenparker/toolchains/gcc-arm-none-eabi-4_7-2013q2/bin/../lib/gcc/arm-none-eabi/4.7.4/../../../../arm-none-eabi/lib/armv6-m/libc.a(lib_a-memset.o)
 .ARM.attributes
                0x00000000000004ee       0x2c /Users/stevenparker/toolchains/gcc-arm-none-eabi-4_7-2013q2/bin/../lib/gcc/arm-none-eabi/4.7.4/../../../../arm-none-eabi/lib/armv6-m/libc.a(lib_a-mlock.o)
 .ARM.attributes
                0x000000000000051a       0x2c /Users/stevenparker/toolchains/gcc-arm-none-eabi-4_7-2013q2/bin/../lib/gcc/arm-none-eabi/4.7.4/../../../../arm-none-eabi/lib/armv6-m/libc.a(lib_a-realloc.o)
 .ARM.attributes
                0x0000000000000546       0x2c /Users/stevenparker/toolchains/gcc-arm-none-eabi-4_7-2013q2/bin/../lib/gcc/arm-none-eabi/4.7.4/../../../../arm-none-eabi/lib/armv6-m/libc.a(lib_a-reallocr.o)
 .ARM.attributes
                0x0000000000000572       0x2c /Users/stevenparker/toolchains/gcc-arm-none-eabi-4_7-2013q2/bin/../lib/gcc/arm-none-eabi/4.7.4/../../../../arm-none-eabi/lib/armv6-m/libc.a(lib_a-s_fpclassify.o)
 .ARM.attributes
                0x000000000000059e       0x2c /Users/stevenparker/toolchains/gcc-arm-none-eabi-4_7-2013q2/bin/../lib/gcc/arm-none-eabi/4.7.4/../../../../arm-none-eabi/lib/armv6-m/libc.a(lib_a-sbrkr.o)
 .ARM.attributes
                0x00000000000005ca       0x2c /Users/stevenparker/toolchains/gcc-arm-none-eabi-4_7-2013q2/bin/../lib/gcc/arm-none-eabi/4.7.4/../../../../arm-none-eabi/lib/armv6-m/libc.a(lib_a-strchr.o)
 .ARM.attributes
                0x00000000000005f6       0x2c /Users/stevenparker/toolchains/gcc-arm-none-eabi-4_7-2013q2/bin/../lib/gcc/arm-none-eabi/4.7.4/../../../../arm-none-eabi/lib/armv6-m/libc.a(lib_a-strcmp.o)
 .ARM.attributes
                0x0000000000000622       0x2c /Users/stevenparker/toolchains/gcc-arm-none-eabi-4_7-2013q2/bin/../lib/gcc/arm-none-eabi/4.7.4/../../../../arm-none-eabi/lib/armv6-m/libc.a(lib_a-strcpy.o)
 .ARM.attributes
                0x000000000000064e       0x2c /Users/stevenparker/toolchains/gcc-arm-none-eabi-4_7-2013q2/bin/../lib/gcc/arm-none-eabi/4.7.4/../../../../arm-none-eabi/lib/armv6-m/libc.a(lib_a-strlen.o)
 .ARM.attributes
                0x000000000000067a       0x2c /Users/stevenparker/toolchains/gcc-arm-none-eabi-4_7-2013q2/bin/../lib/gcc/arm-none-eabi/4.7.4/../../../../arm-none-eabi/lib/armv6-m/libc.a(lib_a-strncmp.o)
 .ARM.attributes
                0x00000000000006a6       0x2c /Users/stevenparker/toolchains/gcc-arm-none-eabi-4_7-2013q2/bin/../lib/gcc/arm-none-eabi/4.7.4/../../../../arm-none-eabi/lib/armv6-m/libc.a(lib_a-strncpy.o)
 .ARM.attributes
                0x00000000000006d2       0x2c /Users/stevenparker/toolchains/gcc-arm-none-eabi-4_7-2013q2/bin/../lib/gcc/arm-none-eabi/4.7.4/../../../../arm-none-eabi/lib/armv6-m/libc.a(lib_a-strrchr.o)
 .ARM.attributes
                0x00000000000006fe       0x2c /Users/stevenparker/toolchains/gcc-arm-none-eabi-4_7-2013q2/bin/../lib/gcc/arm-none-eabi/4.7.4/../../../../arm-none-eabi/lib/armv6-m/libc.a(lib_a-strstr.o)
 .ARM.attributes
                0x000000000000072a       0x2c /Users/stevenparker/toolchains/gcc-arm-none-eabi-4_7-2013q2/bin/../lib/gcc/arm-none-eabi/4.7.4/../../../../arm-none-eabi/lib/armv6-m/libc.a(lib_a-strtod.o)
 .ARM.attributes
                0x0000000000000756       0x2c /Users/stevenparker/toolchains/gcc-arm-none-eabi-4_7-2013q2/bin/../lib/gcc/arm-none-eabi/4.7.4/../../../../arm-none-eabi/lib/armv6-m/libc.a(lib_a-strtol.o)
 .ARM.attributes
                0x0000000000000782       0x2c /Users/stevenparker/toolchains/gcc-arm-none-eabi-4_7-2013q2/bin/../lib/gcc/arm-none-eabi/4.7.4/../../../../arm-none-eabi/lib/armv6-m/libc.a(lib_a-tolower.o)
 .ARM.attributes
                0x00000000000007ae       0x2c /Users/stevenparker/toolchains/gcc-arm-none-eabi-4_7-2013q2/bin/../lib/gcc/arm-none-eabi/4.7.4/../../../../arm-none-eabi/lib/armv6-m/libc.a(lib_a-toupper.o)
 .ARM.attributes
                0x00000000000007da       0x2c /Users/stevenparker/toolchains/gcc-arm-none-eabi-4_7-2013q2/bin/../lib/gcc/arm-none-eabi/4.7.4/../../../../arm-none-eabi/lib/armv6-m/libc.a(lib_a-__call_atexit.o)
 .ARM.attributes
                0x0000000000000806       0x2c /Users/stevenparker/toolchains/gcc-arm-none-eabi-4_7-2013q2/bin/../lib/gcc/arm-none-eabi/4.7.4/../../../../arm-none-eabi/lib/armv6-m/libc.a(lib_a-atexit.o)
 .ARM.attributes
                0x0000000000000832       0x2c /Users/stevenparker/toolchains/gcc-arm-none-eabi-4_7-2013q2/bin/../lib/gcc/arm-none-eabi/4.7.4/../../../../arm-none-eabi/lib/armv6-m/libc.a(lib_a-ctype_.o)
 .ARM.attributes
                0x000000000000085e       0x2c /Users/stevenparker/toolchains/gcc-arm-none-eabi-4_7-2013q2/bin/../lib/gcc/arm-none-eabi/4.7.4/../../../../arm-none-eabi/lib/armv6-m/libc.a(lib_a-freer.o)
 .ARM.attributes
                0x000000000000088a       0x2c /Users/stevenparker/toolchains/gcc-arm-none-eabi-4_7-2013q2/bin/../lib/gcc/arm-none-eabi/4.7.4/../../../../arm-none-eabi/lib/armv6-m/libc.a(lib_a-gdtoa-gethex.o)
 .ARM.attributes
                0x00000000000008b6       0x2c /Users/stevenparker/toolchains/gcc-arm-none-eabi-4_7-2013q2/bin/../lib/gcc/arm-none-eabi/4.7.4/../../../../arm-none-eabi/lib/armv6-m/libc.a(lib_a-gdtoa-hexnan.o)
 .ARM.attributes
                0x00000000000008e2       0x2c /Users/stevenparker/toolchains/gcc-arm-none-eabi-4_7-2013q2/bin/../lib/gcc/arm-none-eabi/4.7.4/../../../../arm-none-eabi/lib/armv6-m/libc.a(lib_a-locale.o)
 .ARM.attributes
                0x000000000000090e       0x2c /Users/stevenparker/toolchains/gcc-arm-none-eabi-4_7-2013q2/bin/../lib/gcc/arm-none-eabi/4.7.4/../../../../arm-none-eabi/lib/armv6-m/libc.a(lib_a-memchr.o)
 .ARM.attributes
                0x000000000000093a       0x2c /Users/stevenparker/toolchains/gcc-arm-none-eabi-4_7-2013q2/bin/../lib/gcc/arm-none-eabi/4.7.4/../../../../arm-none-eabi/lib/armv6-m/libc.a(lib_a-memcmp.o)
 .ARM.attributes
                0x0000000000000966       0x2c /Users/stevenparker/toolchains/gcc-arm-none-eabi-4_7-2013q2/bin/../lib/gcc/arm-none-eabi/4.7.4/../../../../arm-none-eabi/lib/armv6-m/libc.a(lib_a-mprec.o)
 .ARM.attributes
                0x0000000000000992       0x2c /Users/stevenparker/toolchains/gcc-arm-none-eabi-4_7-2013q2/bin/../lib/gcc/arm-none-eabi/4.7.4/../../../../arm-none-eabi/lib/armv6-m/libc.a(lib_a-reent.o)
 .ARM.attributes
                0x00000000000009be       0x2c /Users/stevenparker/toolchains/gcc-arm-none-eabi-4_7-2013q2/bin/../lib/gcc/arm-none-eabi/4.7.4/../../../../arm-none-eabi/lib/armv6-m/libc.a(lib_a-sf_nan.o)
 .ARM.attributes
                0x00000000000009ea       0x2c /Users/stevenparker/toolchains/gcc-arm-none-eabi-4_7-2013q2/bin/../lib/gcc/arm-none-eabi/4.7.4/../../../../arm-none-eabi/lib/armv6-m/libc.a(lib_a-callocr.o)
 .ARM.attributes
                0x0000000000000a16       0x2c /Users/stevenparker/toolchains/gcc-arm-none-eabi-4_7-2013q2/bin/../lib/gcc/arm-none-eabi/4.7.4/../../../../arm-none-eabi/lib/armv6-m/libnosys.a(sbrk.o)
 .ARM.attributes
                0x0000000000000a42       0x2c /Users/stevenparker/toolchains/gcc-arm-none-eabi-4_7-2013q2/bin/../lib/gcc/arm-none-eabi/4.7.4/../../../../arm-none-eabi/lib/armv6-m/libnosys.a(_exit.o)
 .ARM.attributes
                0x0000000000000a6e       0x1e /Users/stevenparker/toolchains/gcc-arm-none-eabi-4_7-2013q2/bin/../lib/gcc/arm-none-eabi/4.7.4/armv6-m/libgcc.a(_thumb1_case_uqi.o)
 .ARM.attributes
                0x0000000000000a8c       0x1e /Users/stevenparker/toolchains/gcc-arm-none-eabi-4_7-2013q2/bin/../lib/gcc/arm-none-eabi/4.7.4/armv6-m/libgcc.a(_udivsi3.o)
 .ARM.attributes
                0x0000000000000aaa       0x1e /Users/stevenparker/toolchains/gcc-arm-none-eabi-4_7-2013q2/bin/../lib/gcc/arm-none-eabi/4.7.4/armv6-m/libgcc.a(_divsi3.o)
 .ARM.attributes
                0x0000000000000ac8       0x1e /Users/stevenparker/toolchains/gcc-arm-none-eabi-4_7-2013q2/bin/../lib/gcc/arm-none-eabi/4.7.4/armv6-m/libgcc.a(_dvmd_tls.o)
 .ARM.attributes
                0x0000000000000ae6       0x1e /Users/stevenparker/toolchains/gcc-arm-none-eabi-4_7-2013q2/bin/../lib/gcc/arm-none-eabi/4.7.4/armv6-m/libgcc.a(_arm_cmpdf2.o)
 .ARM.attributes
                0x0000000000000b04       0x2c /Users/stevenparker/toolchains/gcc-arm-none-eabi-4_7-2013q2/bin/../lib/gcc/arm-none-eabi/4.7.4/armv6-m/libgcc.a(_fixunsdfsi.o)
 .ARM.attributes
                0x0000000000000b30       0x2c /Users/stevenparker/toolchains/gcc-arm-none-eabi-4_7-2013q2/bin/../lib/gcc/arm-none-eabi/4.7.4/armv6-m/libgcc.a(mulsf3.o)
 .ARM.attributes
                0x0000000000000b5c       0x2c /Users/stevenparker/toolchains/gcc-arm-none-eabi-4_7-2013q2/bin/../lib/gcc/arm-none-eabi/4.7.4/armv6-m/libgcc.a(floatsisf.o)
 .ARM.attributes
                0x0000000000000b88       0x2c /Users/stevenparker/toolchains/gcc-arm-none-eabi-4_7-2013q2/bin/../lib/gcc/arm-none-eabi/4.7.4/armv6-m/libgcc.a(adddf3.o)
 .ARM.attributes
                0x0000000000000bb4       0x2c /Users/stevenparker/toolchains/gcc-arm-none-eabi-4_7-2013q2/bin/../lib/gcc/arm-none-eabi/4.7.4/armv6-m/libgcc.a(divdf3.o)
 .ARM.attributes
                0x0000000000000be0       0x2c /Users/stevenparker/toolchains/gcc-arm-none-eabi-4_7-2013q2/bin/../lib/gcc/arm-none-eabi/4.7.4/armv6-m/libgcc.a(eqdf2.o)
 .ARM.attributes
                0x0000000000000c0c       0x2c /Users/stevenparker/toolchains/gcc-arm-none-eabi-4_7-2013q2/bin/../lib/gcc/arm-none-eabi/4.7.4/armv6-m/libgcc.a(gedf2.o)
 .ARM.attributes
                0x0000000000000c38       0x2c /Users/stevenparker/toolchains/gcc-arm-none-eabi-4_7-2013q2/bin/../lib/gcc/arm-none-eabi/4.7.4/armv6-m/libgcc.a(ledf2.o)
 .ARM.attributes
                0x0000000000000c64       0x2c /Users/stevenparker/toolchains/gcc-arm-none-eabi-4_7-2013q2/bin/../lib/gcc/arm-none-eabi/4.7.4/armv6-m/libgcc.a(muldf3.o)
 .ARM.attributes
                0x0000000000000c90       0x2c /Users/stevenparker/toolchains/gcc-arm-none-eabi-4_7-2013q2/bin/../lib/gcc/arm-none-eabi/4.7.4/armv6-m/libgcc.a(subdf3.o)
 .ARM.attributes
                0x0000000000000cbc       0x2c /Users/stevenparker/toolchains/gcc-arm-none-eabi-4_7-2013q2/bin/../lib/gcc/arm-none-eabi/4.7.4/armv6-m/libgcc.a(fixdfsi.o)
 .ARM.attributes
                0x0000000000000ce8       0x2c /Users/stevenparker/toolchains/gcc-arm-none-eabi-4_7-2013q2/bin/../lib/gcc/arm-none-eabi/4.7.4/armv6-m/libgcc.a(floatsidf.o)
 .ARM.attributes
                0x0000000000000d14       0x2c /Users/stevenparker/toolchains/gcc-arm-none-eabi-4_7-2013q2/bin/../lib/gcc/arm-none-eabi/4.7.4/armv6-m/libgcc.a(floatunsidf.o)
 .ARM.attributes
                0x0000000000000d40       0x2c /Users/stevenparker/toolchains/gcc-arm-none-eabi-4_7-2013q2/bin/../lib/gcc/arm-none-eabi/4.7.4/armv6-m/libgcc.a(extendsfdf2.o)
 .ARM.attributes
                0x0000000000000d6c       0x2c /Users/stevenparker/toolchains/gcc-arm-none-eabi-4_7-2013q2/bin/../lib/gcc/arm-none-eabi/4.7.4/armv6-m/libgcc.a(truncdfsf2.o)
 .ARM.attributes
                0x0000000000000d98       0x1e /Users/stevenparker/toolchains/gcc-arm-none-eabi-4_7-2013q2/bin/../lib/gcc/arm-none-eabi/4.7.4/armv6-m/libgcc.a(_clzsi2.o)
 .ARM.attributes
                0x0000000000000db6       0x2c /Users/stevenparker/toolchains/gcc-arm-none-eabi-4_7-2013q2/bin/../lib/gcc/arm-none-eabi/4.7.4/armv6-m/crtend.o
 .ARM.attributes
                0x0000000000000de2       0x1e /Users/stevenparker/toolchains/gcc-arm-none-eabi-4_7-2013q2/bin/../lib/gcc/arm-none-eabi/4.7.4/armv6-m/crtn.o

/DISCARD/
 *(.note.GNU-stack)
                0x0000000000001510                PROVIDE (__text_size, (__text_end - __text_start))
                0x0000000000000000                PROVIDE (__exidx_size, (__exidx_end - __exidx_start))
                0x000000000000083c                PROVIDE (__data_size, (__data_end - __data_start))
                0x00000000000002dc                PROVIDE (__bss_size, (__bss_end - __bss_start))
                0x0000000000000400                PROVIDE (__stack_size, (__stack_end - __stack_start))
                0x00000000000000e8                PROVIDE (__heap_size, (__heap_end - __heap_start))
OUTPUT(out/project.elf elf32-littlearm)

.debug_ranges   0x0000000000000000      0xae8
 .debug_ranges  0x0000000000000000       0x18 out/lpc1114.o
 .debug_ranges  0x0000000000000018       0x20 out/wiring_digital.o
 .debug_ranges  0x0000000000000038       0x58 out/printf.o
 .debug_ranges  0x0000000000000090       0x68 out/wiring.o
 .debug_ranges  0x00000000000000f8       0x20 out/sketch.o
 .debug_ranges  0x0000000000000118      0x498 out/WString.o
 .debug_ranges  0x00000000000005b0       0x80 out/HardwareSerial.o
 .debug_ranges  0x0000000000000630       0x10 out/main.o
 .debug_ranges  0x0000000000000640       0xd0 out/Wire.o
 .debug_ranges  0x0000000000000710       0x40 out/new.o
 .debug_ranges  0x0000000000000750      0x138 out/Stream.o
 .debug_ranges  0x0000000000000888      0x260 out/Print.o

.debug_macro    0x0000000000000000     0x3361
 .debug_macro   0x0000000000000000       0x11 out/lpc1114.o
 .debug_macro   0x0000000000000011      0x7f6 out/lpc1114.o
 .debug_macro   0x0000000000000807      0x1ee out/wiring_digital.o
 .debug_macro   0x00000000000009f5       0x3a out/wiring_digital.o
 .debug_macro   0x0000000000000a2f       0x10 out/wiring_digital.o
 .debug_macro   0x0000000000000a3f       0x2e out/wiring_digital.o
 .debug_macro   0x0000000000000a6d       0xa2 out/wiring_digital.o
 .debug_macro   0x0000000000000b0f      0x20e out/wiring_digital.o
 .debug_macro   0x0000000000000d1d      0x154 out/wiring_digital.o
 .debug_macro   0x0000000000000e71       0x10 out/wiring_digital.o
 .debug_macro   0x0000000000000e81       0x82 out/wiring_digital.o
 .debug_macro   0x0000000000000f03      0x447 out/wiring_digital.o
 .debug_macro   0x000000000000134a       0x10 out/wiring_digital.o
 .debug_macro   0x000000000000135a       0x89 out/wiring_digital.o
 .debug_macro   0x00000000000013e3       0x10 out/wiring_digital.o
 .debug_macro   0x00000000000013f3       0x3a out/wiring_digital.o
 .debug_macro   0x000000000000142d       0x52 out/wiring_digital.o
 .debug_macro   0x000000000000147f       0x19 out/wiring_digital.o
 .debug_macro   0x0000000000001498      0x16d out/wiring_digital.o
 .debug_macro   0x0000000000001605       0x10 out/wiring_digital.o
 .debug_macro   0x0000000000001615       0x85 out/wiring_digital.o
 .debug_macro   0x000000000000169a       0x22 out/wiring_digital.o
 .debug_macro   0x00000000000016bc       0x91 out/wiring_digital.o
 .debug_macro   0x000000000000174d       0x16 out/wiring_digital.o
 .debug_macro   0x0000000000001763      0x16d out/wiring_digital.o
 .debug_macro   0x00000000000018d0       0x10 out/wiring_digital.o
 .debug_macro   0x00000000000018e0       0x35 out/wiring_digital.o
 .debug_macro   0x0000000000001915       0x16 out/wiring_digital.o
 .debug_macro   0x000000000000192b       0x23 out/wiring_digital.o
 .debug_macro   0x000000000000194e       0x10 out/wiring_digital.o
 .debug_macro   0x000000000000195e       0x1c out/wiring_digital.o
 .debug_macro   0x000000000000197a       0x52 out/wiring_digital.o
 .debug_macro   0x00000000000019cc       0x1c out/wiring_digital.o
 .debug_macro   0x00000000000019e8       0x52 out/wiring_digital.o
 .debug_macro   0x0000000000001a3a       0x10 out/wiring_digital.o
 .debug_macro   0x0000000000001a4a      0x1dd out/wiring_digital.o
 .debug_macro   0x0000000000001c27       0x1c out/wiring_digital.o
 .debug_macro   0x0000000000001c43       0x29 out/printf.o
 .debug_macro   0x0000000000001c6c       0x58 out/printf.o
 .debug_macro   0x0000000000001cc4      0x1f7 out/wiring.o
 .debug_macro   0x0000000000001ebb      0x200 out/sketch.o
 .debug_macro   0x00000000000020bb       0x10 out/sketch.o
 .debug_macro   0x00000000000020cb      0x125 out/WString.o
 .debug_macro   0x00000000000021f0      0x100 out/WString.o
 .debug_macro   0x00000000000022f0       0x29 out/WString.o
 .debug_macro   0x0000000000002319       0x12 out/WString.o
 .debug_macro   0x000000000000232b      0x20c out/HardwareSerial.o
 .debug_macro   0x0000000000002537       0x16 out/HardwareSerial.o
 .debug_macro   0x000000000000254d      0x214 out/HardwareSerial.o
 .debug_macro   0x0000000000002761      0x1db out/main.o
 .debug_macro   0x000000000000293c      0x2be out/Wire.o
 .debug_macro   0x0000000000002bfa       0x12 out/Wire.o
 .debug_macro   0x0000000000002c0c       0xd1 out/new.o
 .debug_macro   0x0000000000002cdd      0x1e1 out/Stream.o
 .debug_macro   0x0000000000002ebe       0xf5 out/Stream.o
 .debug_macro   0x0000000000002fb3      0x1e2 out/Print.o
 .debug_macro   0x0000000000003195      0x1cc out/Print.o

.comment        0x0000000000000000       0x70
 .comment       0x0000000000000000       0x70 out/lpc1114.o
                                         0x71 (size before relaxing)
 .comment       0x0000000000000000       0x71 out/wiring_digital.o
 .comment       0x0000000000000000       0x71 out/printf.o
 .comment       0x0000000000000000       0x71 out/wiring.o
 .comment       0x0000000000000000       0x71 out/sketch.o
 .comment       0x0000000000000000       0x71 out/WString.o
 .comment       0x0000000000000000       0x71 out/HardwareSerial.o
 .comment       0x0000000000000000       0x71 out/main.o
 .comment       0x0000000000000000       0x71 out/Wire.o
 .comment       0x0000000000000000       0x71 out/new.o
 .comment       0x0000000000000000       0x71 out/Stream.o
 .comment       0x0000000000000000       0x71 out/Print.o

Cross Reference Table

Symbol                                            File
HardwareSerial::HardwareSerial()                  out/HardwareSerial.o
HardwareSerial::HardwareSerial()                  out/HardwareSerial.o
HardwareSerial::available()                       out/HardwareSerial.o
                                                  out/sketch.o
HardwareSerial::begin(unsigned long)              out/HardwareSerial.o
                                                  out/sketch.o
HardwareSerial::end()                             out/HardwareSerial.o
HardwareSerial::flush()                           out/HardwareSerial.o
HardwareSerial::operator bool()                   out/HardwareSerial.o
HardwareSerial::peek()                            out/HardwareSerial.o
HardwareSerial::read()                            out/HardwareSerial.o
                                                  out/sketch.o
HardwareSerial::write(unsigned char)              out/HardwareSerial.o
I2CCount                                          out/Wire.o
I2CEngine()                                       out/Wire.o
I2CInit(unsigned long)                            out/Wire.o
I2CMasterBuffer                                   out/Wire.o
I2CMasterState                                    out/Wire.o
I2CMode                                           out/Wire.o
I2CReadLength                                     out/Wire.o
I2CSlaveBuffer                                    out/Wire.o
I2CSlaveState                                     out/Wire.o
I2CWriteLength                                    out/Wire.o
I2C_IRQHandler()                                  out/Wire.o
                                                  out/lpc1114.o
Print::print(Printable const&)                    out/Print.o
Print::print(String const&)                       out/Print.o
Print::print(char const*)                         out/Print.o
                                                  out/sketch.o
Print::print(char)                                out/Print.o
                                                  out/sketch.o
Print::print(double, int)                         out/Print.o
Print::print(int, int)                            out/Print.o
Print::print(long, int)                           out/Print.o
Print::print(unsigned char, int)                  out/Print.o
                                                  out/sketch.o
Print::print(unsigned int, int)                   out/Print.o
Print::print(unsigned long, int)                  out/Print.o
Print::printFloat(double, unsigned char)          out/Print.o
Print::printNumber(unsigned long, unsigned char)  out/Print.o
Print::println()                                  out/Print.o
Print::println(Printable const&)                  out/Print.o
Print::println(String const&)                     out/Print.o
Print::println(char const*)                       out/Print.o
                                                  out/sketch.o
Print::println(char)                              out/Print.o
Print::println(double, int)                       out/Print.o
Print::println(int, int)                          out/Print.o
Print::println(long, int)                         out/Print.o
Print::println(unsigned char, int)                out/Print.o
Print::println(unsigned int, int)                 out/Print.o
Print::println(unsigned long, int)                out/Print.o
Print::write(char const*)                         out/Print.o
Print::write(unsigned char const*, unsigned int)  out/Print.o
                                                  out/HardwareSerial.o
RdIndex                                           out/Wire.o
Serial                                            out/HardwareSerial.o
                                                  out/sketch.o
Stream::find(char*)                               out/Stream.o
Stream::find(char*, unsigned int)                 out/Stream.o
Stream::findUntil(char*, char*)                   out/Stream.o
Stream::findUntil(char*, unsigned int, char*, unsigned int) out/Stream.o
Stream::parseFloat()                              out/Stream.o
Stream::parseFloat(char)                          out/Stream.o
Stream::parseInt()                                out/Stream.o
Stream::parseInt(char)                            out/Stream.o
Stream::peekNextDigit()                           out/Stream.o
Stream::readBytes(char*, unsigned int)            out/Stream.o
Stream::readBytesUntil(char, char*, unsigned int) out/Stream.o
Stream::readString()                              out/Stream.o
Stream::readStringUntil(char)                     out/Stream.o
Stream::setTimeout(unsigned long)                 out/Stream.o
Stream::timedPeek()                               out/Stream.o
Stream::timedRead()                               out/Stream.o
String::String(String const&)                     out/WString.o
String::String(String const&)                     out/WString.o
String::String(char const*)                       out/WString.o
String::String(char const*)                       out/WString.o
                                                  out/Stream.o
String::String(char)                              out/WString.o
String::String(char)                              out/WString.o
String::String(int, unsigned char)                out/WString.o
String::String(int, unsigned char)                out/WString.o
String::String(long, unsigned char)               out/WString.o
String::String(long, unsigned char)               out/WString.o
String::String(unsigned char, unsigned char)      out/WString.o
String::String(unsigned char, unsigned char)      out/WString.o
String::String(unsigned int, unsigned char)       out/WString.o
String::String(unsigned int, unsigned char)       out/WString.o
String::String(unsigned long, unsigned char)      out/WString.o
String::String(unsigned long, unsigned char)      out/WString.o
String::changeBuffer(unsigned int)                out/WString.o
String::charAt(unsigned int) const                out/WString.o
String::compareTo(String const&) const            out/WString.o
String::concat(String const&)                     out/WString.o
String::concat(char const*)                       out/WString.o
String::concat(char const*, unsigned int)         out/WString.o
String::concat(char)                              out/WString.o
                                                  out/Stream.o
String::concat(double)                            out/WString.o
String::concat(float)                             out/WString.o
String::concat(int)                               out/WString.o
String::concat(long)                              out/WString.o
String::concat(unsigned char)                     out/WString.o
String::concat(unsigned int)                      out/WString.o
String::concat(unsigned long)                     out/WString.o
String::copy(char const*, unsigned int)           out/WString.o
String::endsWith(String const&) const             out/WString.o
String::equals(String const&) const               out/WString.o
String::equals(char const*) const                 out/WString.o
String::equalsIgnoreCase(String const&) const     out/WString.o
String::getBytes(unsigned char*, unsigned int, unsigned int) const out/WString.o
String::indexOf(String const&) const              out/WString.o
String::indexOf(String const&, unsigned int) const out/WString.o
String::indexOf(char) const                       out/WString.o
String::indexOf(char, unsigned int) const         out/WString.o
String::invalidate()                              out/WString.o
String::lastIndexOf(String const&) const          out/WString.o
String::lastIndexOf(String const&, unsigned int) const out/WString.o
String::lastIndexOf(char) const                   out/WString.o
String::lastIndexOf(char, unsigned int) const     out/WString.o
String::operator<(String const&) const            out/WString.o
String::operator<=(String const&) const           out/WString.o
String::operator=(String const&)                  out/WString.o
String::operator=(char const*)                    out/WString.o
String::operator>(String const&) const            out/WString.o
String::operator>=(String const&) const           out/WString.o
String::operator[](unsigned int)                  out/WString.o
String::operator[](unsigned int) const            out/WString.o
                                                  out/Print.o
String::remove(unsigned int)                      out/WString.o
String::remove(unsigned int, unsigned int)        out/WString.o
String::replace(String const&, String const&)     out/WString.o
String::replace(char, char)                       out/WString.o
String::reserve(unsigned int)                     out/WString.o
String::setCharAt(unsigned int, char)             out/WString.o
String::startsWith(String const&) const           out/WString.o
String::startsWith(String const&, unsigned int) const out/WString.o
String::substring(unsigned int) const             out/WString.o
String::substring(unsigned int, unsigned int) const out/WString.o
String::toFloat() const                           out/WString.o
String::toInt() const                             out/WString.o
String::toLowerCase()                             out/WString.o
String::toUpperCase()                             out/WString.o
String::trim()                                    out/WString.o
String::~String()                                 out/WString.o
String::~String()                                 out/WString.o
TIMER0_OVF_vect()                                 out/wiring.o
                                                  out/lpc1114.o
TwoWire::TwoWire()                                out/Wire.o
TwoWire::TwoWire()                                out/Wire.o
TwoWire::begin()                                  out/Wire.o
                                                  out/sketch.o
TwoWire::beginTransmission(int)                   out/Wire.o
TwoWire::beginTransmission(unsigned char)         out/Wire.o
                                                  out/sketch.o
TwoWire::endTransmission()                        out/Wire.o
                                                  out/sketch.o
TwoWire::endTransmission(unsigned char)           out/Wire.o
TwoWire::read()                                   out/Wire.o
                                                  out/sketch.o
TwoWire::requestFrom(int, int)                    out/Wire.o
                                                  out/sketch.o
TwoWire::requestFrom(int, int, int)               out/Wire.o
TwoWire::requestFrom(unsigned char, unsigned char) out/Wire.o
TwoWire::requestFrom(unsigned char, unsigned char, unsigned char) out/Wire.o
TwoWire::write(unsigned char)                     out/Wire.o
UART_IRQHandler()                                 out/HardwareSerial.o
                                                  out/lpc1114.o
Wire                                              out/Wire.o
                                                  out/sketch.o
WrIndex                                           out/Wire.o
_Balloc                                           /Users/stevenparker/toolchains/gcc-arm-none-eabi-4_7-2013q2/bin/../lib/gcc/arm-none-eabi/4.7.4/../../../../arm-none-eabi/lib/armv6-m/libc.a(lib_a-mprec.o)
                                                  /Users/stevenparker/toolchains/gcc-arm-none-eabi-4_7-2013q2/bin/../lib/gcc/arm-none-eabi/4.7.4/../../../../arm-none-eabi/lib/armv6-m/libc.a(lib_a-gdtoa-gethex.o)
                                                  /Users/stevenparker/toolchains/gcc-arm-none-eabi-4_7-2013q2/bin/../lib/gcc/arm-none-eabi/4.7.4/../../../../arm-none-eabi/lib/armv6-m/libc.a(lib_a-strtod.o)
_Bfree                                            /Users/stevenparker/toolchains/gcc-arm-none-eabi-4_7-2013q2/bin/../lib/gcc/arm-none-eabi/4.7.4/../../../../arm-none-eabi/lib/armv6-m/libc.a(lib_a-mprec.o)
                                                  /Users/stevenparker/toolchains/gcc-arm-none-eabi-4_7-2013q2/bin/../lib/gcc/arm-none-eabi/4.7.4/../../../../arm-none-eabi/lib/armv6-m/libc.a(lib_a-gdtoa-gethex.o)
                                                  /Users/stevenparker/toolchains/gcc-arm-none-eabi-4_7-2013q2/bin/../lib/gcc/arm-none-eabi/4.7.4/../../../../arm-none-eabi/lib/armv6-m/libc.a(lib_a-strtod.o)
_Jv_RegisterClasses                               /Users/stevenparker/toolchains/gcc-arm-none-eabi-4_7-2013q2/bin/../lib/gcc/arm-none-eabi/4.7.4/armv6-m/crtbegin.o
_PathLocale                                       /Users/stevenparker/toolchains/gcc-arm-none-eabi-4_7-2013q2/bin/../lib/gcc/arm-none-eabi/4.7.4/../../../../arm-none-eabi/lib/armv6-m/libc.a(lib_a-locale.o)
__aeabi_cdcmpeq                                   /Users/stevenparker/toolchains/gcc-arm-none-eabi-4_7-2013q2/bin/../lib/gcc/arm-none-eabi/4.7.4/armv6-m/libgcc.a(_arm_cmpdf2.o)
__aeabi_cdcmple                                   /Users/stevenparker/toolchains/gcc-arm-none-eabi-4_7-2013q2/bin/../lib/gcc/arm-none-eabi/4.7.4/armv6-m/libgcc.a(_arm_cmpdf2.o)
__aeabi_cdrcmple                                  /Users/stevenparker/toolchains/gcc-arm-none-eabi-4_7-2013q2/bin/../lib/gcc/arm-none-eabi/4.7.4/armv6-m/libgcc.a(_arm_cmpdf2.o)
__aeabi_d2f                                       /Users/stevenparker/toolchains/gcc-arm-none-eabi-4_7-2013q2/bin/../lib/gcc/arm-none-eabi/4.7.4/armv6-m/libgcc.a(truncdfsf2.o)
                                                  /Users/stevenparker/toolchains/gcc-arm-none-eabi-4_7-2013q2/bin/../lib/gcc/arm-none-eabi/4.7.4/../../../../arm-none-eabi/lib/armv6-m/libc.a(lib_a-strtod.o)
                                                  out/Stream.o
                                                  out/WString.o
__aeabi_d2iz                                      /Users/stevenparker/toolchains/gcc-arm-none-eabi-4_7-2013q2/bin/../lib/gcc/arm-none-eabi/4.7.4/armv6-m/libgcc.a(fixdfsi.o)
                                                  /Users/stevenparker/toolchains/gcc-arm-none-eabi-4_7-2013q2/bin/../lib/gcc/arm-none-eabi/4.7.4/armv6-m/libgcc.a(_fixunsdfsi.o)
                                                  /Users/stevenparker/toolchains/gcc-arm-none-eabi-4_7-2013q2/bin/../lib/gcc/arm-none-eabi/4.7.4/../../../../arm-none-eabi/lib/armv6-m/libc.a(lib_a-strtod.o)
                                                  out/Print.o
__aeabi_d2uiz                                     /Users/stevenparker/toolchains/gcc-arm-none-eabi-4_7-2013q2/bin/../lib/gcc/arm-none-eabi/4.7.4/armv6-m/libgcc.a(_fixunsdfsi.o)
                                                  /Users/stevenparker/toolchains/gcc-arm-none-eabi-4_7-2013q2/bin/../lib/gcc/arm-none-eabi/4.7.4/../../../../arm-none-eabi/lib/armv6-m/libc.a(lib_a-strtod.o)
                                                  out/Print.o
__aeabi_dadd                                      /Users/stevenparker/toolchains/gcc-arm-none-eabi-4_7-2013q2/bin/../lib/gcc/arm-none-eabi/4.7.4/armv6-m/libgcc.a(adddf3.o)
                                                  /Users/stevenparker/toolchains/gcc-arm-none-eabi-4_7-2013q2/bin/../lib/gcc/arm-none-eabi/4.7.4/../../../../arm-none-eabi/lib/armv6-m/libc.a(lib_a-strtod.o)
                                                  out/Print.o
__aeabi_dcmpeq                                    /Users/stevenparker/toolchains/gcc-arm-none-eabi-4_7-2013q2/bin/../lib/gcc/arm-none-eabi/4.7.4/armv6-m/libgcc.a(_arm_cmpdf2.o)
                                                  /Users/stevenparker/toolchains/gcc-arm-none-eabi-4_7-2013q2/bin/../lib/gcc/arm-none-eabi/4.7.4/../../../../arm-none-eabi/lib/armv6-m/libc.a(lib_a-strtod.o)
__aeabi_dcmpge                                    /Users/stevenparker/toolchains/gcc-arm-none-eabi-4_7-2013q2/bin/../lib/gcc/arm-none-eabi/4.7.4/armv6-m/libgcc.a(_arm_cmpdf2.o)
                                                  /Users/stevenparker/toolchains/gcc-arm-none-eabi-4_7-2013q2/bin/../lib/gcc/arm-none-eabi/4.7.4/armv6-m/libgcc.a(_fixunsdfsi.o)
__aeabi_dcmpgt                                    /Users/stevenparker/toolchains/gcc-arm-none-eabi-4_7-2013q2/bin/../lib/gcc/arm-none-eabi/4.7.4/armv6-m/libgcc.a(_arm_cmpdf2.o)
                                                  /Users/stevenparker/toolchains/gcc-arm-none-eabi-4_7-2013q2/bin/../lib/gcc/arm-none-eabi/4.7.4/../../../../arm-none-eabi/lib/armv6-m/libc.a(lib_a-strtod.o)
                                                  out/Print.o
__aeabi_dcmple                                    /Users/stevenparker/toolchains/gcc-arm-none-eabi-4_7-2013q2/bin/../lib/gcc/arm-none-eabi/4.7.4/armv6-m/libgcc.a(_arm_cmpdf2.o)
                                                  /Users/stevenparker/toolchains/gcc-arm-none-eabi-4_7-2013q2/bin/../lib/gcc/arm-none-eabi/4.7.4/../../../../arm-none-eabi/lib/armv6-m/libc.a(lib_a-strtod.o)
__aeabi_dcmplt                                    /Users/stevenparker/toolchains/gcc-arm-none-eabi-4_7-2013q2/bin/../lib/gcc/arm-none-eabi/4.7.4/armv6-m/libgcc.a(_arm_cmpdf2.o)
                                                  /Users/stevenparker/toolchains/gcc-arm-none-eabi-4_7-2013q2/bin/../lib/gcc/arm-none-eabi/4.7.4/../../../../arm-none-eabi/lib/armv6-m/libc.a(lib_a-strtod.o)
                                                  out/Print.o
__aeabi_ddiv                                      /Users/stevenparker/toolchains/gcc-arm-none-eabi-4_7-2013q2/bin/../lib/gcc/arm-none-eabi/4.7.4/armv6-m/libgcc.a(divdf3.o)
                                                  /Users/stevenparker/toolchains/gcc-arm-none-eabi-4_7-2013q2/bin/../lib/gcc/arm-none-eabi/4.7.4/../../../../arm-none-eabi/lib/armv6-m/libc.a(lib_a-mprec.o)
                                                  /Users/stevenparker/toolchains/gcc-arm-none-eabi-4_7-2013q2/bin/../lib/gcc/arm-none-eabi/4.7.4/../../../../arm-none-eabi/lib/armv6-m/libc.a(lib_a-strtod.o)
                                                  out/Print.o
__aeabi_dmul                                      /Users/stevenparker/toolchains/gcc-arm-none-eabi-4_7-2013q2/bin/../lib/gcc/arm-none-eabi/4.7.4/armv6-m/libgcc.a(muldf3.o)
                                                  /Users/stevenparker/toolchains/gcc-arm-none-eabi-4_7-2013q2/bin/../lib/gcc/arm-none-eabi/4.7.4/../../../../arm-none-eabi/lib/armv6-m/libc.a(lib_a-mprec.o)
                                                  /Users/stevenparker/toolchains/gcc-arm-none-eabi-4_7-2013q2/bin/../lib/gcc/arm-none-eabi/4.7.4/../../../../arm-none-eabi/lib/armv6-m/libc.a(lib_a-strtod.o)
                                                  out/Print.o
                                                  out/Stream.o
__aeabi_dsub                                      /Users/stevenparker/toolchains/gcc-arm-none-eabi-4_7-2013q2/bin/../lib/gcc/arm-none-eabi/4.7.4/armv6-m/libgcc.a(subdf3.o)
                                                  /Users/stevenparker/toolchains/gcc-arm-none-eabi-4_7-2013q2/bin/../lib/gcc/arm-none-eabi/4.7.4/armv6-m/libgcc.a(_fixunsdfsi.o)
                                                  /Users/stevenparker/toolchains/gcc-arm-none-eabi-4_7-2013q2/bin/../lib/gcc/arm-none-eabi/4.7.4/../../../../arm-none-eabi/lib/armv6-m/libc.a(lib_a-strtod.o)
                                                  out/Print.o
__aeabi_f2d                                       /Users/stevenparker/toolchains/gcc-arm-none-eabi-4_7-2013q2/bin/../lib/gcc/arm-none-eabi/4.7.4/armv6-m/libgcc.a(extendsfdf2.o)
                                                  out/Stream.o
__aeabi_fmul                                      /Users/stevenparker/toolchains/gcc-arm-none-eabi-4_7-2013q2/bin/../lib/gcc/arm-none-eabi/4.7.4/armv6-m/libgcc.a(mulsf3.o)
                                                  out/Stream.o
__aeabi_i2d                                       /Users/stevenparker/toolchains/gcc-arm-none-eabi-4_7-2013q2/bin/../lib/gcc/arm-none-eabi/4.7.4/armv6-m/libgcc.a(floatsidf.o)
                                                  /Users/stevenparker/toolchains/gcc-arm-none-eabi-4_7-2013q2/bin/../lib/gcc/arm-none-eabi/4.7.4/../../../../arm-none-eabi/lib/armv6-m/libc.a(lib_a-strtod.o)
                                                  out/Print.o
__aeabi_i2f                                       /Users/stevenparker/toolchains/gcc-arm-none-eabi-4_7-2013q2/bin/../lib/gcc/arm-none-eabi/4.7.4/armv6-m/libgcc.a(floatsisf.o)
                                                  out/Stream.o
__aeabi_idiv                                      /Users/stevenparker/toolchains/gcc-arm-none-eabi-4_7-2013q2/bin/../lib/gcc/arm-none-eabi/4.7.4/armv6-m/libgcc.a(_divsi3.o)
                                                  /Users/stevenparker/toolchains/gcc-arm-none-eabi-4_7-2013q2/bin/../lib/gcc/arm-none-eabi/4.7.4/../../../../arm-none-eabi/lib/armv6-m/libc.a(lib_a-mprec.o)
__aeabi_idiv0                                     /Users/stevenparker/toolchains/gcc-arm-none-eabi-4_7-2013q2/bin/../lib/gcc/arm-none-eabi/4.7.4/armv6-m/libgcc.a(_dvmd_tls.o)
                                                  /Users/stevenparker/toolchains/gcc-arm-none-eabi-4_7-2013q2/bin/../lib/gcc/arm-none-eabi/4.7.4/armv6-m/libgcc.a(_divsi3.o)
                                                  /Users/stevenparker/toolchains/gcc-arm-none-eabi-4_7-2013q2/bin/../lib/gcc/arm-none-eabi/4.7.4/armv6-m/libgcc.a(_udivsi3.o)
__aeabi_idivmod                                   /Users/stevenparker/toolchains/gcc-arm-none-eabi-4_7-2013q2/bin/../lib/gcc/arm-none-eabi/4.7.4/armv6-m/libgcc.a(_divsi3.o)
__aeabi_ldiv0                                     /Users/stevenparker/toolchains/gcc-arm-none-eabi-4_7-2013q2/bin/../lib/gcc/arm-none-eabi/4.7.4/armv6-m/libgcc.a(_dvmd_tls.o)
__aeabi_ui2d                                      /Users/stevenparker/toolchains/gcc-arm-none-eabi-4_7-2013q2/bin/../lib/gcc/arm-none-eabi/4.7.4/armv6-m/libgcc.a(floatunsidf.o)
                                                  /Users/stevenparker/toolchains/gcc-arm-none-eabi-4_7-2013q2/bin/../lib/gcc/arm-none-eabi/4.7.4/../../../../arm-none-eabi/lib/armv6-m/libc.a(lib_a-strtod.o)
                                                  out/Print.o
__aeabi_uidiv                                     /Users/stevenparker/toolchains/gcc-arm-none-eabi-4_7-2013q2/bin/../lib/gcc/arm-none-eabi/4.7.4/armv6-m/libgcc.a(_udivsi3.o)
                                                  /Users/stevenparker/toolchains/gcc-arm-none-eabi-4_7-2013q2/bin/../lib/gcc/arm-none-eabi/4.7.4/armv6-m/libgcc.a(divdf3.o)
                                                  /Users/stevenparker/toolchains/gcc-arm-none-eabi-4_7-2013q2/bin/../lib/gcc/arm-none-eabi/4.7.4/../../../../arm-none-eabi/lib/armv6-m/libc.a(lib_a-strtol.o)
                                                  out/Print.o
                                                  out/HardwareSerial.o
                                                  out/printf.o
__aeabi_uidivmod                                  /Users/stevenparker/toolchains/gcc-arm-none-eabi-4_7-2013q2/bin/../lib/gcc/arm-none-eabi/4.7.4/armv6-m/libgcc.a(_udivsi3.o)
                                                  /Users/stevenparker/toolchains/gcc-arm-none-eabi-4_7-2013q2/bin/../lib/gcc/arm-none-eabi/4.7.4/armv6-m/libgcc.a(divdf3.o)